
 /----------------------------------------------------------------------------\
 |                                                                            |
 |  yosys -- Yosys Open SYnthesis Suite                                       |
 |                                                                            |
 |  Copyright (C) 2012 - 2019  Clifford Wolf <clifford@clifford.at>           |
 |                                                                            |
 |  Permission to use, copy, modify, and/or distribute this software for any  |
 |  purpose with or without fee is hereby granted, provided that the above    |
 |  copyright notice and this permission notice appear in all copies.         |
 |                                                                            |
 |  THE SOFTWARE IS PROVIDED "AS IS" AND THE AUTHOR DISCLAIMS ALL WARRANTIES  |
 |  WITH REGARD TO THIS SOFTWARE INCLUDING ALL IMPLIED WARRANTIES OF          |
 |  MERCHANTABILITY AND FITNESS. IN NO EVENT SHALL THE AUTHOR BE LIABLE FOR   |
 |  ANY SPECIAL, DIRECT, INDIRECT, OR CONSEQUENTIAL DAMAGES OR ANY DAMAGES    |
 |  WHATSOEVER RESULTING FROM LOSS OF USE, DATA OR PROFITS, WHETHER IN AN     |
 |  ACTION OF CONTRACT, NEGLIGENCE OR OTHER TORTIOUS ACTION, ARISING OUT OF   |
 |  OR IN CONNECTION WITH THE USE OR PERFORMANCE OF THIS SOFTWARE.            |
 |                                                                            |
 \----------------------------------------------------------------------------/

 Yosys 0.9 (git sha1 1979e0b)


-- Running command `read_verilog -sv /mnt/toshiba4tb/workspace/projects/picorv32/picorv32.v /mnt/toshiba4tb/workspace/projects/picorv32/opt/rtl/ksa.v /mnt/toshiba4tb/workspace/projects/picorv32/opt/rtl/vedic_mul_32.v /mnt/toshiba4tb/workspace/projects/picorv32/opt/rtl/picorv32_pcpi_vedic_mul.v ; prep -top picorv32 ; check -assert ; stat' --

1. Executing Verilog-2005 frontend: /mnt/toshiba4tb/workspace/projects/picorv32/picorv32.v
Parsing SystemVerilog input from `/mnt/toshiba4tb/workspace/projects/picorv32/picorv32.v' to AST representation.
Generating RTLIL representation for module `\picorv32'.
Generating RTLIL representation for module `\picorv32_regs'.
Generating RTLIL representation for module `\picorv32_pcpi_mul'.
Generating RTLIL representation for module `\picorv32_pcpi_fast_mul'.
Generating RTLIL representation for module `\picorv32_pcpi_div'.
Generating RTLIL representation for module `\picorv32_axi'.
Generating RTLIL representation for module `\picorv32_axi_adapter'.
Generating RTLIL representation for module `\picorv32_wb'.
Successfully finished Verilog frontend.

2. Executing Verilog-2005 frontend: /mnt/toshiba4tb/workspace/projects/picorv32/opt/rtl/ksa.v
Parsing SystemVerilog input from `/mnt/toshiba4tb/workspace/projects/picorv32/opt/rtl/ksa.v' to AST representation.
Generating RTLIL representation for module `\ksa'.
Successfully finished Verilog frontend.

3. Executing Verilog-2005 frontend: /mnt/toshiba4tb/workspace/projects/picorv32/opt/rtl/vedic_mul_32.v
Parsing SystemVerilog input from `/mnt/toshiba4tb/workspace/projects/picorv32/opt/rtl/vedic_mul_32.v' to AST representation.
Generating RTLIL representation for module `\vedic_mul_2x2'.
Generating RTLIL representation for module `\vedic_mul_4x4'.
Generating RTLIL representation for module `\vedic_mul_8x8'.
Generating RTLIL representation for module `\vedic_mul_16x16'.
Generating RTLIL representation for module `\vedic_mul_32x32'.
Successfully finished Verilog frontend.

4. Executing Verilog-2005 frontend: /mnt/toshiba4tb/workspace/projects/picorv32/opt/rtl/picorv32_pcpi_vedic_mul.v
Parsing SystemVerilog input from `/mnt/toshiba4tb/workspace/projects/picorv32/opt/rtl/picorv32_pcpi_vedic_mul.v' to AST representation.
Generating RTLIL representation for module `\picorv32_pcpi_vedic_mul'.
Successfully finished Verilog frontend.

5. Executing PREP pass.

5.1. Executing HIERARCHY pass (managing design hierarchy).

5.1.1. Analyzing design hierarchy..
Top module:  \picorv32

5.1.2. Analyzing design hierarchy..
Top module:  \picorv32
Removing unused module `\picorv32_pcpi_vedic_mul'.
Removing unused module `\vedic_mul_32x32'.
Removing unused module `\vedic_mul_16x16'.
Removing unused module `\vedic_mul_8x8'.
Removing unused module `\vedic_mul_4x4'.
Removing unused module `\vedic_mul_2x2'.
Removing unused module `\ksa'.
Removing unused module `\picorv32_wb'.
Removing unused module `\picorv32_axi_adapter'.
Removing unused module `\picorv32_axi'.
Removing unused module `\picorv32_pcpi_div'.
Removing unused module `\picorv32_pcpi_fast_mul'.
Removing unused module `\picorv32_pcpi_mul'.
Removing unused module `\picorv32_regs'.
Removed 14 unused modules.

5.2. Executing PROC pass (convert processes to netlists).

5.2.1. Executing PROC_CLEAN pass (remove empty switches from decision trees).
Found and cleaned up 1 empty switch in `\picorv32.$proc$/mnt/toshiba4tb/workspace/projects/picorv32/picorv32.v:208$691'.
Removing empty process `picorv32.$proc$/mnt/toshiba4tb/workspace/projects/picorv32/picorv32.v:208$691'.
Found and cleaned up 17 empty switches in `\picorv32.$proc$/mnt/toshiba4tb/workspace/projects/picorv32/picorv32.v:1435$505'.
Found and cleaned up 1 empty switch in `\picorv32.$proc$/mnt/toshiba4tb/workspace/projects/picorv32/picorv32.v:1381$489'.
Found and cleaned up 6 empty switches in `\picorv32.$proc$/mnt/toshiba4tb/workspace/projects/picorv32/picorv32.v:561$128'.
Removing empty process `picorv32.$proc$/mnt/toshiba4tb/workspace/projects/picorv32/picorv32.v:561$128'.
Cleaned up 25 empty switches.

5.2.2. Executing PROC_RMDEAD pass (remove dead branches from decision trees).
Marked 34 switch rules as full_case in process $proc$/mnt/toshiba4tb/workspace/projects/picorv32/picorv32.v:1435$505 in module picorv32.
Marked 2 switch rules as full_case in process $proc$/mnt/toshiba4tb/workspace/projects/picorv32/picorv32.v:1342$471 in module picorv32.
Marked 2 switch rules as full_case in process $proc$/mnt/toshiba4tb/workspace/projects/picorv32/picorv32.v:1328$466 in module picorv32.
Marked 8 switch rules as full_case in process $proc$/mnt/toshiba4tb/workspace/projects/picorv32/picorv32.v:1201$431 in module picorv32.
Marked 3 switch rules as full_case in process $proc$/mnt/toshiba4tb/workspace/projects/picorv32/picorv32.v:873$168 in module picorv32.
Marked 3 switch rules as full_case in process $proc$/mnt/toshiba4tb/workspace/projects/picorv32/picorv32.v:824$166 in module picorv32.
Marked 2 switch rules as full_case in process $proc$/mnt/toshiba4tb/workspace/projects/picorv32/picorv32.v:793$162 in module picorv32.
Marked 48 switch rules as full_case in process $proc$/mnt/toshiba4tb/workspace/projects/picorv32/picorv32.v:716$161 in module picorv32.
Marked 4 switch rules as full_case in process $proc$/mnt/toshiba4tb/workspace/projects/picorv32/picorv32.v:580$137 in module picorv32.
Marked 1 switch rules as full_case in process $proc$/mnt/toshiba4tb/workspace/projects/picorv32/picorv32.v:445$97 in module picorv32.
Removed 2 dead cases from process $proc$/mnt/toshiba4tb/workspace/projects/picorv32/picorv32.v:416$94 in module picorv32.
Marked 2 switch rules as full_case in process $proc$/mnt/toshiba4tb/workspace/projects/picorv32/picorv32.v:416$94 in module picorv32.
Marked 1 switch rules as full_case in process $proc$/mnt/toshiba4tb/workspace/projects/picorv32/picorv32.v:405$89 in module picorv32.
Marked 1 switch rules as full_case in process $proc$/mnt/toshiba4tb/workspace/projects/picorv32/picorv32.v:340$15 in module picorv32.
Removed a total of 2 dead cases.

5.2.3. Executing PROC_INIT pass (extract init attributes).

5.2.4. Executing PROC_ARST pass (detect async resets in processes).

5.2.5. Executing PROC_MUX pass (convert decision trees to multiplexers).
Creating decoders for process `\picorv32.$proc$/mnt/toshiba4tb/workspace/projects/picorv32/picorv32.v:1435$505'.
     1/89: $17\next_irq_pending[2:2]
     2/89: $16\next_irq_pending[2:2]
     3/89: $15\next_irq_pending[2:2]
     4/89: $14\next_irq_pending[2:2]
     5/89: $13\next_irq_pending[2:2]
     6/89: $12\next_irq_pending[2:2]
     7/89: $11\next_irq_pending[2:2]
     8/89: $2\next_irq_pending[31:0] [31:2]
     9/89: $3\set_mem_do_rdata[0:0]
    10/89: $2\next_irq_pending[31:0] [1]
    11/89: $3\set_mem_do_wdata[0:0]
    12/89: $2\next_irq_pending[31:0] [0]
    13/89: $4\set_mem_do_rinst[0:0]
    14/89: $3\set_mem_do_rinst[0:0]
    15/89: $4\set_mem_do_wdata[0:0]
    16/89: $9\next_irq_pending[1:1]
    17/89: $8\next_irq_pending[1:1]
    18/89: $7\next_irq_pending[1:1]
    19/89: $4\set_mem_do_rdata[0:0]
    20/89: $5\next_irq_pending[1:1]
    21/89: $4\next_irq_pending[1:1]
    22/89: $10\next_irq_pending[1:1]
    23/89: $5\set_mem_do_rinst[0:0]
    24/89: $6\next_irq_pending[1:1]
    25/89: $3\next_irq_pending[31:0]
    26/89: $3\current_pc[31:0]
    27/89: $2\current_pc[31:0]
    28/89: $2\set_mem_do_wdata[0:0]
    29/89: $2\set_mem_do_rdata[0:0]
    30/89: $2\set_mem_do_rinst[0:0]
    31/89: $1\next_irq_pending[31:0]
    32/89: $1\current_pc[31:0]
    33/89: $1\set_mem_do_wdata[0:0]
    34/89: $1\set_mem_do_rdata[0:0]
    35/89: $1\set_mem_do_rinst[0:0]
    36/89: $0\current_pc[31:0]
    37/89: $0\irq_pending[31:0]
    38/89: $0\next_irq_pending[31:0] [2]
    39/89: { $0\next_irq_pending[31:0] [31:3] $0\next_irq_pending[31:0] [1:0] }
    40/89: $0\set_mem_do_wdata[0:0]
    41/89: $0\set_mem_do_rdata[0:0]
    42/89: $0\set_mem_do_rinst[0:0]
    43/89: $0\trace_valid[0:0]
    44/89: $0\do_waitirq[0:0]
    45/89: $0\decoder_pseudo_trigger_q[0:0]
    46/89: $0\decoder_pseudo_trigger[0:0]
    47/89: $0\decoder_trigger_q[0:0]
    48/89: $0\decoder_trigger[0:0]
    49/89: $0\alu_wait_2[0:0]
    50/89: $0\alu_wait[0:0]
    51/89: $0\alu_out_q[31:0]
    52/89: $0\alu_out_0_q[0:0]
    53/89: $0\reg_out[31:0]
    54/89: $0\reg_sh[4:0]
    55/89: $0\trap[0:0]
    56/89: $0\pcpi_timeout[0:0]
    57/89: $0\latched_rd[4:0]
    58/89: $0\latched_is_lb[0:0]
    59/89: $0\latched_is_lh[0:0]
    60/89: $0\latched_is_lu[0:0]
    61/89: $0\latched_trace[0:0]
    62/89: $0\latched_compr[0:0]
    63/89: $0\latched_branch[0:0]
    64/89: $0\latched_stalu[0:0]
    65/89: $0\latched_store[0:0]
    66/89: $0\irq_state[1:0]
    67/89: $0\cpu_state[7:0]
    68/89: $0\dbg_rs2val_valid[0:0]
    69/89: $0\dbg_rs1val_valid[0:0]
    70/89: $0\dbg_rs2val[31:0]
    71/89: $0\dbg_rs1val[31:0]
    72/89: $0\mem_do_wdata[0:0]
    73/89: $0\mem_do_rdata[0:0]
    74/89: $0\mem_do_rinst[0:0]
    75/89: $0\mem_do_prefetch[0:0]
    76/89: $0\mem_wordsize[1:0]
    77/89: $0\timer[31:0]
    78/89: $0\irq_mask[31:0]
    79/89: $0\irq_active[0:0]
    80/89: $0\irq_delay[0:0]
    81/89: $0\reg_op2[31:0]
    82/89: $0\reg_op1[31:0]
    83/89: $0\reg_next_pc[31:0]
    84/89: $0\reg_pc[31:0]
    85/89: $0\count_instr[63:0]
    86/89: $0\count_cycle[63:0]
    87/89: $0\trace_data[35:0]
    88/89: $0\eoi[31:0]
    89/89: $0\pcpi_valid[0:0]
Creating decoders for process `\picorv32.$proc$/mnt/toshiba4tb/workspace/projects/picorv32/picorv32.v:1381$489'.
     1/5: $1\cpuregs_rs2[31:0]
     2/5: $1\cpuregs_rs1[31:0]
     3/5: $0\cpuregs_rs2[31:0]
     4/5: $0\cpuregs_rs1[31:0]
     5/5: $0\decoded_rs[4:0]
Creating decoders for process `\picorv32.$proc$/mnt/toshiba4tb/workspace/projects/picorv32/picorv32.v:1370$483'.
     1/3: $0$memwr$\cpuregs$/mnt/toshiba4tb/workspace/projects/picorv32/picorv32.v:1377$14_EN[31:0]$486
     2/3: $0$memwr$\cpuregs$/mnt/toshiba4tb/workspace/projects/picorv32/picorv32.v:1377$14_DATA[31:0]$485
     3/3: $0$memwr$\cpuregs$/mnt/toshiba4tb/workspace/projects/picorv32/picorv32.v:1377$14_ADDR[4:0]$484
Creating decoders for process `\picorv32.$proc$/mnt/toshiba4tb/workspace/projects/picorv32/picorv32.v:1342$471'.
     1/6: $2\cpuregs_write[0:0]
     2/6: $2\cpuregs_wrdata[31:0]
     3/6: $1\cpuregs_wrdata[31:0]
     4/6: $1\cpuregs_write[0:0]
     5/6: $0\cpuregs_wrdata[31:0]
     6/6: $0\cpuregs_write[0:0]
Creating decoders for process `\picorv32.$proc$/mnt/toshiba4tb/workspace/projects/picorv32/picorv32.v:1328$466'.
     1/3: $2\clear_prefetched_high_word[0:0]
     2/3: $1\clear_prefetched_high_word[0:0]
     3/3: $0\clear_prefetched_high_word[0:0]
Creating decoders for process `\picorv32.$proc$/mnt/toshiba4tb/workspace/projects/picorv32/picorv32.v:1326$465'.
     1/1: $0\clear_prefetched_high_word_q[0:0]
Creating decoders for process `\picorv32.$proc$/mnt/toshiba4tb/workspace/projects/picorv32/picorv32.v:1282$443'.
     1/4: $1\alu_out[31:0]
     2/4: $1\alu_out_0[0:0]
     3/4: $0\alu_out[31:0]
     4/4: $0\alu_out_0[0:0]
Creating decoders for process `\picorv32.$proc$/mnt/toshiba4tb/workspace/projects/picorv32/picorv32.v:1201$431'.
     1/9: $8\dbg_ascii_state[127:0]
     2/9: $7\dbg_ascii_state[127:0]
     3/9: $6\dbg_ascii_state[127:0]
     4/9: $5\dbg_ascii_state[127:0]
     5/9: $4\dbg_ascii_state[127:0]
     6/9: $3\dbg_ascii_state[127:0]
     7/9: $2\dbg_ascii_state[127:0]
     8/9: $1\dbg_ascii_state[127:0]
     9/9: $0\dbg_ascii_state[127:0]
Creating decoders for process `\picorv32.$proc$/mnt/toshiba4tb/workspace/projects/picorv32/picorv32.v:873$168'.
     1/81: $0\decoded_rs1[4:0] [4]
     2/81: $0\decoded_imm_j[31:0] [10]
     3/81: $0\decoded_imm_j[31:0] [7]
     4/81: $0\decoded_imm_j[31:0] [6]
     5/81: $0\decoded_imm_j[31:0] [3:1]
     6/81: $0\decoded_imm_j[31:0] [5]
     7/81: $0\decoded_imm_j[31:0] [9:8]
     8/81: $0\decoded_imm_j[31:0] [31:20]
     9/81: $0\decoded_imm_j[31:0] [4]
    10/81: $0\decoded_imm_j[31:0] [11]
    11/81: $0\decoded_imm_j[31:0] [0]
    12/81: $0\decoded_rs1[4:0] [3:0]
    13/81: $0\is_lbu_lhu_lw[0:0]
    14/81: $0\is_sltiu_bltu_sltu[0:0]
    15/81: $0\is_slti_blt_slt[0:0]
    16/81: $0\is_lui_auipc_jal_jalr_addi_add_sub[0:0]
    17/81: $0\is_lui_auipc_jal[0:0]
    18/81: $0\is_alu_reg_reg[0:0]
    19/81: $0\is_alu_reg_imm[0:0]
    20/81: $0\is_beq_bne_blt_bge_bltu_bgeu[0:0]
    21/81: $0\is_sll_srl_sra[0:0]
    22/81: $0\is_sb_sh_sw[0:0]
    23/81: $0\is_jalr_addi_slti_sltiu_xori_ori_andi[0:0]
    24/81: $0\is_slli_srli_srai[0:0]
    25/81: $0\is_lb_lh_lw_lbu_lhu[0:0]
    26/81: $0\compressed_instr[0:0]
    27/81: $0\is_compare[0:0]
    28/81: $0\decoded_imm[31:0]
    29/81: $0\decoded_rs2[4:0]
    30/81: $0\decoded_imm_j[31:0] [19:12]
    31/81: $0\decoded_rd[4:0]
    32/81: $0\instr_timer[0:0]
    33/81: $0\instr_waitirq[0:0]
    34/81: $0\instr_maskirq[0:0]
    35/81: $0\instr_retirq[0:0]
    36/81: $0\instr_setq[0:0]
    37/81: $0\instr_getq[0:0]
    38/81: $0\instr_fence[0:0]
    39/81: $0\instr_ecall_ebreak[0:0]
    40/81: $0\instr_rdinstrh[0:0]
    41/81: $0\instr_rdinstr[0:0]
    42/81: $0\instr_rdcycleh[0:0]
    43/81: $0\instr_rdcycle[0:0]
    44/81: $0\instr_and[0:0]
    45/81: $0\instr_or[0:0]
    46/81: $0\instr_sra[0:0]
    47/81: $0\instr_srl[0:0]
    48/81: $0\instr_xor[0:0]
    49/81: $0\instr_sltu[0:0]
    50/81: $0\instr_slt[0:0]
    51/81: $0\instr_sll[0:0]
    52/81: $0\instr_sub[0:0]
    53/81: $0\instr_add[0:0]
    54/81: $0\instr_srai[0:0]
    55/81: $0\instr_srli[0:0]
    56/81: $0\instr_slli[0:0]
    57/81: $0\instr_andi[0:0]
    58/81: $0\instr_ori[0:0]
    59/81: $0\instr_xori[0:0]
    60/81: $0\instr_sltiu[0:0]
    61/81: $0\instr_slti[0:0]
    62/81: $0\instr_addi[0:0]
    63/81: $0\instr_sw[0:0]
    64/81: $0\instr_sh[0:0]
    65/81: $0\instr_sb[0:0]
    66/81: $0\instr_lhu[0:0]
    67/81: $0\instr_lbu[0:0]
    68/81: $0\instr_lw[0:0]
    69/81: $0\instr_lh[0:0]
    70/81: $0\instr_lb[0:0]
    71/81: $0\instr_bgeu[0:0]
    72/81: $0\instr_bltu[0:0]
    73/81: $0\instr_bge[0:0]
    74/81: $0\instr_blt[0:0]
    75/81: $0\instr_bne[0:0]
    76/81: $0\instr_beq[0:0]
    77/81: $0\instr_jalr[0:0]
    78/81: $0\instr_jal[0:0]
    79/81: $0\instr_auipc[0:0]
    80/81: $0\instr_lui[0:0]
    81/81: $0\pcpi_insn[31:0]
Creating decoders for process `\picorv32.$proc$/mnt/toshiba4tb/workspace/projects/picorv32/picorv32.v:824$166'.
     1/19: $3\dbg_insn_opcode[31:0]
     2/19: $2\dbg_insn_rd[4:0]
     3/19: $2\dbg_insn_rs2[4:0]
     4/19: $2\dbg_insn_rs1[4:0]
     5/19: $2\dbg_insn_opcode[31:0]
     6/19: $2\dbg_insn_imm[31:0]
     7/19: $2\dbg_ascii_instr[63:0]
     8/19: $1\dbg_insn_rd[4:0]
     9/19: $1\dbg_insn_rs2[4:0]
    10/19: $1\dbg_insn_rs1[4:0]
    11/19: $1\dbg_insn_imm[31:0]
    12/19: $1\dbg_ascii_instr[63:0]
    13/19: $1\dbg_insn_opcode[31:0]
    14/19: $0\dbg_insn_rd[4:0]
    15/19: $0\dbg_insn_rs2[4:0]
    16/19: $0\dbg_insn_rs1[4:0]
    17/19: $0\dbg_insn_imm[31:0]
    18/19: $0\dbg_ascii_instr[63:0]
    19/19: $0\dbg_insn_opcode[31:0]
Creating decoders for process `\picorv32.$proc$/mnt/toshiba4tb/workspace/projects/picorv32/picorv32.v:793$162'.
     1/15: $0\dbg_next[0:0]
     2/15: $0\q_insn_rd[4:0]
     3/15: $0\q_insn_rs2[4:0]
     4/15: $0\q_insn_rs1[4:0]
     5/15: $0\q_insn_opcode[31:0]
     6/15: $0\q_insn_imm[31:0]
     7/15: $0\q_ascii_instr[63:0]
     8/15: $0\cached_insn_rd[4:0]
     9/15: $0\cached_insn_rs2[4:0]
    10/15: $0\cached_insn_rs1[4:0]
    11/15: $0\cached_insn_opcode[31:0]
    12/15: $0\cached_insn_imm[31:0]
    13/15: $0\cached_ascii_instr[63:0]
    14/15: $0\dbg_valid_insn[0:0]
    15/15: $0\dbg_insn_addr[31:0]
Creating decoders for process `\picorv32.$proc$/mnt/toshiba4tb/workspace/projects/picorv32/picorv32.v:716$161'.
     1/49: $48\new_ascii_instr[63:0]
     2/49: $47\new_ascii_instr[63:0]
     3/49: $46\new_ascii_instr[63:0]
     4/49: $45\new_ascii_instr[63:0]
     5/49: $44\new_ascii_instr[63:0]
     6/49: $43\new_ascii_instr[63:0]
     7/49: $42\new_ascii_instr[63:0]
     8/49: $41\new_ascii_instr[63:0]
     9/49: $40\new_ascii_instr[63:0]
    10/49: $39\new_ascii_instr[63:0]
    11/49: $38\new_ascii_instr[63:0]
    12/49: $37\new_ascii_instr[63:0]
    13/49: $36\new_ascii_instr[63:0]
    14/49: $35\new_ascii_instr[63:0]
    15/49: $34\new_ascii_instr[63:0]
    16/49: $33\new_ascii_instr[63:0]
    17/49: $32\new_ascii_instr[63:0]
    18/49: $31\new_ascii_instr[63:0]
    19/49: $30\new_ascii_instr[63:0]
    20/49: $29\new_ascii_instr[63:0]
    21/49: $28\new_ascii_instr[63:0]
    22/49: $27\new_ascii_instr[63:0]
    23/49: $26\new_ascii_instr[63:0]
    24/49: $25\new_ascii_instr[63:0]
    25/49: $24\new_ascii_instr[63:0]
    26/49: $23\new_ascii_instr[63:0]
    27/49: $22\new_ascii_instr[63:0]
    28/49: $21\new_ascii_instr[63:0]
    29/49: $20\new_ascii_instr[63:0]
    30/49: $19\new_ascii_instr[63:0]
    31/49: $18\new_ascii_instr[63:0]
    32/49: $17\new_ascii_instr[63:0]
    33/49: $16\new_ascii_instr[63:0]
    34/49: $15\new_ascii_instr[63:0]
    35/49: $14\new_ascii_instr[63:0]
    36/49: $13\new_ascii_instr[63:0]
    37/49: $12\new_ascii_instr[63:0]
    38/49: $11\new_ascii_instr[63:0]
    39/49: $10\new_ascii_instr[63:0]
    40/49: $9\new_ascii_instr[63:0]
    41/49: $8\new_ascii_instr[63:0]
    42/49: $7\new_ascii_instr[63:0]
    43/49: $6\new_ascii_instr[63:0]
    44/49: $5\new_ascii_instr[63:0]
    45/49: $4\new_ascii_instr[63:0]
    46/49: $3\new_ascii_instr[63:0]
    47/49: $2\new_ascii_instr[63:0]
    48/49: $1\new_ascii_instr[63:0]
    49/49: $0\new_ascii_instr[63:0]
Creating decoders for process `\picorv32.$proc$/mnt/toshiba4tb/workspace/projects/picorv32/picorv32.v:580$137'.
     1/9: $0\mem_16bit_buffer[15:0]
     2/9: $0\prefetched_high_word[0:0]
     3/9: $0\mem_la_secondword[0:0]
     4/9: $0\mem_state[1:0]
     5/9: $0\mem_wstrb[3:0]
     6/9: $0\mem_wdata[31:0]
     7/9: $0\mem_addr[31:0]
     8/9: $0\mem_instr[0:0]
     9/9: $0\mem_valid[0:0]
Creating decoders for process `\picorv32.$proc$/mnt/toshiba4tb/workspace/projects/picorv32/picorv32.v:1272$678'.
     1/6: $0\alu_shr[31:0]
     2/6: $0\alu_shl[31:0]
     3/6: $0\alu_ltu[0:0]
     4/6: $0\alu_lts[0:0]
     5/6: $0\alu_eq[0:0]
     6/6: $0\alu_add_sub[31:0]
Creating decoders for process `\picorv32.$proc$/mnt/toshiba4tb/workspace/projects/picorv32/picorv32.v:445$97'.
     1/9: $0\mem_rdata_q[31:0] [31]
     2/9: $0\mem_rdata_q[31:0] [7]
     3/9: $0\mem_rdata_q[31:0] [24:20]
     4/9: $0\mem_rdata_q[31:0] [19:15]
     5/9: $0\mem_rdata_q[31:0] [6:0]
     6/9: $0\mem_rdata_q[31:0] [14:12]
     7/9: $0\mem_rdata_q[31:0] [11:8]
     8/9: $0\mem_rdata_q[31:0] [30:25]
     9/9: $0\next_insn_opcode[31:0]
Creating decoders for process `\picorv32.$proc$/mnt/toshiba4tb/workspace/projects/picorv32/picorv32.v:416$94'.
     1/8: $3\mem_rdata_word[31:0]
     2/8: $2\mem_rdata_word[31:0]
     3/8: $1\mem_rdata_word[31:0]
     4/8: $1\mem_la_wstrb[3:0]
     5/8: $1\mem_la_wdata[31:0]
     6/8: $0\mem_rdata_word[31:0]
     7/8: $0\mem_la_wstrb[3:0]
     8/8: $0\mem_la_wdata[31:0]
Creating decoders for process `\picorv32.$proc$/mnt/toshiba4tb/workspace/projects/picorv32/picorv32.v:405$89'.
     1/2: $0\last_mem_valid[0:0]
     2/2: $0\mem_la_firstword_reg[0:0]
Creating decoders for process `\picorv32.$proc$/mnt/toshiba4tb/workspace/projects/picorv32/picorv32.v:340$15'.
     1/6: $1\pcpi_int_rd[31:0]
     2/6: $1\pcpi_int_wr[0:0]
     3/6: $0\pcpi_int_rd[31:0]
     4/6: $0\pcpi_int_wr[0:0]
     5/6: $0\pcpi_int_ready[0:0]
     6/6: $0\pcpi_int_wait[0:0]

5.2.6. Executing PROC_DLATCH pass (convert process syncs to latches).
No latch inferred for signal `\picorv32.\cpuregs_rs1' from process `\picorv32.$proc$/mnt/toshiba4tb/workspace/projects/picorv32/picorv32.v:1381$489'.
No latch inferred for signal `\picorv32.\cpuregs_rs2' from process `\picorv32.$proc$/mnt/toshiba4tb/workspace/projects/picorv32/picorv32.v:1381$489'.
No latch inferred for signal `\picorv32.\decoded_rs' from process `\picorv32.$proc$/mnt/toshiba4tb/workspace/projects/picorv32/picorv32.v:1381$489'.
No latch inferred for signal `\picorv32.\cpuregs_write' from process `\picorv32.$proc$/mnt/toshiba4tb/workspace/projects/picorv32/picorv32.v:1342$471'.
No latch inferred for signal `\picorv32.\cpuregs_wrdata' from process `\picorv32.$proc$/mnt/toshiba4tb/workspace/projects/picorv32/picorv32.v:1342$471'.
No latch inferred for signal `\picorv32.\clear_prefetched_high_word' from process `\picorv32.$proc$/mnt/toshiba4tb/workspace/projects/picorv32/picorv32.v:1328$466'.
No latch inferred for signal `\picorv32.\alu_out' from process `\picorv32.$proc$/mnt/toshiba4tb/workspace/projects/picorv32/picorv32.v:1282$443'.
No latch inferred for signal `\picorv32.\alu_out_0' from process `\picorv32.$proc$/mnt/toshiba4tb/workspace/projects/picorv32/picorv32.v:1282$443'.
No latch inferred for signal `\picorv32.\dbg_ascii_state' from process `\picorv32.$proc$/mnt/toshiba4tb/workspace/projects/picorv32/picorv32.v:1201$431'.
No latch inferred for signal `\picorv32.\dbg_insn_opcode' from process `\picorv32.$proc$/mnt/toshiba4tb/workspace/projects/picorv32/picorv32.v:824$166'.
No latch inferred for signal `\picorv32.\dbg_ascii_instr' from process `\picorv32.$proc$/mnt/toshiba4tb/workspace/projects/picorv32/picorv32.v:824$166'.
No latch inferred for signal `\picorv32.\dbg_insn_imm' from process `\picorv32.$proc$/mnt/toshiba4tb/workspace/projects/picorv32/picorv32.v:824$166'.
No latch inferred for signal `\picorv32.\dbg_insn_rs1' from process `\picorv32.$proc$/mnt/toshiba4tb/workspace/projects/picorv32/picorv32.v:824$166'.
No latch inferred for signal `\picorv32.\dbg_insn_rs2' from process `\picorv32.$proc$/mnt/toshiba4tb/workspace/projects/picorv32/picorv32.v:824$166'.
No latch inferred for signal `\picorv32.\dbg_insn_rd' from process `\picorv32.$proc$/mnt/toshiba4tb/workspace/projects/picorv32/picorv32.v:824$166'.
No latch inferred for signal `\picorv32.\new_ascii_instr' from process `\picorv32.$proc$/mnt/toshiba4tb/workspace/projects/picorv32/picorv32.v:716$161'.
No latch inferred for signal `\picorv32.\alu_add_sub' from process `\picorv32.$proc$/mnt/toshiba4tb/workspace/projects/picorv32/picorv32.v:1272$678'.
No latch inferred for signal `\picorv32.\alu_shl' from process `\picorv32.$proc$/mnt/toshiba4tb/workspace/projects/picorv32/picorv32.v:1272$678'.
No latch inferred for signal `\picorv32.\alu_shr' from process `\picorv32.$proc$/mnt/toshiba4tb/workspace/projects/picorv32/picorv32.v:1272$678'.
No latch inferred for signal `\picorv32.\alu_eq' from process `\picorv32.$proc$/mnt/toshiba4tb/workspace/projects/picorv32/picorv32.v:1272$678'.
No latch inferred for signal `\picorv32.\alu_ltu' from process `\picorv32.$proc$/mnt/toshiba4tb/workspace/projects/picorv32/picorv32.v:1272$678'.
No latch inferred for signal `\picorv32.\alu_lts' from process `\picorv32.$proc$/mnt/toshiba4tb/workspace/projects/picorv32/picorv32.v:1272$678'.
No latch inferred for signal `\picorv32.\mem_la_wdata' from process `\picorv32.$proc$/mnt/toshiba4tb/workspace/projects/picorv32/picorv32.v:416$94'.
No latch inferred for signal `\picorv32.\mem_la_wstrb' from process `\picorv32.$proc$/mnt/toshiba4tb/workspace/projects/picorv32/picorv32.v:416$94'.
No latch inferred for signal `\picorv32.\mem_rdata_word' from process `\picorv32.$proc$/mnt/toshiba4tb/workspace/projects/picorv32/picorv32.v:416$94'.
No latch inferred for signal `\picorv32.\pcpi_int_wr' from process `\picorv32.$proc$/mnt/toshiba4tb/workspace/projects/picorv32/picorv32.v:340$15'.
No latch inferred for signal `\picorv32.\pcpi_int_rd' from process `\picorv32.$proc$/mnt/toshiba4tb/workspace/projects/picorv32/picorv32.v:340$15'.
No latch inferred for signal `\picorv32.\pcpi_int_wait' from process `\picorv32.$proc$/mnt/toshiba4tb/workspace/projects/picorv32/picorv32.v:340$15'.
No latch inferred for signal `\picorv32.\pcpi_int_ready' from process `\picorv32.$proc$/mnt/toshiba4tb/workspace/projects/picorv32/picorv32.v:340$15'.

5.2.7. Executing PROC_DFF pass (convert process syncs to FFs).
Creating register for signal `\picorv32.\trap' using process `\picorv32.$proc$/mnt/toshiba4tb/workspace/projects/picorv32/picorv32.v:1435$505'.
  created $dff cell `$procdff$6419' with positive edge clock.
Creating register for signal `\picorv32.\pcpi_valid' using process `\picorv32.$proc$/mnt/toshiba4tb/workspace/projects/picorv32/picorv32.v:1435$505'.
  created $dff cell `$procdff$6420' with positive edge clock.
Creating register for signal `\picorv32.\eoi' using process `\picorv32.$proc$/mnt/toshiba4tb/workspace/projects/picorv32/picorv32.v:1435$505'.
  created $dff cell `$procdff$6421' with positive edge clock.
Creating register for signal `\picorv32.\trace_valid' using process `\picorv32.$proc$/mnt/toshiba4tb/workspace/projects/picorv32/picorv32.v:1435$505'.
  created $dff cell `$procdff$6422' with positive edge clock.
Creating register for signal `\picorv32.\trace_data' using process `\picorv32.$proc$/mnt/toshiba4tb/workspace/projects/picorv32/picorv32.v:1435$505'.
  created $dff cell `$procdff$6423' with positive edge clock.
Creating register for signal `\picorv32.\count_cycle' using process `\picorv32.$proc$/mnt/toshiba4tb/workspace/projects/picorv32/picorv32.v:1435$505'.
  created $dff cell `$procdff$6424' with positive edge clock.
Creating register for signal `\picorv32.\count_instr' using process `\picorv32.$proc$/mnt/toshiba4tb/workspace/projects/picorv32/picorv32.v:1435$505'.
  created $dff cell `$procdff$6425' with positive edge clock.
Creating register for signal `\picorv32.\reg_pc' using process `\picorv32.$proc$/mnt/toshiba4tb/workspace/projects/picorv32/picorv32.v:1435$505'.
  created $dff cell `$procdff$6426' with positive edge clock.
Creating register for signal `\picorv32.\reg_next_pc' using process `\picorv32.$proc$/mnt/toshiba4tb/workspace/projects/picorv32/picorv32.v:1435$505'.
  created $dff cell `$procdff$6427' with positive edge clock.
Creating register for signal `\picorv32.\reg_op1' using process `\picorv32.$proc$/mnt/toshiba4tb/workspace/projects/picorv32/picorv32.v:1435$505'.
  created $dff cell `$procdff$6428' with positive edge clock.
Creating register for signal `\picorv32.\reg_op2' using process `\picorv32.$proc$/mnt/toshiba4tb/workspace/projects/picorv32/picorv32.v:1435$505'.
  created $dff cell `$procdff$6429' with positive edge clock.
Creating register for signal `\picorv32.\reg_out' using process `\picorv32.$proc$/mnt/toshiba4tb/workspace/projects/picorv32/picorv32.v:1435$505'.
  created $dff cell `$procdff$6430' with positive edge clock.
Creating register for signal `\picorv32.\reg_sh' using process `\picorv32.$proc$/mnt/toshiba4tb/workspace/projects/picorv32/picorv32.v:1435$505'.
  created $dff cell `$procdff$6431' with positive edge clock.
Creating register for signal `\picorv32.\irq_delay' using process `\picorv32.$proc$/mnt/toshiba4tb/workspace/projects/picorv32/picorv32.v:1435$505'.
  created $dff cell `$procdff$6432' with positive edge clock.
Creating register for signal `\picorv32.\irq_active' using process `\picorv32.$proc$/mnt/toshiba4tb/workspace/projects/picorv32/picorv32.v:1435$505'.
  created $dff cell `$procdff$6433' with positive edge clock.
Creating register for signal `\picorv32.\irq_mask' using process `\picorv32.$proc$/mnt/toshiba4tb/workspace/projects/picorv32/picorv32.v:1435$505'.
  created $dff cell `$procdff$6434' with positive edge clock.
Creating register for signal `\picorv32.\irq_pending' using process `\picorv32.$proc$/mnt/toshiba4tb/workspace/projects/picorv32/picorv32.v:1435$505'.
  created $dff cell `$procdff$6435' with positive edge clock.
Creating register for signal `\picorv32.\timer' using process `\picorv32.$proc$/mnt/toshiba4tb/workspace/projects/picorv32/picorv32.v:1435$505'.
  created $dff cell `$procdff$6436' with positive edge clock.
Creating register for signal `\picorv32.\mem_wordsize' using process `\picorv32.$proc$/mnt/toshiba4tb/workspace/projects/picorv32/picorv32.v:1435$505'.
  created $dff cell `$procdff$6437' with positive edge clock.
Creating register for signal `\picorv32.\mem_do_prefetch' using process `\picorv32.$proc$/mnt/toshiba4tb/workspace/projects/picorv32/picorv32.v:1435$505'.
  created $dff cell `$procdff$6438' with positive edge clock.
Creating register for signal `\picorv32.\mem_do_rinst' using process `\picorv32.$proc$/mnt/toshiba4tb/workspace/projects/picorv32/picorv32.v:1435$505'.
  created $dff cell `$procdff$6439' with positive edge clock.
Creating register for signal `\picorv32.\mem_do_rdata' using process `\picorv32.$proc$/mnt/toshiba4tb/workspace/projects/picorv32/picorv32.v:1435$505'.
  created $dff cell `$procdff$6440' with positive edge clock.
Creating register for signal `\picorv32.\mem_do_wdata' using process `\picorv32.$proc$/mnt/toshiba4tb/workspace/projects/picorv32/picorv32.v:1435$505'.
  created $dff cell `$procdff$6441' with positive edge clock.
Creating register for signal `\picorv32.\decoder_trigger' using process `\picorv32.$proc$/mnt/toshiba4tb/workspace/projects/picorv32/picorv32.v:1435$505'.
  created $dff cell `$procdff$6442' with positive edge clock.
Creating register for signal `\picorv32.\decoder_trigger_q' using process `\picorv32.$proc$/mnt/toshiba4tb/workspace/projects/picorv32/picorv32.v:1435$505'.
  created $dff cell `$procdff$6443' with positive edge clock.
Creating register for signal `\picorv32.\decoder_pseudo_trigger' using process `\picorv32.$proc$/mnt/toshiba4tb/workspace/projects/picorv32/picorv32.v:1435$505'.
  created $dff cell `$procdff$6444' with positive edge clock.
Creating register for signal `\picorv32.\decoder_pseudo_trigger_q' using process `\picorv32.$proc$/mnt/toshiba4tb/workspace/projects/picorv32/picorv32.v:1435$505'.
  created $dff cell `$procdff$6445' with positive edge clock.
Creating register for signal `\picorv32.\dbg_rs1val' using process `\picorv32.$proc$/mnt/toshiba4tb/workspace/projects/picorv32/picorv32.v:1435$505'.
  created $dff cell `$procdff$6446' with positive edge clock.
Creating register for signal `\picorv32.\dbg_rs2val' using process `\picorv32.$proc$/mnt/toshiba4tb/workspace/projects/picorv32/picorv32.v:1435$505'.
  created $dff cell `$procdff$6447' with positive edge clock.
Creating register for signal `\picorv32.\dbg_rs1val_valid' using process `\picorv32.$proc$/mnt/toshiba4tb/workspace/projects/picorv32/picorv32.v:1435$505'.
  created $dff cell `$procdff$6448' with positive edge clock.
Creating register for signal `\picorv32.\dbg_rs2val_valid' using process `\picorv32.$proc$/mnt/toshiba4tb/workspace/projects/picorv32/picorv32.v:1435$505'.
  created $dff cell `$procdff$6449' with positive edge clock.
Creating register for signal `\picorv32.\cpu_state' using process `\picorv32.$proc$/mnt/toshiba4tb/workspace/projects/picorv32/picorv32.v:1435$505'.
  created $dff cell `$procdff$6450' with positive edge clock.
Creating register for signal `\picorv32.\irq_state' using process `\picorv32.$proc$/mnt/toshiba4tb/workspace/projects/picorv32/picorv32.v:1435$505'.
  created $dff cell `$procdff$6451' with positive edge clock.
Creating register for signal `\picorv32.\set_mem_do_rinst' using process `\picorv32.$proc$/mnt/toshiba4tb/workspace/projects/picorv32/picorv32.v:1435$505'.
  created $dff cell `$procdff$6452' with positive edge clock.
Creating register for signal `\picorv32.\set_mem_do_rdata' using process `\picorv32.$proc$/mnt/toshiba4tb/workspace/projects/picorv32/picorv32.v:1435$505'.
  created $dff cell `$procdff$6453' with positive edge clock.
Creating register for signal `\picorv32.\set_mem_do_wdata' using process `\picorv32.$proc$/mnt/toshiba4tb/workspace/projects/picorv32/picorv32.v:1435$505'.
  created $dff cell `$procdff$6454' with positive edge clock.
Creating register for signal `\picorv32.\latched_store' using process `\picorv32.$proc$/mnt/toshiba4tb/workspace/projects/picorv32/picorv32.v:1435$505'.
  created $dff cell `$procdff$6455' with positive edge clock.
Creating register for signal `\picorv32.\latched_stalu' using process `\picorv32.$proc$/mnt/toshiba4tb/workspace/projects/picorv32/picorv32.v:1435$505'.
  created $dff cell `$procdff$6456' with positive edge clock.
Creating register for signal `\picorv32.\latched_branch' using process `\picorv32.$proc$/mnt/toshiba4tb/workspace/projects/picorv32/picorv32.v:1435$505'.
  created $dff cell `$procdff$6457' with positive edge clock.
Creating register for signal `\picorv32.\latched_compr' using process `\picorv32.$proc$/mnt/toshiba4tb/workspace/projects/picorv32/picorv32.v:1435$505'.
  created $dff cell `$procdff$6458' with positive edge clock.
Creating register for signal `\picorv32.\latched_trace' using process `\picorv32.$proc$/mnt/toshiba4tb/workspace/projects/picorv32/picorv32.v:1435$505'.
  created $dff cell `$procdff$6459' with positive edge clock.
Creating register for signal `\picorv32.\latched_is_lu' using process `\picorv32.$proc$/mnt/toshiba4tb/workspace/projects/picorv32/picorv32.v:1435$505'.
  created $dff cell `$procdff$6460' with positive edge clock.
Creating register for signal `\picorv32.\latched_is_lh' using process `\picorv32.$proc$/mnt/toshiba4tb/workspace/projects/picorv32/picorv32.v:1435$505'.
  created $dff cell `$procdff$6461' with positive edge clock.
Creating register for signal `\picorv32.\latched_is_lb' using process `\picorv32.$proc$/mnt/toshiba4tb/workspace/projects/picorv32/picorv32.v:1435$505'.
  created $dff cell `$procdff$6462' with positive edge clock.
Creating register for signal `\picorv32.\latched_rd' using process `\picorv32.$proc$/mnt/toshiba4tb/workspace/projects/picorv32/picorv32.v:1435$505'.
  created $dff cell `$procdff$6463' with positive edge clock.
Creating register for signal `\picorv32.\current_pc' using process `\picorv32.$proc$/mnt/toshiba4tb/workspace/projects/picorv32/picorv32.v:1435$505'.
  created $dff cell `$procdff$6464' with positive edge clock.
Creating register for signal `\picorv32.\pcpi_timeout' using process `\picorv32.$proc$/mnt/toshiba4tb/workspace/projects/picorv32/picorv32.v:1435$505'.
  created $dff cell `$procdff$6465' with positive edge clock.
Creating register for signal `\picorv32.\next_irq_pending' using process `\picorv32.$proc$/mnt/toshiba4tb/workspace/projects/picorv32/picorv32.v:1435$505'.
  created $dff cell `$procdff$6466' with positive edge clock.
Creating register for signal `\picorv32.\do_waitirq' using process `\picorv32.$proc$/mnt/toshiba4tb/workspace/projects/picorv32/picorv32.v:1435$505'.
  created $dff cell `$procdff$6467' with positive edge clock.
Creating register for signal `\picorv32.\alu_out_q' using process `\picorv32.$proc$/mnt/toshiba4tb/workspace/projects/picorv32/picorv32.v:1435$505'.
  created $dff cell `$procdff$6468' with positive edge clock.
Creating register for signal `\picorv32.\alu_out_0_q' using process `\picorv32.$proc$/mnt/toshiba4tb/workspace/projects/picorv32/picorv32.v:1435$505'.
  created $dff cell `$procdff$6469' with positive edge clock.
Creating register for signal `\picorv32.\alu_wait' using process `\picorv32.$proc$/mnt/toshiba4tb/workspace/projects/picorv32/picorv32.v:1435$505'.
  created $dff cell `$procdff$6470' with positive edge clock.
Creating register for signal `\picorv32.\alu_wait_2' using process `\picorv32.$proc$/mnt/toshiba4tb/workspace/projects/picorv32/picorv32.v:1435$505'.
  created $dff cell `$procdff$6471' with positive edge clock.
Creating register for signal `\picorv32.$memwr$\cpuregs$/mnt/toshiba4tb/workspace/projects/picorv32/picorv32.v:1377$14_ADDR' using process `\picorv32.$proc$/mnt/toshiba4tb/workspace/projects/picorv32/picorv32.v:1370$483'.
  created $dff cell `$procdff$6472' with positive edge clock.
Creating register for signal `\picorv32.$memwr$\cpuregs$/mnt/toshiba4tb/workspace/projects/picorv32/picorv32.v:1377$14_DATA' using process `\picorv32.$proc$/mnt/toshiba4tb/workspace/projects/picorv32/picorv32.v:1370$483'.
  created $dff cell `$procdff$6473' with positive edge clock.
Creating register for signal `\picorv32.$memwr$\cpuregs$/mnt/toshiba4tb/workspace/projects/picorv32/picorv32.v:1377$14_EN' using process `\picorv32.$proc$/mnt/toshiba4tb/workspace/projects/picorv32/picorv32.v:1370$483'.
  created $dff cell `$procdff$6474' with positive edge clock.
Creating register for signal `\picorv32.\clear_prefetched_high_word_q' using process `\picorv32.$proc$/mnt/toshiba4tb/workspace/projects/picorv32/picorv32.v:1326$465'.
  created $dff cell `$procdff$6475' with positive edge clock.
Creating register for signal `\picorv32.\pcpi_insn' using process `\picorv32.$proc$/mnt/toshiba4tb/workspace/projects/picorv32/picorv32.v:873$168'.
  created $dff cell `$procdff$6476' with positive edge clock.
Creating register for signal `\picorv32.\instr_lui' using process `\picorv32.$proc$/mnt/toshiba4tb/workspace/projects/picorv32/picorv32.v:873$168'.
  created $dff cell `$procdff$6477' with positive edge clock.
Creating register for signal `\picorv32.\instr_auipc' using process `\picorv32.$proc$/mnt/toshiba4tb/workspace/projects/picorv32/picorv32.v:873$168'.
  created $dff cell `$procdff$6478' with positive edge clock.
Creating register for signal `\picorv32.\instr_jal' using process `\picorv32.$proc$/mnt/toshiba4tb/workspace/projects/picorv32/picorv32.v:873$168'.
  created $dff cell `$procdff$6479' with positive edge clock.
Creating register for signal `\picorv32.\instr_jalr' using process `\picorv32.$proc$/mnt/toshiba4tb/workspace/projects/picorv32/picorv32.v:873$168'.
  created $dff cell `$procdff$6480' with positive edge clock.
Creating register for signal `\picorv32.\instr_beq' using process `\picorv32.$proc$/mnt/toshiba4tb/workspace/projects/picorv32/picorv32.v:873$168'.
  created $dff cell `$procdff$6481' with positive edge clock.
Creating register for signal `\picorv32.\instr_bne' using process `\picorv32.$proc$/mnt/toshiba4tb/workspace/projects/picorv32/picorv32.v:873$168'.
  created $dff cell `$procdff$6482' with positive edge clock.
Creating register for signal `\picorv32.\instr_blt' using process `\picorv32.$proc$/mnt/toshiba4tb/workspace/projects/picorv32/picorv32.v:873$168'.
  created $dff cell `$procdff$6483' with positive edge clock.
Creating register for signal `\picorv32.\instr_bge' using process `\picorv32.$proc$/mnt/toshiba4tb/workspace/projects/picorv32/picorv32.v:873$168'.
  created $dff cell `$procdff$6484' with positive edge clock.
Creating register for signal `\picorv32.\instr_bltu' using process `\picorv32.$proc$/mnt/toshiba4tb/workspace/projects/picorv32/picorv32.v:873$168'.
  created $dff cell `$procdff$6485' with positive edge clock.
Creating register for signal `\picorv32.\instr_bgeu' using process `\picorv32.$proc$/mnt/toshiba4tb/workspace/projects/picorv32/picorv32.v:873$168'.
  created $dff cell `$procdff$6486' with positive edge clock.
Creating register for signal `\picorv32.\instr_lb' using process `\picorv32.$proc$/mnt/toshiba4tb/workspace/projects/picorv32/picorv32.v:873$168'.
  created $dff cell `$procdff$6487' with positive edge clock.
Creating register for signal `\picorv32.\instr_lh' using process `\picorv32.$proc$/mnt/toshiba4tb/workspace/projects/picorv32/picorv32.v:873$168'.
  created $dff cell `$procdff$6488' with positive edge clock.
Creating register for signal `\picorv32.\instr_lw' using process `\picorv32.$proc$/mnt/toshiba4tb/workspace/projects/picorv32/picorv32.v:873$168'.
  created $dff cell `$procdff$6489' with positive edge clock.
Creating register for signal `\picorv32.\instr_lbu' using process `\picorv32.$proc$/mnt/toshiba4tb/workspace/projects/picorv32/picorv32.v:873$168'.
  created $dff cell `$procdff$6490' with positive edge clock.
Creating register for signal `\picorv32.\instr_lhu' using process `\picorv32.$proc$/mnt/toshiba4tb/workspace/projects/picorv32/picorv32.v:873$168'.
  created $dff cell `$procdff$6491' with positive edge clock.
Creating register for signal `\picorv32.\instr_sb' using process `\picorv32.$proc$/mnt/toshiba4tb/workspace/projects/picorv32/picorv32.v:873$168'.
  created $dff cell `$procdff$6492' with positive edge clock.
Creating register for signal `\picorv32.\instr_sh' using process `\picorv32.$proc$/mnt/toshiba4tb/workspace/projects/picorv32/picorv32.v:873$168'.
  created $dff cell `$procdff$6493' with positive edge clock.
Creating register for signal `\picorv32.\instr_sw' using process `\picorv32.$proc$/mnt/toshiba4tb/workspace/projects/picorv32/picorv32.v:873$168'.
  created $dff cell `$procdff$6494' with positive edge clock.
Creating register for signal `\picorv32.\instr_addi' using process `\picorv32.$proc$/mnt/toshiba4tb/workspace/projects/picorv32/picorv32.v:873$168'.
  created $dff cell `$procdff$6495' with positive edge clock.
Creating register for signal `\picorv32.\instr_slti' using process `\picorv32.$proc$/mnt/toshiba4tb/workspace/projects/picorv32/picorv32.v:873$168'.
  created $dff cell `$procdff$6496' with positive edge clock.
Creating register for signal `\picorv32.\instr_sltiu' using process `\picorv32.$proc$/mnt/toshiba4tb/workspace/projects/picorv32/picorv32.v:873$168'.
  created $dff cell `$procdff$6497' with positive edge clock.
Creating register for signal `\picorv32.\instr_xori' using process `\picorv32.$proc$/mnt/toshiba4tb/workspace/projects/picorv32/picorv32.v:873$168'.
  created $dff cell `$procdff$6498' with positive edge clock.
Creating register for signal `\picorv32.\instr_ori' using process `\picorv32.$proc$/mnt/toshiba4tb/workspace/projects/picorv32/picorv32.v:873$168'.
  created $dff cell `$procdff$6499' with positive edge clock.
Creating register for signal `\picorv32.\instr_andi' using process `\picorv32.$proc$/mnt/toshiba4tb/workspace/projects/picorv32/picorv32.v:873$168'.
  created $dff cell `$procdff$6500' with positive edge clock.
Creating register for signal `\picorv32.\instr_slli' using process `\picorv32.$proc$/mnt/toshiba4tb/workspace/projects/picorv32/picorv32.v:873$168'.
  created $dff cell `$procdff$6501' with positive edge clock.
Creating register for signal `\picorv32.\instr_srli' using process `\picorv32.$proc$/mnt/toshiba4tb/workspace/projects/picorv32/picorv32.v:873$168'.
  created $dff cell `$procdff$6502' with positive edge clock.
Creating register for signal `\picorv32.\instr_srai' using process `\picorv32.$proc$/mnt/toshiba4tb/workspace/projects/picorv32/picorv32.v:873$168'.
  created $dff cell `$procdff$6503' with positive edge clock.
Creating register for signal `\picorv32.\instr_add' using process `\picorv32.$proc$/mnt/toshiba4tb/workspace/projects/picorv32/picorv32.v:873$168'.
  created $dff cell `$procdff$6504' with positive edge clock.
Creating register for signal `\picorv32.\instr_sub' using process `\picorv32.$proc$/mnt/toshiba4tb/workspace/projects/picorv32/picorv32.v:873$168'.
  created $dff cell `$procdff$6505' with positive edge clock.
Creating register for signal `\picorv32.\instr_sll' using process `\picorv32.$proc$/mnt/toshiba4tb/workspace/projects/picorv32/picorv32.v:873$168'.
  created $dff cell `$procdff$6506' with positive edge clock.
Creating register for signal `\picorv32.\instr_slt' using process `\picorv32.$proc$/mnt/toshiba4tb/workspace/projects/picorv32/picorv32.v:873$168'.
  created $dff cell `$procdff$6507' with positive edge clock.
Creating register for signal `\picorv32.\instr_sltu' using process `\picorv32.$proc$/mnt/toshiba4tb/workspace/projects/picorv32/picorv32.v:873$168'.
  created $dff cell `$procdff$6508' with positive edge clock.
Creating register for signal `\picorv32.\instr_xor' using process `\picorv32.$proc$/mnt/toshiba4tb/workspace/projects/picorv32/picorv32.v:873$168'.
  created $dff cell `$procdff$6509' with positive edge clock.
Creating register for signal `\picorv32.\instr_srl' using process `\picorv32.$proc$/mnt/toshiba4tb/workspace/projects/picorv32/picorv32.v:873$168'.
  created $dff cell `$procdff$6510' with positive edge clock.
Creating register for signal `\picorv32.\instr_sra' using process `\picorv32.$proc$/mnt/toshiba4tb/workspace/projects/picorv32/picorv32.v:873$168'.
  created $dff cell `$procdff$6511' with positive edge clock.
Creating register for signal `\picorv32.\instr_or' using process `\picorv32.$proc$/mnt/toshiba4tb/workspace/projects/picorv32/picorv32.v:873$168'.
  created $dff cell `$procdff$6512' with positive edge clock.
Creating register for signal `\picorv32.\instr_and' using process `\picorv32.$proc$/mnt/toshiba4tb/workspace/projects/picorv32/picorv32.v:873$168'.
  created $dff cell `$procdff$6513' with positive edge clock.
Creating register for signal `\picorv32.\instr_rdcycle' using process `\picorv32.$proc$/mnt/toshiba4tb/workspace/projects/picorv32/picorv32.v:873$168'.
  created $dff cell `$procdff$6514' with positive edge clock.
Creating register for signal `\picorv32.\instr_rdcycleh' using process `\picorv32.$proc$/mnt/toshiba4tb/workspace/projects/picorv32/picorv32.v:873$168'.
  created $dff cell `$procdff$6515' with positive edge clock.
Creating register for signal `\picorv32.\instr_rdinstr' using process `\picorv32.$proc$/mnt/toshiba4tb/workspace/projects/picorv32/picorv32.v:873$168'.
  created $dff cell `$procdff$6516' with positive edge clock.
Creating register for signal `\picorv32.\instr_rdinstrh' using process `\picorv32.$proc$/mnt/toshiba4tb/workspace/projects/picorv32/picorv32.v:873$168'.
  created $dff cell `$procdff$6517' with positive edge clock.
Creating register for signal `\picorv32.\instr_ecall_ebreak' using process `\picorv32.$proc$/mnt/toshiba4tb/workspace/projects/picorv32/picorv32.v:873$168'.
  created $dff cell `$procdff$6518' with positive edge clock.
Creating register for signal `\picorv32.\instr_fence' using process `\picorv32.$proc$/mnt/toshiba4tb/workspace/projects/picorv32/picorv32.v:873$168'.
  created $dff cell `$procdff$6519' with positive edge clock.
Creating register for signal `\picorv32.\instr_getq' using process `\picorv32.$proc$/mnt/toshiba4tb/workspace/projects/picorv32/picorv32.v:873$168'.
  created $dff cell `$procdff$6520' with positive edge clock.
Creating register for signal `\picorv32.\instr_setq' using process `\picorv32.$proc$/mnt/toshiba4tb/workspace/projects/picorv32/picorv32.v:873$168'.
  created $dff cell `$procdff$6521' with positive edge clock.
Creating register for signal `\picorv32.\instr_retirq' using process `\picorv32.$proc$/mnt/toshiba4tb/workspace/projects/picorv32/picorv32.v:873$168'.
  created $dff cell `$procdff$6522' with positive edge clock.
Creating register for signal `\picorv32.\instr_maskirq' using process `\picorv32.$proc$/mnt/toshiba4tb/workspace/projects/picorv32/picorv32.v:873$168'.
  created $dff cell `$procdff$6523' with positive edge clock.
Creating register for signal `\picorv32.\instr_waitirq' using process `\picorv32.$proc$/mnt/toshiba4tb/workspace/projects/picorv32/picorv32.v:873$168'.
  created $dff cell `$procdff$6524' with positive edge clock.
Creating register for signal `\picorv32.\instr_timer' using process `\picorv32.$proc$/mnt/toshiba4tb/workspace/projects/picorv32/picorv32.v:873$168'.
  created $dff cell `$procdff$6525' with positive edge clock.
Creating register for signal `\picorv32.\decoded_rd' using process `\picorv32.$proc$/mnt/toshiba4tb/workspace/projects/picorv32/picorv32.v:873$168'.
  created $dff cell `$procdff$6526' with positive edge clock.
Creating register for signal `\picorv32.\decoded_rs1' using process `\picorv32.$proc$/mnt/toshiba4tb/workspace/projects/picorv32/picorv32.v:873$168'.
  created $dff cell `$procdff$6527' with positive edge clock.
Creating register for signal `\picorv32.\decoded_rs2' using process `\picorv32.$proc$/mnt/toshiba4tb/workspace/projects/picorv32/picorv32.v:873$168'.
  created $dff cell `$procdff$6528' with positive edge clock.
Creating register for signal `\picorv32.\decoded_imm' using process `\picorv32.$proc$/mnt/toshiba4tb/workspace/projects/picorv32/picorv32.v:873$168'.
  created $dff cell `$procdff$6529' with positive edge clock.
Creating register for signal `\picorv32.\decoded_imm_j' using process `\picorv32.$proc$/mnt/toshiba4tb/workspace/projects/picorv32/picorv32.v:873$168'.
  created $dff cell `$procdff$6530' with positive edge clock.
Creating register for signal `\picorv32.\compressed_instr' using process `\picorv32.$proc$/mnt/toshiba4tb/workspace/projects/picorv32/picorv32.v:873$168'.
  created $dff cell `$procdff$6531' with positive edge clock.
Creating register for signal `\picorv32.\is_lui_auipc_jal' using process `\picorv32.$proc$/mnt/toshiba4tb/workspace/projects/picorv32/picorv32.v:873$168'.
  created $dff cell `$procdff$6532' with positive edge clock.
Creating register for signal `\picorv32.\is_lb_lh_lw_lbu_lhu' using process `\picorv32.$proc$/mnt/toshiba4tb/workspace/projects/picorv32/picorv32.v:873$168'.
  created $dff cell `$procdff$6533' with positive edge clock.
Creating register for signal `\picorv32.\is_slli_srli_srai' using process `\picorv32.$proc$/mnt/toshiba4tb/workspace/projects/picorv32/picorv32.v:873$168'.
  created $dff cell `$procdff$6534' with positive edge clock.
Creating register for signal `\picorv32.\is_jalr_addi_slti_sltiu_xori_ori_andi' using process `\picorv32.$proc$/mnt/toshiba4tb/workspace/projects/picorv32/picorv32.v:873$168'.
  created $dff cell `$procdff$6535' with positive edge clock.
Creating register for signal `\picorv32.\is_sb_sh_sw' using process `\picorv32.$proc$/mnt/toshiba4tb/workspace/projects/picorv32/picorv32.v:873$168'.
  created $dff cell `$procdff$6536' with positive edge clock.
Creating register for signal `\picorv32.\is_sll_srl_sra' using process `\picorv32.$proc$/mnt/toshiba4tb/workspace/projects/picorv32/picorv32.v:873$168'.
  created $dff cell `$procdff$6537' with positive edge clock.
Creating register for signal `\picorv32.\is_lui_auipc_jal_jalr_addi_add_sub' using process `\picorv32.$proc$/mnt/toshiba4tb/workspace/projects/picorv32/picorv32.v:873$168'.
  created $dff cell `$procdff$6538' with positive edge clock.
Creating register for signal `\picorv32.\is_slti_blt_slt' using process `\picorv32.$proc$/mnt/toshiba4tb/workspace/projects/picorv32/picorv32.v:873$168'.
  created $dff cell `$procdff$6539' with positive edge clock.
Creating register for signal `\picorv32.\is_sltiu_bltu_sltu' using process `\picorv32.$proc$/mnt/toshiba4tb/workspace/projects/picorv32/picorv32.v:873$168'.
  created $dff cell `$procdff$6540' with positive edge clock.
Creating register for signal `\picorv32.\is_beq_bne_blt_bge_bltu_bgeu' using process `\picorv32.$proc$/mnt/toshiba4tb/workspace/projects/picorv32/picorv32.v:873$168'.
  created $dff cell `$procdff$6541' with positive edge clock.
Creating register for signal `\picorv32.\is_lbu_lhu_lw' using process `\picorv32.$proc$/mnt/toshiba4tb/workspace/projects/picorv32/picorv32.v:873$168'.
  created $dff cell `$procdff$6542' with positive edge clock.
Creating register for signal `\picorv32.\is_alu_reg_imm' using process `\picorv32.$proc$/mnt/toshiba4tb/workspace/projects/picorv32/picorv32.v:873$168'.
  created $dff cell `$procdff$6543' with positive edge clock.
Creating register for signal `\picorv32.\is_alu_reg_reg' using process `\picorv32.$proc$/mnt/toshiba4tb/workspace/projects/picorv32/picorv32.v:873$168'.
  created $dff cell `$procdff$6544' with positive edge clock.
Creating register for signal `\picorv32.\is_compare' using process `\picorv32.$proc$/mnt/toshiba4tb/workspace/projects/picorv32/picorv32.v:873$168'.
  created $dff cell `$procdff$6545' with positive edge clock.
Creating register for signal `\picorv32.\dbg_insn_addr' using process `\picorv32.$proc$/mnt/toshiba4tb/workspace/projects/picorv32/picorv32.v:793$162'.
  created $dff cell `$procdff$6546' with positive edge clock.
Creating register for signal `\picorv32.\q_ascii_instr' using process `\picorv32.$proc$/mnt/toshiba4tb/workspace/projects/picorv32/picorv32.v:793$162'.
  created $dff cell `$procdff$6547' with positive edge clock.
Creating register for signal `\picorv32.\q_insn_imm' using process `\picorv32.$proc$/mnt/toshiba4tb/workspace/projects/picorv32/picorv32.v:793$162'.
  created $dff cell `$procdff$6548' with positive edge clock.
Creating register for signal `\picorv32.\q_insn_opcode' using process `\picorv32.$proc$/mnt/toshiba4tb/workspace/projects/picorv32/picorv32.v:793$162'.
  created $dff cell `$procdff$6549' with positive edge clock.
Creating register for signal `\picorv32.\q_insn_rs1' using process `\picorv32.$proc$/mnt/toshiba4tb/workspace/projects/picorv32/picorv32.v:793$162'.
  created $dff cell `$procdff$6550' with positive edge clock.
Creating register for signal `\picorv32.\q_insn_rs2' using process `\picorv32.$proc$/mnt/toshiba4tb/workspace/projects/picorv32/picorv32.v:793$162'.
  created $dff cell `$procdff$6551' with positive edge clock.
Creating register for signal `\picorv32.\q_insn_rd' using process `\picorv32.$proc$/mnt/toshiba4tb/workspace/projects/picorv32/picorv32.v:793$162'.
  created $dff cell `$procdff$6552' with positive edge clock.
Creating register for signal `\picorv32.\dbg_next' using process `\picorv32.$proc$/mnt/toshiba4tb/workspace/projects/picorv32/picorv32.v:793$162'.
  created $dff cell `$procdff$6553' with positive edge clock.
Creating register for signal `\picorv32.\dbg_valid_insn' using process `\picorv32.$proc$/mnt/toshiba4tb/workspace/projects/picorv32/picorv32.v:793$162'.
  created $dff cell `$procdff$6554' with positive edge clock.
Creating register for signal `\picorv32.\cached_ascii_instr' using process `\picorv32.$proc$/mnt/toshiba4tb/workspace/projects/picorv32/picorv32.v:793$162'.
  created $dff cell `$procdff$6555' with positive edge clock.
Creating register for signal `\picorv32.\cached_insn_imm' using process `\picorv32.$proc$/mnt/toshiba4tb/workspace/projects/picorv32/picorv32.v:793$162'.
  created $dff cell `$procdff$6556' with positive edge clock.
Creating register for signal `\picorv32.\cached_insn_opcode' using process `\picorv32.$proc$/mnt/toshiba4tb/workspace/projects/picorv32/picorv32.v:793$162'.
  created $dff cell `$procdff$6557' with positive edge clock.
Creating register for signal `\picorv32.\cached_insn_rs1' using process `\picorv32.$proc$/mnt/toshiba4tb/workspace/projects/picorv32/picorv32.v:793$162'.
  created $dff cell `$procdff$6558' with positive edge clock.
Creating register for signal `\picorv32.\cached_insn_rs2' using process `\picorv32.$proc$/mnt/toshiba4tb/workspace/projects/picorv32/picorv32.v:793$162'.
  created $dff cell `$procdff$6559' with positive edge clock.
Creating register for signal `\picorv32.\cached_insn_rd' using process `\picorv32.$proc$/mnt/toshiba4tb/workspace/projects/picorv32/picorv32.v:793$162'.
  created $dff cell `$procdff$6560' with positive edge clock.
Creating register for signal `\picorv32.\mem_valid' using process `\picorv32.$proc$/mnt/toshiba4tb/workspace/projects/picorv32/picorv32.v:580$137'.
  created $dff cell `$procdff$6561' with positive edge clock.
Creating register for signal `\picorv32.\mem_instr' using process `\picorv32.$proc$/mnt/toshiba4tb/workspace/projects/picorv32/picorv32.v:580$137'.
  created $dff cell `$procdff$6562' with positive edge clock.
Creating register for signal `\picorv32.\mem_addr' using process `\picorv32.$proc$/mnt/toshiba4tb/workspace/projects/picorv32/picorv32.v:580$137'.
  created $dff cell `$procdff$6563' with positive edge clock.
Creating register for signal `\picorv32.\mem_wdata' using process `\picorv32.$proc$/mnt/toshiba4tb/workspace/projects/picorv32/picorv32.v:580$137'.
  created $dff cell `$procdff$6564' with positive edge clock.
Creating register for signal `\picorv32.\mem_wstrb' using process `\picorv32.$proc$/mnt/toshiba4tb/workspace/projects/picorv32/picorv32.v:580$137'.
  created $dff cell `$procdff$6565' with positive edge clock.
Creating register for signal `\picorv32.\mem_state' using process `\picorv32.$proc$/mnt/toshiba4tb/workspace/projects/picorv32/picorv32.v:580$137'.
  created $dff cell `$procdff$6566' with positive edge clock.
Creating register for signal `\picorv32.\mem_la_secondword' using process `\picorv32.$proc$/mnt/toshiba4tb/workspace/projects/picorv32/picorv32.v:580$137'.
  created $dff cell `$procdff$6567' with positive edge clock.
Creating register for signal `\picorv32.\prefetched_high_word' using process `\picorv32.$proc$/mnt/toshiba4tb/workspace/projects/picorv32/picorv32.v:580$137'.
  created $dff cell `$procdff$6568' with positive edge clock.
Creating register for signal `\picorv32.\mem_16bit_buffer' using process `\picorv32.$proc$/mnt/toshiba4tb/workspace/projects/picorv32/picorv32.v:580$137'.
  created $dff cell `$procdff$6569' with positive edge clock.
Creating register for signal `\picorv32.\next_insn_opcode' using process `\picorv32.$proc$/mnt/toshiba4tb/workspace/projects/picorv32/picorv32.v:445$97'.
  created $dff cell `$procdff$6570' with positive edge clock.
Creating register for signal `\picorv32.\mem_rdata_q' using process `\picorv32.$proc$/mnt/toshiba4tb/workspace/projects/picorv32/picorv32.v:445$97'.
  created $dff cell `$procdff$6571' with positive edge clock.
Creating register for signal `\picorv32.\mem_la_firstword_reg' using process `\picorv32.$proc$/mnt/toshiba4tb/workspace/projects/picorv32/picorv32.v:405$89'.
  created $dff cell `$procdff$6572' with positive edge clock.
Creating register for signal `\picorv32.\last_mem_valid' using process `\picorv32.$proc$/mnt/toshiba4tb/workspace/projects/picorv32/picorv32.v:405$89'.
  created $dff cell `$procdff$6573' with positive edge clock.

5.2.8. Executing PROC_CLEAN pass (remove empty switches from decision trees).
Found and cleaned up 53 empty switches in `\picorv32.$proc$/mnt/toshiba4tb/workspace/projects/picorv32/picorv32.v:1435$505'.
Removing empty process `picorv32.$proc$/mnt/toshiba4tb/workspace/projects/picorv32/picorv32.v:1435$505'.
Removing empty process `picorv32.$proc$/mnt/toshiba4tb/workspace/projects/picorv32/picorv32.v:1381$489'.
Found and cleaned up 1 empty switch in `\picorv32.$proc$/mnt/toshiba4tb/workspace/projects/picorv32/picorv32.v:1370$483'.
Removing empty process `picorv32.$proc$/mnt/toshiba4tb/workspace/projects/picorv32/picorv32.v:1370$483'.
Found and cleaned up 2 empty switches in `\picorv32.$proc$/mnt/toshiba4tb/workspace/projects/picorv32/picorv32.v:1342$471'.
Removing empty process `picorv32.$proc$/mnt/toshiba4tb/workspace/projects/picorv32/picorv32.v:1342$471'.
Found and cleaned up 2 empty switches in `\picorv32.$proc$/mnt/toshiba4tb/workspace/projects/picorv32/picorv32.v:1328$466'.
Removing empty process `picorv32.$proc$/mnt/toshiba4tb/workspace/projects/picorv32/picorv32.v:1328$466'.
Removing empty process `picorv32.$proc$/mnt/toshiba4tb/workspace/projects/picorv32/picorv32.v:1326$465'.
Found and cleaned up 2 empty switches in `\picorv32.$proc$/mnt/toshiba4tb/workspace/projects/picorv32/picorv32.v:1282$443'.
Removing empty process `picorv32.$proc$/mnt/toshiba4tb/workspace/projects/picorv32/picorv32.v:1282$443'.
Found and cleaned up 8 empty switches in `\picorv32.$proc$/mnt/toshiba4tb/workspace/projects/picorv32/picorv32.v:1201$431'.
Removing empty process `picorv32.$proc$/mnt/toshiba4tb/workspace/projects/picorv32/picorv32.v:1201$431'.
Found and cleaned up 22 empty switches in `\picorv32.$proc$/mnt/toshiba4tb/workspace/projects/picorv32/picorv32.v:873$168'.
Removing empty process `picorv32.$proc$/mnt/toshiba4tb/workspace/projects/picorv32/picorv32.v:873$168'.
Found and cleaned up 3 empty switches in `\picorv32.$proc$/mnt/toshiba4tb/workspace/projects/picorv32/picorv32.v:824$166'.
Removing empty process `picorv32.$proc$/mnt/toshiba4tb/workspace/projects/picorv32/picorv32.v:824$166'.
Found and cleaned up 5 empty switches in `\picorv32.$proc$/mnt/toshiba4tb/workspace/projects/picorv32/picorv32.v:793$162'.
Removing empty process `picorv32.$proc$/mnt/toshiba4tb/workspace/projects/picorv32/picorv32.v:793$162'.
Found and cleaned up 48 empty switches in `\picorv32.$proc$/mnt/toshiba4tb/workspace/projects/picorv32/picorv32.v:716$161'.
Removing empty process `picorv32.$proc$/mnt/toshiba4tb/workspace/projects/picorv32/picorv32.v:716$161'.
Found and cleaned up 16 empty switches in `\picorv32.$proc$/mnt/toshiba4tb/workspace/projects/picorv32/picorv32.v:580$137'.
Removing empty process `picorv32.$proc$/mnt/toshiba4tb/workspace/projects/picorv32/picorv32.v:580$137'.
Removing empty process `picorv32.$proc$/mnt/toshiba4tb/workspace/projects/picorv32/picorv32.v:1272$678'.
Found and cleaned up 19 empty switches in `\picorv32.$proc$/mnt/toshiba4tb/workspace/projects/picorv32/picorv32.v:445$97'.
Removing empty process `picorv32.$proc$/mnt/toshiba4tb/workspace/projects/picorv32/picorv32.v:445$97'.
Found and cleaned up 3 empty switches in `\picorv32.$proc$/mnt/toshiba4tb/workspace/projects/picorv32/picorv32.v:416$94'.
Removing empty process `picorv32.$proc$/mnt/toshiba4tb/workspace/projects/picorv32/picorv32.v:416$94'.
Found and cleaned up 2 empty switches in `\picorv32.$proc$/mnt/toshiba4tb/workspace/projects/picorv32/picorv32.v:405$89'.
Removing empty process `picorv32.$proc$/mnt/toshiba4tb/workspace/projects/picorv32/picorv32.v:405$89'.
Found and cleaned up 1 empty switch in `\picorv32.$proc$/mnt/toshiba4tb/workspace/projects/picorv32/picorv32.v:340$15'.
Removing empty process `picorv32.$proc$/mnt/toshiba4tb/workspace/projects/picorv32/picorv32.v:340$15'.
Cleaned up 187 empty switches.

5.3. Executing OPT_EXPR pass (perform const folding).
Optimizing module picorv32.
<suppressed ~833 debug messages>

5.4. Executing OPT_CLEAN pass (remove unused cells and wires).
Finding unused cells or wires in module \picorv32..
Removed 723 unused cells and 2204 unused wires.
<suppressed ~780 debug messages>

5.5. Executing CHECK pass (checking for obvious problems).
checking module picorv32..
found and reported 0 problems.

5.6. Executing OPT pass (performing simple optimizations).

5.6.1. Executing OPT_EXPR pass (perform const folding).
Optimizing module picorv32.

5.6.2. Executing OPT_MERGE pass (detect identical cells).
Finding identical cells in module `\picorv32'.
<suppressed ~585 debug messages>
Removed a total of 195 cells.

5.6.3. Executing OPT_MUXTREE pass (detect dead branches in mux trees).
Running muxtree optimizer on module \picorv32..
  Creating internal representation of mux trees.
  Evaluating internal representation of mux trees.
  Analyzing evaluation results.
    dead port 2/2 on $mux $procmux$3707.
    dead port 2/2 on $mux $procmux$3717.
    dead port 2/2 on $mux $procmux$3719.
    dead port 2/2 on $mux $procmux$3725.
    dead port 2/2 on $mux $procmux$3732.
    dead port 2/2 on $mux $procmux$3734.
    dead port 2/2 on $mux $procmux$3740.
    dead port 2/2 on $mux $procmux$3761.
    dead port 2/2 on $mux $procmux$3764.
    dead port 2/2 on $mux $procmux$3776.
    dead port 2/2 on $mux $procmux$3783.
    dead port 2/2 on $mux $procmux$3786.
    dead port 2/2 on $mux $procmux$3810.
    dead port 2/2 on $mux $procmux$3813.
    dead port 2/2 on $mux $procmux$3822.
    dead port 2/2 on $mux $procmux$3825.
    dead port 2/2 on $mux $procmux$3833.
    dead port 2/2 on $mux $procmux$3835.
    dead port 2/2 on $mux $procmux$3838.
    dead port 2/2 on $mux $procmux$3899.
    dead port 2/2 on $mux $procmux$3901.
    dead port 2/2 on $mux $procmux$3904.
    dead port 2/2 on $mux $procmux$3986.
    dead port 2/2 on $mux $procmux$3991.
    dead port 2/2 on $mux $procmux$3994.
    dead port 1/3 on $pmux $procmux$4047.
    dead port 2/2 on $mux $procmux$4079.
    dead port 2/2 on $mux $procmux$4092.
    dead port 2/2 on $mux $procmux$4105.
    dead port 1/7 on $pmux $procmux$4312.
    dead port 2/7 on $pmux $procmux$4312.
    dead port 3/7 on $pmux $procmux$4312.
    dead port 4/7 on $pmux $procmux$4312.
    dead port 5/7 on $pmux $procmux$4312.
    dead port 4/12 on $pmux $procmux$4351.
    dead port 5/12 on $pmux $procmux$4351.
    dead port 6/12 on $pmux $procmux$4351.
    dead port 7/12 on $pmux $procmux$4351.
    dead port 8/12 on $pmux $procmux$4351.
    dead port 1/7 on $pmux $procmux$4556.
    dead port 2/7 on $pmux $procmux$4556.
    dead port 3/7 on $pmux $procmux$4556.
    dead port 4/7 on $pmux $procmux$4556.
    dead port 5/7 on $pmux $procmux$4556.
    dead port 3/4 on $pmux $procmux$4620.
    dead port 1/2 on $mux $procmux$4627.
    dead port 2/2 on $mux $procmux$4627.
    dead port 4/12 on $pmux $procmux$4639.
    dead port 5/12 on $pmux $procmux$4639.
    dead port 6/12 on $pmux $procmux$4639.
    dead port 7/12 on $pmux $procmux$4639.
    dead port 8/12 on $pmux $procmux$4639.
    dead port 3/4 on $pmux $procmux$4821.
    dead port 4/12 on $pmux $procmux$4837.
    dead port 5/12 on $pmux $procmux$4837.
    dead port 6/12 on $pmux $procmux$4837.
    dead port 7/12 on $pmux $procmux$4837.
    dead port 8/12 on $pmux $procmux$4837.
    dead port 4/12 on $pmux $procmux$5018.
    dead port 5/12 on $pmux $procmux$5018.
    dead port 6/12 on $pmux $procmux$5018.
    dead port 7/12 on $pmux $procmux$5018.
    dead port 8/12 on $pmux $procmux$5018.
    dead port 1/9 on $pmux $procmux$5069.
    dead port 2/9 on $pmux $procmux$5069.
    dead port 3/9 on $pmux $procmux$5069.
    dead port 4/9 on $pmux $procmux$5069.
    dead port 5/9 on $pmux $procmux$5069.
    dead port 1/5 on $pmux $procmux$5211.
    dead port 2/5 on $pmux $procmux$5211.
    dead port 2/2 on $mux $procmux$5216.
    dead port 1/5 on $pmux $procmux$5220.
    dead port 2/5 on $pmux $procmux$5220.
    dead port 2/2 on $mux $procmux$5225.
    dead port 1/8 on $pmux $procmux$5240.
    dead port 2/8 on $pmux $procmux$5240.
    dead port 2/2 on $mux $procmux$6378.
    dead port 2/2 on $mux $procmux$6385.
Removed 78 multiplexer ports.
<suppressed ~148 debug messages>

5.6.4. Executing OPT_REDUCE pass (consolidate $*mux and $reduce_* inputs).
  Optimizing cells in module \picorv32.
    New input vector for $reduce_or cell $reduce_or$/mnt/toshiba4tb/workspace/projects/picorv32/picorv32.v:879$174: { \instr_slti \instr_sltiu \instr_slt \instr_sltu \is_beq_bne_blt_bge_bltu_bgeu }
    New input vector for $reduce_or cell $reduce_or$/mnt/toshiba4tb/workspace/projects/picorv32/picorv32.v:878$173: { \instr_lw \instr_lbu \instr_lhu }
    New input vector for $reduce_or cell $reduce_or$/mnt/toshiba4tb/workspace/projects/picorv32/picorv32.v:877$172: { \instr_bltu \instr_sltiu \instr_sltu }
    New input vector for $reduce_or cell $reduce_or$/mnt/toshiba4tb/workspace/projects/picorv32/picorv32.v:876$171: { \instr_blt \instr_slti \instr_slt }
    New input vector for $reduce_or cell $reduce_or$/mnt/toshiba4tb/workspace/projects/picorv32/picorv32.v:391$44: { \mem_state [0] \mem_state [1] }
    New input vector for $reduce_or cell $reduce_or$/mnt/toshiba4tb/workspace/projects/picorv32/picorv32.v:1971$664: { \reg_pc [0] \reg_pc [1] }
    New input vector for $reduce_or cell $reduce_or$/mnt/toshiba4tb/workspace/projects/picorv32/picorv32.v:1123$413: { $eq$/mnt/toshiba4tb/workspace/projects/picorv32/picorv32.v:1055$248_Y $eq$/mnt/toshiba4tb/workspace/projects/picorv32/picorv32.v:1057$252_Y $eq$/mnt/toshiba4tb/workspace/projects/picorv32/picorv32.v:1059$256_Y $eq$/mnt/toshiba4tb/workspace/projects/picorv32/picorv32.v:1060$258_Y $eq$/mnt/toshiba4tb/workspace/projects/picorv32/picorv32.v:1064$264_Y $eq$/mnt/toshiba4tb/workspace/projects/picorv32/picorv32.v:1074$280_Y }
    New input vector for $reduce_or cell $reduce_or$/mnt/toshiba4tb/workspace/projects/picorv32/picorv32.v:1114$405: { $logic_and$/mnt/toshiba4tb/workspace/projects/picorv32/picorv32.v:1114$398_Y $logic_and$/mnt/toshiba4tb/workspace/projects/picorv32/picorv32.v:1112$401_Y $logic_and$/mnt/toshiba4tb/workspace/projects/picorv32/picorv32.v:1111$404_Y }
    New input vector for $reduce_and cell $reduce_and$/mnt/toshiba4tb/workspace/projects/picorv32/picorv32.v:391$49: { \mem_state [0] \mem_state [1] }
    New ctrl vector for $mux cell $procmux$3710: { }
    New ctrl vector for $mux cell $procmux$3723: { }
    New ctrl vector for $mux cell $procmux$3738: { }
    New ctrl vector for $mux cell $procmux$3743: { }
    New ctrl vector for $pmux cell $procmux$3771: { }
    New ctrl vector for $pmux cell $procmux$4069: { $procmux$3784_CMP $auto$opt_reduce.cc:132:opt_mux$6575 }
    New ctrl vector for $pmux cell $procmux$4082: { $auto$opt_reduce.cc:132:opt_mux$6577 $procmux$3762_CMP }
    New ctrl vector for $pmux cell $procmux$4095: { $procmux$3811_CMP $auto$opt_reduce.cc:132:opt_mux$6579 }
    New ctrl vector for $pmux cell $procmux$4292: { $procmux$3773_CMP $procmux$3811_CMP $procmux$4072_CMP $procmux$3762_CMP }
    New ctrl vector for $pmux cell $procmux$4351: { \is_slli_srli_srai $auto$opt_reduce.cc:132:opt_mux$6581 }
    New ctrl vector for $pmux cell $procmux$4393: { $eq$/mnt/toshiba4tb/workspace/projects/picorv32/picorv32.v:1346$472_Y $procmux$3811_CMP }
    New ctrl vector for $pmux cell $procmux$4490: { $eq$/mnt/toshiba4tb/workspace/projects/picorv32/picorv32.v:1346$472_Y $procmux$3811_CMP }
    New ctrl vector for $pmux cell $procmux$4533: { $eq$/mnt/toshiba4tb/workspace/projects/picorv32/picorv32.v:1346$472_Y $procmux$3773_CMP $procmux$3811_CMP $auto$opt_reduce.cc:132:opt_mux$6583 }
    New ctrl vector for $pmux cell $procmux$4639: { \instr_trap \is_rdcycle_rdcycleh_rdinstr_rdinstrh $logic_and$/mnt/toshiba4tb/workspace/projects/picorv32/picorv32.v:1729$583_Y \is_slli_srli_srai $auto$opt_reduce.cc:132:opt_mux$6585 }
    New ctrl vector for $pmux cell $procmux$4811: { $eq$/mnt/toshiba4tb/workspace/projects/picorv32/picorv32.v:1346$472_Y $procmux$3773_CMP $procmux$3772_CMP $procmux$4072_CMP }
    New ctrl vector for $pmux cell $procmux$4837: { $logic_and$/mnt/toshiba4tb/workspace/projects/picorv32/picorv32.v:1729$583_Y $auto$opt_reduce.cc:132:opt_mux$6589 $auto$opt_reduce.cc:132:opt_mux$6587 }
    New ctrl vector for $pmux cell $procmux$5018: { $auto$opt_reduce.cc:132:opt_mux$6593 $auto$opt_reduce.cc:132:opt_mux$6591 }
    New ctrl vector for $pmux cell $procmux$5069: { $auto$opt_reduce.cc:132:opt_mux$6595 \is_lui_auipc_jal }
    New ctrl vector for $pmux cell $procmux$5173: { }
    Consolidated identical input bits for $mux cell $procmux$5203:
      Old ports: A=0, B=32'11111111111111111111111111111111, Y=$0$memwr$\cpuregs$/mnt/toshiba4tb/workspace/projects/picorv32/picorv32.v:1377$14_EN[31:0]$486
      New ports: A=1'0, B=1'1, Y=$0$memwr$\cpuregs$/mnt/toshiba4tb/workspace/projects/picorv32/picorv32.v:1377$14_EN[31:0]$486 [0]
      New connections: $0$memwr$\cpuregs$/mnt/toshiba4tb/workspace/projects/picorv32/picorv32.v:1377$14_EN[31:0]$486 [31:1] = { $0$memwr$\cpuregs$/mnt/toshiba4tb/workspace/projects/picorv32/picorv32.v:1377$14_EN[31:0]$486 [0] $0$memwr$\cpuregs$/mnt/toshiba4tb/workspace/projects/picorv32/picorv32.v:1377$14_EN[31:0]$486 [0] $0$memwr$\cpuregs$/mnt/toshiba4tb/workspace/projects/picorv32/picorv32.v:1377$14_EN[31:0]$486 [0] $0$memwr$\cpuregs$/mnt/toshiba4tb/workspace/projects/picorv32/picorv32.v:1377$14_EN[31:0]$486 [0] $0$memwr$\cpuregs$/mnt/toshiba4tb/workspace/projects/picorv32/picorv32.v:1377$14_EN[31:0]$486 [0] $0$memwr$\cpuregs$/mnt/toshiba4tb/workspace/projects/picorv32/picorv32.v:1377$14_EN[31:0]$486 [0] $0$memwr$\cpuregs$/mnt/toshiba4tb/workspace/projects/picorv32/picorv32.v:1377$14_EN[31:0]$486 [0] $0$memwr$\cpuregs$/mnt/toshiba4tb/workspace/projects/picorv32/picorv32.v:1377$14_EN[31:0]$486 [0] $0$memwr$\cpuregs$/mnt/toshiba4tb/workspace/projects/picorv32/picorv32.v:1377$14_EN[31:0]$486 [0] $0$memwr$\cpuregs$/mnt/toshiba4tb/workspace/projects/picorv32/picorv32.v:1377$14_EN[31:0]$486 [0] $0$memwr$\cpuregs$/mnt/toshiba4tb/workspace/projects/picorv32/picorv32.v:1377$14_EN[31:0]$486 [0] $0$memwr$\cpuregs$/mnt/toshiba4tb/workspace/projects/picorv32/picorv32.v:1377$14_EN[31:0]$486 [0] $0$memwr$\cpuregs$/mnt/toshiba4tb/workspace/projects/picorv32/picorv32.v:1377$14_EN[31:0]$486 [0] $0$memwr$\cpuregs$/mnt/toshiba4tb/workspace/projects/picorv32/picorv32.v:1377$14_EN[31:0]$486 [0] $0$memwr$\cpuregs$/mnt/toshiba4tb/workspace/projects/picorv32/picorv32.v:1377$14_EN[31:0]$486 [0] $0$memwr$\cpuregs$/mnt/toshiba4tb/workspace/projects/picorv32/picorv32.v:1377$14_EN[31:0]$486 [0] $0$memwr$\cpuregs$/mnt/toshiba4tb/workspace/projects/picorv32/picorv32.v:1377$14_EN[31:0]$486 [0] $0$memwr$\cpuregs$/mnt/toshiba4tb/workspace/projects/picorv32/picorv32.v:1377$14_EN[31:0]$486 [0] $0$memwr$\cpuregs$/mnt/toshiba4tb/workspace/projects/picorv32/picorv32.v:1377$14_EN[31:0]$486 [0] $0$memwr$\cpuregs$/mnt/toshiba4tb/workspace/projects/picorv32/picorv32.v:1377$14_EN[31:0]$486 [0] $0$memwr$\cpuregs$/mnt/toshiba4tb/workspace/projects/picorv32/picorv32.v:1377$14_EN[31:0]$486 [0] $0$memwr$\cpuregs$/mnt/toshiba4tb/workspace/projects/picorv32/picorv32.v:1377$14_EN[31:0]$486 [0] $0$memwr$\cpuregs$/mnt/toshiba4tb/workspace/projects/picorv32/picorv32.v:1377$14_EN[31:0]$486 [0] $0$memwr$\cpuregs$/mnt/toshiba4tb/workspace/projects/picorv32/picorv32.v:1377$14_EN[31:0]$486 [0] $0$memwr$\cpuregs$/mnt/toshiba4tb/workspace/projects/picorv32/picorv32.v:1377$14_EN[31:0]$486 [0] $0$memwr$\cpuregs$/mnt/toshiba4tb/workspace/projects/picorv32/picorv32.v:1377$14_EN[31:0]$486 [0] $0$memwr$\cpuregs$/mnt/toshiba4tb/workspace/projects/picorv32/picorv32.v:1377$14_EN[31:0]$486 [0] $0$memwr$\cpuregs$/mnt/toshiba4tb/workspace/projects/picorv32/picorv32.v:1377$14_EN[31:0]$486 [0] $0$memwr$\cpuregs$/mnt/toshiba4tb/workspace/projects/picorv32/picorv32.v:1377$14_EN[31:0]$486 [0] $0$memwr$\cpuregs$/mnt/toshiba4tb/workspace/projects/picorv32/picorv32.v:1377$14_EN[31:0]$486 [0] $0$memwr$\cpuregs$/mnt/toshiba4tb/workspace/projects/picorv32/picorv32.v:1377$14_EN[31:0]$486 [0] }
    New ctrl vector for $pmux cell $procmux$5211: $auto$opt_reduce.cc:132:opt_mux$6597
    New input vector for $reduce_or cell $auto$opt_reduce.cc:126:opt_mux$6594: { \instr_trap \instr_rdcycle \instr_rdcycleh \instr_rdinstr \instr_rdinstrh }
    New input vector for $reduce_or cell $auto$opt_reduce.cc:126:opt_mux$6574: { $eq$/mnt/toshiba4tb/workspace/projects/picorv32/picorv32.v:1346$472_Y $procmux$3811_CMP $procmux$3773_CMP $procmux$3772_CMP $procmux$3762_CMP $procmux$4077_CMP $procmux$4072_CMP }
    New input vector for $reduce_or cell $auto$opt_reduce.cc:126:opt_mux$6576: { $eq$/mnt/toshiba4tb/workspace/projects/picorv32/picorv32.v:1346$472_Y $procmux$3811_CMP $procmux$3784_CMP $procmux$3773_CMP $procmux$3772_CMP $procmux$4077_CMP $procmux$4072_CMP }
    New input vector for $reduce_or cell $auto$opt_reduce.cc:126:opt_mux$6578: { $eq$/mnt/toshiba4tb/workspace/projects/picorv32/picorv32.v:1346$472_Y $procmux$3784_CMP $procmux$3773_CMP $procmux$3772_CMP $procmux$3762_CMP $procmux$4077_CMP $procmux$4072_CMP }
    New input vector for $reduce_or cell $auto$opt_reduce.cc:126:opt_mux$6580: { \instr_trap \is_lui_auipc_jal \is_jalr_addi_slti_sltiu_xori_ori_andi \instr_rdcycle \instr_rdcycleh \instr_rdinstr \instr_rdinstrh $logic_and$/mnt/toshiba4tb/workspace/projects/picorv32/picorv32.v:1729$583_Y }
    New input vector for $reduce_or cell $auto$opt_reduce.cc:126:opt_mux$6582: { $procmux$3762_CMP $procmux$4072_CMP }
    New input vector for $reduce_or cell $auto$opt_reduce.cc:126:opt_mux$6588: { \instr_trap \is_slli_srli_srai \instr_rdcycle \instr_rdcycleh \instr_rdinstr \instr_rdinstrh }
    New input vector for $reduce_or cell $auto$opt_reduce.cc:126:opt_mux$6592: { \instr_trap \is_slli_srli_srai \instr_rdcycle \instr_rdcycleh \instr_rdinstr \instr_rdinstrh $logic_and$/mnt/toshiba4tb/workspace/projects/picorv32/picorv32.v:1729$583_Y }
    New input vector for $reduce_or cell $auto$opt_reduce.cc:126:opt_mux$6594: { \instr_rdcycle \instr_rdcycleh \instr_rdinstr \instr_rdinstrh \instr_trap }
    New input vector for $reduce_or cell $auto$opt_reduce.cc:126:opt_mux$6580: { \instr_rdcycle \instr_rdcycleh \instr_rdinstr \instr_rdinstrh \instr_trap \is_lui_auipc_jal \is_jalr_addi_slti_sltiu_xori_ori_andi $logic_and$/mnt/toshiba4tb/workspace/projects/picorv32/picorv32.v:1729$583_Y }
    New input vector for $reduce_or cell $auto$opt_reduce.cc:126:opt_mux$6588: { \instr_rdcycle \instr_rdcycleh \instr_rdinstr \instr_rdinstrh \instr_trap \is_slli_srli_srai }
    New input vector for $reduce_or cell $auto$opt_reduce.cc:126:opt_mux$6592: { \instr_rdcycle \instr_rdcycleh \instr_rdinstr \instr_rdinstrh \instr_trap \is_slli_srli_srai $logic_and$/mnt/toshiba4tb/workspace/projects/picorv32/picorv32.v:1729$583_Y }
  Optimizing cells in module \picorv32.
Performed a total of 42 changes.

5.6.5. Executing OPT_MERGE pass (detect identical cells).
Finding identical cells in module `\picorv32'.
<suppressed ~39 debug messages>
Removed a total of 13 cells.

5.6.6. Executing OPT_RMDFF pass (remove dff with constant values).
Removing $procdff$6423 ($dff) from module picorv32.
Removing $procdff$6476 ($dff) from module picorv32.
Replaced 2 DFF cells.

5.6.7. Executing OPT_CLEAN pass (remove unused cells and wires).
Finding unused cells or wires in module \picorv32..
Removed 27 unused cells and 274 unused wires.
<suppressed ~35 debug messages>

5.6.8. Executing OPT_EXPR pass (perform const folding).
Optimizing module picorv32.

5.6.9. Rerunning OPT passes. (Maybe there is more to do..)

5.6.10. Executing OPT_MUXTREE pass (detect dead branches in mux trees).
Running muxtree optimizer on module \picorv32..
  Creating internal representation of mux trees.
  Evaluating internal representation of mux trees.
  Analyzing evaluation results.
Removed 0 multiplexer ports.
<suppressed ~140 debug messages>

5.6.11. Executing OPT_REDUCE pass (consolidate $*mux and $reduce_* inputs).
  Optimizing cells in module \picorv32.
    New ctrl vector for $pmux cell $procmux$4163: $auto$opt_reduce.cc:132:opt_mux$6599
    New ctrl vector for $pmux cell $procmux$4180: { $procmux$3811_CMP $auto$opt_reduce.cc:132:opt_mux$6601 }
    New ctrl vector for $pmux cell $procmux$4598: { $eq$/mnt/toshiba4tb/workspace/projects/picorv32/picorv32.v:1346$472_Y $procmux$3773_CMP $procmux$3772_CMP $procmux$3811_CMP $procmux$4072_CMP $auto$opt_reduce.cc:132:opt_mux$6603 }
    New ctrl vector for $pmux cell $procmux$6137: { $logic_and$/mnt/toshiba4tb/workspace/projects/picorv32/picorv32.v:395$64_Y $auto$opt_reduce.cc:132:opt_mux$6605 }
  Optimizing cells in module \picorv32.
Performed a total of 4 changes.

5.6.12. Executing OPT_MERGE pass (detect identical cells).
Finding identical cells in module `\picorv32'.
<suppressed ~6 debug messages>
Removed a total of 2 cells.

5.6.13. Executing OPT_RMDFF pass (remove dff with constant values).

5.6.14. Executing OPT_CLEAN pass (remove unused cells and wires).
Finding unused cells or wires in module \picorv32..
Removed 0 unused cells and 2 unused wires.
<suppressed ~1 debug messages>

5.6.15. Executing OPT_EXPR pass (perform const folding).
Optimizing module picorv32.

5.6.16. Rerunning OPT passes. (Maybe there is more to do..)

5.6.17. Executing OPT_MUXTREE pass (detect dead branches in mux trees).
Running muxtree optimizer on module \picorv32..
  Creating internal representation of mux trees.
  Evaluating internal representation of mux trees.
  Analyzing evaluation results.
Removed 0 multiplexer ports.
<suppressed ~140 debug messages>

5.6.18. Executing OPT_REDUCE pass (consolidate $*mux and $reduce_* inputs).
  Optimizing cells in module \picorv32.
Performed a total of 0 changes.

5.6.19. Executing OPT_MERGE pass (detect identical cells).
Finding identical cells in module `\picorv32'.
Removed a total of 0 cells.

5.6.20. Executing OPT_RMDFF pass (remove dff with constant values).

5.6.21. Executing OPT_CLEAN pass (remove unused cells and wires).
Finding unused cells or wires in module \picorv32..

5.6.22. Executing OPT_EXPR pass (perform const folding).
Optimizing module picorv32.

5.6.23. Finished OPT passes. (There is nothing left to do.)

5.7. Executing WREDUCE pass (reducing word size of cells).
Removed top 3 bits (of 4) from port A of cell picorv32.$shl$/mnt/toshiba4tb/workspace/projects/picorv32/picorv32.v:434$96 ($shl).
Removed top 30 bits (of 32) from mux cell picorv32.$ternary$/mnt/toshiba4tb/workspace/projects/picorv32/picorv32.v:632$157 ($mux).
Removed top 1 bits (of 7) from port B of cell picorv32.$eq$/mnt/toshiba4tb/workspace/projects/picorv32/picorv32.v:882$176 ($eq).
Removed top 2 bits (of 7) from port B of cell picorv32.$eq$/mnt/toshiba4tb/workspace/projects/picorv32/picorv32.v:883$177 ($eq).
Removed top 5 bits (of 7) from port B of cell picorv32.$eq$/mnt/toshiba4tb/workspace/projects/picorv32/picorv32.v:890$191 ($eq).
Removed top 1 bits (of 7) from port B of cell picorv32.$eq$/mnt/toshiba4tb/workspace/projects/picorv32/picorv32.v:891$192 ($eq).
Removed top 2 bits (of 7) from port B of cell picorv32.$eq$/mnt/toshiba4tb/workspace/projects/picorv32/picorv32.v:892$193 ($eq).
Removed top 1 bits (of 7) from port B of cell picorv32.$eq$/mnt/toshiba4tb/workspace/projects/picorv32/picorv32.v:893$194 ($eq).
Removed top 2 bits (of 3) from port B of cell picorv32.$eq$/mnt/toshiba4tb/workspace/projects/picorv32/picorv32.v:1056$250 ($eq).
Removed top 1 bits (of 3) from port B of cell picorv32.$eq$/mnt/toshiba4tb/workspace/projects/picorv32/picorv32.v:1064$264 ($eq).
Removed top 1 bits (of 3) from port B of cell picorv32.$eq$/mnt/toshiba4tb/workspace/projects/picorv32/picorv32.v:1074$280 ($eq).
Removed top 1 bits (of 7) from port B of cell picorv32.$eq$/mnt/toshiba4tb/workspace/projects/picorv32/picorv32.v:1081$298 ($eq).
Removed top 3 bits (of 7) from port B of cell picorv32.$eq$/mnt/toshiba4tb/workspace/projects/picorv32/picorv32.v:1103$374 ($eq).
Removed top 29 bits (of 32) from mux cell picorv32.$ternary$/mnt/toshiba4tb/workspace/projects/picorv32/picorv32.v:1350$473 ($mux).
Removed top 29 bits (of 32) from port B of cell picorv32.$add$/mnt/toshiba4tb/workspace/projects/picorv32/picorv32.v:1350$474 ($add).
Removed top 1 bits (of 8) from port B of cell picorv32.$eq$/mnt/toshiba4tb/workspace/projects/picorv32/picorv32.v:1346$472 ($eq).
Removed top 31 bits (of 32) from port B of cell picorv32.$add$/mnt/toshiba4tb/workspace/projects/picorv32/picorv32.v:1466$506 ($add).
Removed top 29 bits (of 32) from mux cell picorv32.$ternary$/mnt/toshiba4tb/workspace/projects/picorv32/picorv32.v:1593$557 ($mux).
Removed top 31 bits (of 32) from port B of cell picorv32.$add$/mnt/toshiba4tb/workspace/projects/picorv32/picorv32.v:1597$559 ($add).
Removed top 29 bits (of 32) from port B of cell picorv32.$ge$/mnt/toshiba4tb/workspace/projects/picorv32/picorv32.v:1868$615 ($ge).
Removed top 29 bits (of 32) from port B of cell picorv32.$sub$/mnt/toshiba4tb/workspace/projects/picorv32/picorv32.v:1875$623 ($sub).
Removed top 27 bits (of 32) from port Y of cell picorv32.$sub$/mnt/toshiba4tb/workspace/projects/picorv32/picorv32.v:1875$623 ($sub).
Removed top 31 bits (of 32) from port B of cell picorv32.$sub$/mnt/toshiba4tb/workspace/projects/picorv32/picorv32.v:1883$630 ($sub).
Removed top 27 bits (of 32) from port Y of cell picorv32.$sub$/mnt/toshiba4tb/workspace/projects/picorv32/picorv32.v:1883$630 ($sub).
Removed top 1 bits (of 2) from port B of cell picorv32.$eq$/mnt/toshiba4tb/workspace/projects/picorv32/picorv32.v:1963$655 ($eq).
Removed top 7 bits (of 8) from port B of cell picorv32.$procmux$3762_CMP0 ($eq).
Removed top 4 bits (of 8) from port B of cell picorv32.$procmux$3811_CMP0 ($eq).
Removed top 6 bits (of 8) from port B of cell picorv32.$procmux$3784_CMP0 ($eq).
Removed top 2 bits (of 8) from port B of cell picorv32.$procmux$3773_CMP0 ($eq).
Removed top 3 bits (of 8) from port B of cell picorv32.$procmux$3772_CMP0 ($eq).
Removed top 5 bits (of 8) from port B of cell picorv32.$procmux$4072_CMP0 ($eq).
Removed top 31 bits (of 32) from FF cell picorv32.$procdff$6474 ($dff).
Removed cell picorv32.$procdff$6422 ($dff).
Removed top 1 bits (of 2) from port B of cell picorv32.$procmux$6376_CMP0 ($eq).
Removed top 4 bits (of 8) from mux cell picorv32.$procmux$4620 ($pmux).
Removed top 1 bits (of 2) from port B of cell picorv32.$procmux$6089_CMP0 ($eq).
Removed top 4 bits (of 8) from wire picorv32.$procmux$4620_Y.
Removed top 1 bits (of 8) from wire picorv32.$procmux$4639_Y.
Removed top 3 bits (of 8) from wire picorv32.$procmux$4658_Y.
Removed top 27 bits (of 32) from wire picorv32.$sub$/mnt/toshiba4tb/workspace/projects/picorv32/picorv32.v:1875$623_Y.
Removed top 27 bits (of 32) from wire picorv32.$sub$/mnt/toshiba4tb/workspace/projects/picorv32/picorv32.v:1883$630_Y.
Removed top 29 bits (of 32) from wire picorv32.$ternary$/mnt/toshiba4tb/workspace/projects/picorv32/picorv32.v:1350$473_Y.
Removed top 29 bits (of 32) from wire picorv32.$ternary$/mnt/toshiba4tb/workspace/projects/picorv32/picorv32.v:1593$557_Y.

5.8. Executing MEMORY_DFF pass (merging $dff cells to $memrd and $memwr).
Checking cell `$memwr$\cpuregs$/mnt/toshiba4tb/workspace/projects/picorv32/picorv32.v:1377$690' in module `\picorv32': merged $dff to cell.

5.9. Executing OPT_CLEAN pass (remove unused cells and wires).
Finding unused cells or wires in module \picorv32..
Removed 3 unused cells and 11 unused wires.
<suppressed ~4 debug messages>

5.10. Executing MEMORY_COLLECT pass (generating $mem cells).
Collecting $memrd, $memwr and $meminit for memory `\cpuregs' in module `\picorv32':
  $memwr$\cpuregs$/mnt/toshiba4tb/workspace/projects/picorv32/picorv32.v:1377$690 ($memwr)
  $memrd$\cpuregs$/mnt/toshiba4tb/workspace/projects/picorv32/picorv32.v:1385$490 ($memrd)
  $memrd$\cpuregs$/mnt/toshiba4tb/workspace/projects/picorv32/picorv32.v:1386$493 ($memrd)

5.11. Executing OPT pass (performing simple optimizations).

5.11.1. Executing OPT_EXPR pass (perform const folding).
Optimizing module picorv32.
<suppressed ~2 debug messages>

5.11.2. Executing OPT_MERGE pass (detect identical cells).
Finding identical cells in module `\picorv32'.
Removed a total of 0 cells.

5.11.3. Executing OPT_RMDFF pass (remove dff with constant values).

5.11.4. Executing OPT_CLEAN pass (remove unused cells and wires).
Finding unused cells or wires in module \picorv32..
Removed 0 unused cells and 2 unused wires.
<suppressed ~1 debug messages>

5.11.5. Finished fast OPT passes.

5.12. Printing statistics.

=== picorv32 ===

   Number of wires:                638
   Number of wire bits:           4570
   Number of public wires:         164
   Number of public wire bits:    1452
   Number of memories:               0
   Number of memory bits:            0
   Number of processes:              0
   Number of cells:                616
     $add                            9
     $and                            4
     $dff                          103
     $eq                            42
     $ge                             1
     $logic_and                     80
     $logic_not                     19
     $logic_or                      22
     $lt                             2
     $mem                            1
     $mux                          255
     $not                            1
     $or                             1
     $pmux                          42
     $reduce_and                     1
     $reduce_bool                    3
     $reduce_or                     25
     $shl                            1
     $sub                            3
     $xor                            1

5.13. Executing CHECK pass (checking for obvious problems).
checking module picorv32..
found and reported 0 problems.

6. Executing CHECK pass (checking for obvious problems).
checking module picorv32..
found and reported 0 problems.

7. Printing statistics.

=== picorv32 ===

   Number of wires:                638
   Number of wire bits:           4570
   Number of public wires:         164
   Number of public wire bits:    1452
   Number of memories:               0
   Number of memory bits:            0
   Number of processes:              0
   Number of cells:                616
     $add                            9
     $and                            4
     $dff                          103
     $eq                            42
     $ge                             1
     $logic_and                     80
     $logic_not                     19
     $logic_or                      22
     $lt                             2
     $mem                            1
     $mux                          255
     $not                            1
     $or                             1
     $pmux                          42
     $reduce_and                     1
     $reduce_bool                    3
     $reduce_or                     25
     $shl                            1
     $sub                            3
     $xor                            1

End of script. Logfile hash: 4ac0ddbd07
CPU: user 0.93s system 0.01s, MEM: 34.94 MB total, 29.25 MB resident
Yosys 0.9 (git sha1 1979e0b)
Time spent: 25% 5x read_verilog (0 sec), 18% 6x opt_clean (0 sec), ...
