Info: constrained 'clk' to bel 'X12/Y31/io1'
Info: constrained 'resetn' to bel 'X8/Y0/io0'
Info: constrained 'trap' to bel 'X6/Y31/io0'
Warning: unmatched constraint 'uart_tx' (on line 7)
Warning: unmatched constraint 'uart_rx' (on line 8)
Warning: IO 'mem_wstrb[3]' is unconstrained in PCF and will be automatically placed
Warning: IO 'mem_wstrb[2]' is unconstrained in PCF and will be automatically placed
Warning: IO 'mem_wstrb[1]' is unconstrained in PCF and will be automatically placed
Warning: IO 'mem_wstrb[0]' is unconstrained in PCF and will be automatically placed
Warning: IO 'mem_wdata_lo[7]' is unconstrained in PCF and will be automatically placed
Warning: IO 'mem_wdata_lo[6]' is unconstrained in PCF and will be automatically placed
Warning: IO 'mem_wdata_lo[5]' is unconstrained in PCF and will be automatically placed
Warning: IO 'mem_wdata_lo[4]' is unconstrained in PCF and will be automatically placed
Warning: IO 'mem_wdata_lo[3]' is unconstrained in PCF and will be automatically placed
Warning: IO 'mem_wdata_lo[2]' is unconstrained in PCF and will be automatically placed
Warning: IO 'mem_wdata_lo[1]' is unconstrained in PCF and will be automatically placed
Warning: IO 'mem_wdata_lo[0]' is unconstrained in PCF and will be automatically placed
Warning: IO 'mem_valid' is unconstrained in PCF and will be automatically placed
Warning: IO 'mem_instr' is unconstrained in PCF and will be automatically placed
Warning: IO 'mem_addr_lo[7]' is unconstrained in PCF and will be automatically placed
Warning: IO 'mem_addr_lo[6]' is unconstrained in PCF and will be automatically placed
Warning: IO 'mem_addr_lo[5]' is unconstrained in PCF and will be automatically placed
Warning: IO 'mem_addr_lo[4]' is unconstrained in PCF and will be automatically placed
Warning: IO 'mem_addr_lo[3]' is unconstrained in PCF and will be automatically placed
Warning: IO 'mem_addr_lo[2]' is unconstrained in PCF and will be automatically placed
Warning: IO 'mem_addr_lo[1]' is unconstrained in PCF and will be automatically placed
Warning: IO 'mem_addr_lo[0]' is unconstrained in PCF and will be automatically placed

Info: Packing constants..
Info: Packing IOs..
Info: Packing LUT-FFs..
Info:     1404 LCs used as LUT4 only
Info:      403 LCs used as LUT4 and DFF
Info: Packing non-LUT FFs..
Info:      163 LCs used as DFF only
Info: Packing carries..
Info:       71 LCs used as CARRY only
Info: Packing RAMs..
Info: Placing PLLs..
Info: Packing special functions..
Info: Packing PLLs..
Info: Promoting globals..
Info: promoting clk$SB_IO_IN (fanout 574)
Info: promoting $abc$26362$auto$rtlil.cc:1969:NotGate$25850 [reset] (fanout 224)
Info: promoting mem_valid$SB_IO_OUT [reset] (fanout 68)
Info: promoting $abc$26362$auto$rtlil.cc:1969:NotGate$25856 [reset] (fanout 31)
Info: promoting $abc$26362$auto$dff2dffe.cc:158:make_patterns_logic$21671 [cen] (fanout 64)
Info: promoting $abc$26362$auto$dff2dffe.cc:175:make_patterns_logic$23669 [cen] (fanout 63)
Info: promoting $abc$26362$auto$dff2dffe.cc:158:make_patterns_logic$20817 [cen] (fanout 49)
Info: promoting $abc$26362$auto$dff2dffe.cc:158:make_patterns_logic$20790 [cen] (fanout 45)
Info: Constraining chains...
Info:        5 LCs used to legalise carry chains.
Info: Checksum: 0xc0e34afe

Info: Annotating ports with timing budgets for target frequency 12.00 MHz
Info: Checksum: 0x5c2af77c

Info: Device utilisation:
Info: 	         ICESTORM_LC:  2048/ 5280    38%
Info: 	        ICESTORM_RAM:     4/   30    13%
Info: 	               SB_IO:    25/   96    26%
Info: 	               SB_GB:     8/    8   100%
Info: 	        ICESTORM_PLL:     0/    1     0%
Info: 	         SB_WARMBOOT:     0/    1     0%
Info: 	        ICESTORM_DSP:     0/    8     0%
Info: 	      ICESTORM_HFOSC:     0/    1     0%
Info: 	      ICESTORM_LFOSC:     0/    1     0%
Info: 	              SB_I2C:     0/    2     0%
Info: 	              SB_SPI:     0/    2     0%
Info: 	              IO_I3C:     0/    2     0%
Info: 	         SB_LEDDA_IP:     0/    1     0%
Info: 	         SB_RGBA_DRV:     0/    1     0%
Info: 	      ICESTORM_SPRAM:     0/    4     0%

Info: Placed 3 cells based on constraints.
Info: Creating initial analytic placement for 1717 cells, random placement wirelen = 49928.
Info:     at initial placer iter 0, wirelen = 1208
Info:     at initial placer iter 1, wirelen = 1220
Info:     at initial placer iter 2, wirelen = 1450
Info:     at initial placer iter 3, wirelen = 1224
Info: Running main analytical placer.
Info:     at iteration #1, type ALL: wirelen solved = 1640, spread = 14384, legal = 15509; time = 0.04s
Info:     at iteration #2, type ALL: wirelen solved = 1303, spread = 12963, legal = 13517; time = 0.03s
Info:     at iteration #3, type ALL: wirelen solved = 1696, spread = 13408, legal = 13865; time = 0.03s
Info:     at iteration #4, type ALL: wirelen solved = 1812, spread = 13117, legal = 13794; time = 0.03s
Info:     at iteration #5, type ALL: wirelen solved = 2379, spread = 12620, legal = 13365; time = 0.03s
Info:     at iteration #6, type ALL: wirelen solved = 2929, spread = 12032, legal = 12880; time = 0.03s
Info:     at iteration #7, type ALL: wirelen solved = 3236, spread = 12099, legal = 12769; time = 0.03s
Info:     at iteration #8, type ALL: wirelen solved = 3620, spread = 11215, legal = 12166; time = 0.03s
Info:     at iteration #9, type ALL: wirelen solved = 3894, spread = 10352, legal = 11313; time = 0.03s
Info:     at iteration #10, type ALL: wirelen solved = 4382, spread = 9932, legal = 11520; time = 0.04s
Info:     at iteration #11, type ALL: wirelen solved = 4749, spread = 9626, legal = 10539; time = 0.03s
Info:     at iteration #12, type ALL: wirelen solved = 4980, spread = 9288, legal = 10269; time = 0.03s
Info:     at iteration #13, type ALL: wirelen solved = 4962, spread = 9188, legal = 11009; time = 0.04s
Info:     at iteration #14, type ALL: wirelen solved = 5183, spread = 9275, legal = 11177; time = 0.04s
Info:     at iteration #15, type ALL: wirelen solved = 5425, spread = 9115, legal = 10311; time = 0.03s
Info:     at iteration #16, type ALL: wirelen solved = 5650, spread = 9015, legal = 10803; time = 0.04s
Info:     at iteration #17, type ALL: wirelen solved = 5646, spread = 8994, legal = 10855; time = 0.04s
Info: HeAP Placer Time: 0.83s
Info:   of which solving equations: 0.43s
Info:   of which spreading cells: 0.06s
Info:   of which strict legalisation: 0.13s

Info: Running simulated annealing placer for refinement.
Info:   at iteration #1: temp = 0.000000, timing cost = 479, wirelen = 10269
Info:   at iteration #5: temp = 0.000000, timing cost = 456, wirelen = 8963
Info:   at iteration #10: temp = 0.000000, timing cost = 415, wirelen = 8500
Info:   at iteration #15: temp = 0.000000, timing cost = 405, wirelen = 8230
Info:   at iteration #20: temp = 0.000000, timing cost = 400, wirelen = 8101
Info:   at iteration #25: temp = 0.000000, timing cost = 399, wirelen = 8052
Info:   at iteration #30: temp = 0.000000, timing cost = 400, wirelen = 8026
Info:   at iteration #34: temp = 0.000000, timing cost = 400, wirelen = 8010 
Info: SA placement time 2.91s

Info: Max frequency for clock 'clk$SB_IO_IN_$glb_clk': 21.73 MHz (PASS at 12.00 MHz)

Info: Max delay <async>                       -> posedge clk$SB_IO_IN_$glb_clk: 23.91 ns
Info: Max delay posedge clk$SB_IO_IN_$glb_clk -> <async>                      : 9.52 ns

Info: Slack histogram:
Info:  legend: * represents 7 endpoint(s)
Info:          + represents [1,7) endpoint(s)
Info: [ 37316,  39460) |*+
Info: [ 39460,  41604) |+
Info: [ 41604,  43748) |+
Info: [ 43748,  45892) |+
Info: [ 45892,  48036) |+
Info: [ 48036,  50180) |+
Info: [ 50180,  52324) |+
Info: [ 52324,  54468) |********+
Info: [ 54468,  56612) |*********+
Info: [ 56612,  58756) |****+
Info: [ 58756,  60900) |******************+
Info: [ 60900,  63044) |*****************************+
Info: [ 63044,  65188) |*****************+
Info: [ 65188,  67332) |*************************+
Info: [ 67332,  69476) |*****************************************+
Info: [ 69476,  71620) |*********************************************+
Info: [ 71620,  73764) |************************************************************ 
Info: [ 73764,  75908) |************************+
Info: [ 75908,  78052) |*****************************************+
Info: [ 78052,  80196) |**********************************************+
Info: Checksum: 0x018302c0

Info: Routing..
Info: Setting up routing queue.
Info: Routing 6843 arcs.
Info:            |   (re-)routed arcs  |   delta    | remaining|       time spent     |
Info:    IterCnt |  w/ripup   wo/ripup |  w/r  wo/r |      arcs| batch(sec) total(sec)|
Info:       1000 |       10        692 |   10   692 |      5854|       0.04       0.04|
Info:       2000 |       43       1659 |   33   967 |      4931|       0.11       0.15|
Info:       3000 |      139       2563 |   96   904 |      4051|       0.09       0.24|
Info:       4000 |      284       3418 |  145   855 |      3236|       0.16       0.40|
Info:       5000 |      430       4272 |  146   854 |      2491|       0.17       0.57|
Info:       6000 |      754       4948 |  324   676 |      1984|       0.24       0.81|
Info:       7000 |     1072       5630 |  318   682 |      1525|       0.23       1.04|
Info:       8000 |     1501       6201 |  429   571 |      1181|       0.27       1.31|
Info:       9000 |     1926       6776 |  425   575 |       979|       0.26       1.57|
Info:      10000 |     2331       7371 |  405   595 |       746|       0.29       1.86|
Info:      11000 |     2835       7867 |  504   496 |       606|       0.27       2.13|
Info:      12000 |     3193       8509 |  358   642 |       257|       0.23       2.37|
Info:      12585 |     3356       8932 |  163   423 |         0|       0.24       2.60|
Info: Routing complete.
Info: Router1 time 2.60s
Info: Checksum: 0x51c11ee6

Info: Critical path report for clock 'clk$SB_IO_IN_$glb_clk' (posedge -> posedge):
Info: curr total
Info:  1.4  1.4  Source $abc$26362$auto$blifparse.cc:492:parse_blif$27003_LC.O
Info:  3.6  5.0    Net u_core.ksa_add_b_buf[1] budget 5.028000 ns (5,1) -> (7,8)
Info:                Sink $abc$26362$auto$blifparse.cc:492:parse_blif$27306_LC.I2
Info:                Defined in:
Info:                  synth/picorv32_baseline_c_ksa_wrapper.v:24
Info:                  ../picorv32.v:1242
Info:                  rtl/ksa/ksa_adder.v:7
Info:  1.2  6.2  Source $abc$26362$auto$blifparse.cc:492:parse_blif$27306_LC.O
Info:  1.8  8.0    Net $abc$26362$u_core.u_alu_sub_ksa.carry[2]_new_inv_ budget 5.028000 ns (7,8) -> (8,8)
Info:                Sink $abc$26362$auto$blifparse.cc:492:parse_blif$27333_LC.I0
Info:  1.3  9.2  Source $abc$26362$auto$blifparse.cc:492:parse_blif$27333_LC.O
Info:  1.8 11.0    Net $abc$26362$u_core.u_alu_sub_ksa.carry[3]_new_inv_ budget 5.028000 ns (8,8) -> (9,9)
Info:                Sink $abc$26362$auto$blifparse.cc:492:parse_blif$27342_LC.I0
Info:  1.3 12.3  Source $abc$26362$auto$blifparse.cc:492:parse_blif$27342_LC.O
Info:  3.0 15.2    Net $abc$26362$u_core.u_alu_sub_ksa.carry[4]_new_inv_ budget 5.027000 ns (9,9) -> (12,10)
Info:                Sink $abc$26362$auto$blifparse.cc:492:parse_blif$27350_LC.I0
Info:  1.3 16.5  Source $abc$26362$auto$blifparse.cc:492:parse_blif$27350_LC.O
Info:  1.8 18.3    Net $abc$26362$u_core.u_alu_sub_ksa.carry[5]_new_inv_ budget 5.031000 ns (12,10) -> (13,10)
Info:                Sink $abc$26362$auto$blifparse.cc:492:parse_blif$27407_LC.I0
Info:  1.3 19.6  Source $abc$26362$auto$blifparse.cc:492:parse_blif$27407_LC.O
Info:  1.8 21.3    Net $abc$26362$new_n2319_ budget 5.031000 ns (13,10) -> (13,11)
Info:                Sink $abc$26362$auto$blifparse.cc:492:parse_blif$27442_LC.I0
Info:  1.3 22.6  Source $abc$26362$auto$blifparse.cc:492:parse_blif$27442_LC.O
Info:  3.0 25.6    Net $abc$26362$u_core.u_alu_sub_ksa.carry[11]_new_inv_ budget 5.031000 ns (13,11) -> (13,15)
Info:                Sink $abc$26362$auto$blifparse.cc:492:parse_blif$27500_LC.I0
Info:  1.3 26.8  Source $abc$26362$auto$blifparse.cc:492:parse_blif$27500_LC.O
Info:  1.8 28.6    Net $abc$26362$u_core.u_alu_sub_ksa.carry[15]_new_inv_ budget 5.031000 ns (13,15) -> (13,16)
Info:                Sink $abc$26362$auto$blifparse.cc:492:parse_blif$27533_LC.I0
Info:  1.3 29.9  Source $abc$26362$auto$blifparse.cc:492:parse_blif$27533_LC.O
Info:  2.4 32.3    Net $abc$26362$u_core.u_alu_sub_ksa.carry[17]_new_inv_ budget 5.031000 ns (13,16) -> (13,18)
Info:                Sink $abc$26362$auto$blifparse.cc:492:parse_blif$27584_LC.I1
Info:  1.2 33.5  Source $abc$26362$auto$blifparse.cc:492:parse_blif$27584_LC.O
Info:  2.4 35.9    Net $abc$26362$u_core.u_alu_sub_ksa.carry[21]_new_inv_ budget 5.031000 ns (13,18) -> (13,19)
Info:                Sink $abc$26362$auto$blifparse.cc:492:parse_blif$27640_LC.I0
Info:  1.3 37.2  Source $abc$26362$auto$blifparse.cc:492:parse_blif$27640_LC.O
Info:  1.8 39.0    Net $abc$26362$new_n2604_ budget 5.031000 ns (13,19) -> (13,19)
Info:                Sink $abc$26362$auto$blifparse.cc:492:parse_blif$27672_LC.I0
Info:  1.3 40.3  Source $abc$26362$auto$blifparse.cc:492:parse_blif$27672_LC.O
Info:  1.8 42.0    Net $abc$26362$u_core.u_alu_sub_ksa.carry[27]_new_inv_ budget 5.031000 ns (13,19) -> (13,19)
Info:                Sink $abc$26362$auto$blifparse.cc:492:parse_blif$27671_LC.I0
Info:  1.3 43.3  Source $abc$26362$auto$blifparse.cc:492:parse_blif$27671_LC.O
Info:  1.8 45.1    Net $abc$26362$u_core.alu_add_sub[27]_new_ budget 5.031000 ns (13,19) -> (14,18)
Info:                Sink $abc$26362$auto$blifparse.cc:492:parse_blif$27670_LC.I1
Info:                Defined in:
Info:                  synth/picorv32_baseline_c_ksa_wrapper.v:24
Info:                  ../picorv32.v:1226
Info:  1.2 46.3  Setup $abc$26362$auto$blifparse.cc:492:parse_blif$27670_LC.I1
Info: 17.8 ns logic, 28.4 ns routing

Info: Critical path report for cross-domain path '<async>' -> 'posedge clk$SB_IO_IN_$glb_clk':
Info: curr total
Info:  0.0  0.0  Source resetn$sb_io.D_IN_0
Info:  3.5  3.5    Net resetn$SB_IO_IN budget 12.671000 ns (8,0) -> (1,3)
Info:                Sink $abc$26362$auto$blifparse.cc:492:parse_blif$26389_LC.I1
Info:                Defined in:
Info:                  synth/picorv32_baseline_c_ksa_wrapper.v:24
Info:                  ../picorv32.v:91
Info:  1.2  4.7  Source $abc$26362$auto$blifparse.cc:492:parse_blif$26389_LC.O
Info:  1.8  6.5    Net $abc$26362$auto$simplemap.cc:250:simplemap_eqne$11222[4]_new_inv_ budget 8.753000 ns (1,3) -> (2,3)
Info:                Sink $abc$26362$auto$blifparse.cc:492:parse_blif$26494_LC.I1
Info:  1.2  7.7  Source $abc$26362$auto$blifparse.cc:492:parse_blif$26494_LC.O
Info:  1.8  9.5    Net $abc$26362$techmap\u_core.$3\set_mem_do_rdata[0:0]_new_ budget 8.753000 ns (2,3) -> (2,3)
Info:                Sink $abc$26362$auto$blifparse.cc:492:parse_blif$26493_LC.I0
Info:                Defined in:
Info:                  synth/picorv32_baseline_c_ksa_wrapper.v:24
Info:                  ../picorv32.v:1436
Info:  1.3 10.8  Source $abc$26362$auto$blifparse.cc:492:parse_blif$26493_LC.O
Info:  3.1 13.8    Net $abc$26362$techmap\u_core.$2\set_mem_do_rdata[0:0] budget 8.753000 ns (2,3) -> (2,9)
Info:                Sink $abc$26362$auto$blifparse.cc:492:parse_blif$26492_LC.I2
Info:                Defined in:
Info:                  synth/picorv32_baseline_c_ksa_wrapper.v:24
Info:                  ../picorv32.v:1436
Info:  1.2 15.0  Source $abc$26362$auto$blifparse.cc:492:parse_blif$26492_LC.O
Info:  3.0 18.0    Net $abc$26362$new_n1371_ budget 9.008000 ns (2,9) -> (4,7)
Info:                Sink $abc$26362$auto$blifparse.cc:492:parse_blif$26598_LC.I2
Info:  1.2 19.2  Source $abc$26362$auto$blifparse.cc:492:parse_blif$26598_LC.O
Info:  3.0 22.2    Net $abc$26362$new_n1477_ budget 9.008000 ns (4,7) -> (7,7)
Info:                Sink $abc$26362$auto$blifparse.cc:492:parse_blif$26597_LC.I2
Info:  1.2 23.3  Setup $abc$26362$auto$blifparse.cc:492:parse_blif$26597_LC.I2
Info: 7.3 ns logic, 16.0 ns routing

Info: Critical path report for cross-domain path 'posedge clk$SB_IO_IN_$glb_clk' -> '<async>':
Info: curr total
Info:  1.4  1.4  Source $abc$26362$auto$blifparse.cc:492:parse_blif$26814_LC.O
Info:  8.2  9.6    Net mem_wstrb[0]$SB_IO_OUT budget 81.943001 ns (4,1) -> (18,31)
Info:                Sink mem_wstrb[0]$sb_io.D_OUT_0
Info:                Defined in:
Info:                  synth/picorv32_baseline_c_ksa_wrapper.v:24
Info:                  ../picorv32.v:100
Info: 1.4 ns logic, 8.2 ns routing

Info: Max frequency for clock 'clk$SB_IO_IN_$glb_clk': 21.62 MHz (PASS at 12.00 MHz)

Info: Max delay <async>                       -> posedge clk$SB_IO_IN_$glb_clk: 23.33 ns
Info: Max delay posedge clk$SB_IO_IN_$glb_clk -> <async>                      : 9.64 ns

Info: Slack histogram:
Info:  legend: * represents 9 endpoint(s)
Info:          + represents [1,9) endpoint(s)
Info: [ 37076,  39232) |+
Info: [ 39232,  41388) |+
Info: [ 41388,  43544) |+
Info: [ 43544,  45700) |+
Info: [ 45700,  47856) |+
Info: [ 47856,  50012) |+
Info: [ 50012,  52168) |+
Info: [ 52168,  54324) |***+
Info: [ 54324,  56480) |***+
Info: [ 56480,  58636) |***+
Info: [ 58636,  60792) |****************+
Info: [ 60792,  62948) |*****************+
Info: [ 62948,  65104) |************+
Info: [ 65104,  67260) |************************+
Info: [ 67260,  69416) |**********************+
Info: [ 69416,  71572) |************************+
Info: [ 71572,  73728) |**************************+
Info: [ 73728,  75884) |****************************+
Info: [ 75884,  78040) |************************************************************ 
Info: [ 78040,  80196) |***********************************+
24 warnings, 0 errors

Info: Program finished normally.
