Info: constrained 'clk' to bel 'X12/Y31/io1'
Info: constrained 'resetn' to bel 'X8/Y0/io0'
Info: constrained 'trap' to bel 'X6/Y31/io0'
Warning: unmatched constraint 'uart_tx' (on line 7)
Warning: unmatched constraint 'uart_rx' (on line 8)
Warning: IO 'mem_wstrb[3]' is unconstrained in PCF and will be automatically placed
Warning: IO 'mem_wstrb[2]' is unconstrained in PCF and will be automatically placed
Warning: IO 'mem_wstrb[1]' is unconstrained in PCF and will be automatically placed
Warning: IO 'mem_wstrb[0]' is unconstrained in PCF and will be automatically placed
Warning: IO 'mem_wdata_lo[7]' is unconstrained in PCF and will be automatically placed
Warning: IO 'mem_wdata_lo[6]' is unconstrained in PCF and will be automatically placed
Warning: IO 'mem_wdata_lo[5]' is unconstrained in PCF and will be automatically placed
Warning: IO 'mem_wdata_lo[4]' is unconstrained in PCF and will be automatically placed
Warning: IO 'mem_wdata_lo[3]' is unconstrained in PCF and will be automatically placed
Warning: IO 'mem_wdata_lo[2]' is unconstrained in PCF and will be automatically placed
Warning: IO 'mem_wdata_lo[1]' is unconstrained in PCF and will be automatically placed
Warning: IO 'mem_wdata_lo[0]' is unconstrained in PCF and will be automatically placed
Warning: IO 'mem_valid' is unconstrained in PCF and will be automatically placed
Warning: IO 'mem_instr' is unconstrained in PCF and will be automatically placed
Warning: IO 'mem_addr_lo[7]' is unconstrained in PCF and will be automatically placed
Warning: IO 'mem_addr_lo[6]' is unconstrained in PCF and will be automatically placed
Warning: IO 'mem_addr_lo[5]' is unconstrained in PCF and will be automatically placed
Warning: IO 'mem_addr_lo[4]' is unconstrained in PCF and will be automatically placed
Warning: IO 'mem_addr_lo[3]' is unconstrained in PCF and will be automatically placed
Warning: IO 'mem_addr_lo[2]' is unconstrained in PCF and will be automatically placed
Warning: IO 'mem_addr_lo[1]' is unconstrained in PCF and will be automatically placed
Warning: IO 'mem_addr_lo[0]' is unconstrained in PCF and will be automatically placed

Info: Packing constants..
Info: Packing IOs..
Info: Packing LUT-FFs..
Info:     1258 LCs used as LUT4 only
Info:      403 LCs used as LUT4 and DFF
Info: Packing non-LUT FFs..
Info:      163 LCs used as DFF only
Info: Packing carries..
Info:       40 LCs used as CARRY only
Info: Packing RAMs..
Info: Placing PLLs..
Info: Packing special functions..
Info: Packing PLLs..
Info: Promoting globals..
Info: promoting clk$SB_IO_IN (fanout 574)
Info: promoting $abc$19734$auto$rtlil.cc:1969:NotGate$19222 [reset] (fanout 224)
Info: promoting mem_valid$SB_IO_OUT [reset] (fanout 68)
Info: promoting $abc$19734$auto$rtlil.cc:1969:NotGate$19228 [reset] (fanout 31)
Info: promoting $abc$19734$auto$dff2dffe.cc:158:make_patterns_logic$15043 [cen] (fanout 64)
Info: promoting $abc$19734$auto$dff2dffe.cc:175:make_patterns_logic$17041 [cen] (fanout 63)
Info: promoting $abc$19734$auto$dff2dffe.cc:158:make_patterns_logic$14189 [cen] (fanout 49)
Info: promoting $abc$19734$auto$dff2dffe.cc:158:make_patterns_logic$14162 [cen] (fanout 45)
Info: Constraining chains...
Info:        6 LCs used to legalise carry chains.
Info: Checksum: 0xc59653b0

Info: Annotating ports with timing budgets for target frequency 12.00 MHz
Info: Checksum: 0x874c7dcd

Info: Device utilisation:
Info: 	         ICESTORM_LC:  1872/ 5280    35%
Info: 	        ICESTORM_RAM:     4/   30    13%
Info: 	               SB_IO:    25/   96    26%
Info: 	               SB_GB:     8/    8   100%
Info: 	        ICESTORM_PLL:     0/    1     0%
Info: 	         SB_WARMBOOT:     0/    1     0%
Info: 	        ICESTORM_DSP:     0/    8     0%
Info: 	      ICESTORM_HFOSC:     0/    1     0%
Info: 	      ICESTORM_LFOSC:     0/    1     0%
Info: 	              SB_I2C:     0/    2     0%
Info: 	              SB_SPI:     0/    2     0%
Info: 	              IO_I3C:     0/    2     0%
Info: 	         SB_LEDDA_IP:     0/    1     0%
Info: 	         SB_RGBA_DRV:     0/    1     0%
Info: 	      ICESTORM_SPRAM:     0/    4     0%

Info: Placed 3 cells based on constraints.
Info: Creating initial analytic placement for 1510 cells, random placement wirelen = 45605.
Info:     at initial placer iter 0, wirelen = 1342
Info:     at initial placer iter 1, wirelen = 1278
Info:     at initial placer iter 2, wirelen = 1242
Info:     at initial placer iter 3, wirelen = 1218
Info: Running main analytical placer.
Info:     at iteration #1, type ALL: wirelen solved = 1260, spread = 15574, legal = 16134; time = 0.03s
Info:     at iteration #2, type ALL: wirelen solved = 1251, spread = 14065, legal = 14610; time = 0.03s
Info:     at iteration #3, type ALL: wirelen solved = 1461, spread = 14340, legal = 14874; time = 0.03s
Info:     at iteration #4, type ALL: wirelen solved = 1587, spread = 13540, legal = 14148; time = 0.03s
Info:     at iteration #5, type ALL: wirelen solved = 2064, spread = 12567, legal = 13249; time = 0.02s
Info:     at iteration #6, type ALL: wirelen solved = 2296, spread = 12438, legal = 13275; time = 0.02s
Info:     at iteration #7, type ALL: wirelen solved = 2591, spread = 11992, legal = 12741; time = 0.03s
Info:     at iteration #8, type ALL: wirelen solved = 3046, spread = 10868, legal = 11597; time = 0.03s
Info:     at iteration #9, type ALL: wirelen solved = 3571, spread = 10770, legal = 11362; time = 0.03s
Info:     at iteration #10, type ALL: wirelen solved = 3835, spread = 11567, legal = 12135; time = 0.03s
Info:     at iteration #11, type ALL: wirelen solved = 4178, spread = 10843, legal = 11732; time = 0.02s
Info:     at iteration #12, type ALL: wirelen solved = 4206, spread = 10676, legal = 11452; time = 0.02s
Info:     at iteration #13, type ALL: wirelen solved = 4453, spread = 9980, legal = 10888; time = 0.03s
Info:     at iteration #14, type ALL: wirelen solved = 4547, spread = 10231, legal = 11291; time = 0.03s
Info:     at iteration #15, type ALL: wirelen solved = 4892, spread = 9644, legal = 10445; time = 0.02s
Info:     at iteration #16, type ALL: wirelen solved = 5059, spread = 9123, legal = 10596; time = 0.02s
Info:     at iteration #17, type ALL: wirelen solved = 5275, spread = 9720, legal = 10702; time = 0.02s
Info:     at iteration #18, type ALL: wirelen solved = 5449, spread = 9015, legal = 10010; time = 0.02s
Info:     at iteration #19, type ALL: wirelen solved = 5626, spread = 9377, legal = 10635; time = 0.03s
Info:     at iteration #20, type ALL: wirelen solved = 5863, spread = 8935, legal = 10236; time = 0.03s
Info:     at iteration #21, type ALL: wirelen solved = 5899, spread = 9236, legal = 10356; time = 0.03s
Info:     at iteration #22, type ALL: wirelen solved = 6092, spread = 8659, legal = 10214; time = 0.03s
Info:     at iteration #23, type ALL: wirelen solved = 6051, spread = 9263, legal = 10545; time = 0.02s
Info: HeAP Placer Time: 0.92s
Info:   of which solving equations: 0.49s
Info:   of which spreading cells: 0.07s
Info:   of which strict legalisation: 0.09s

Info: Running simulated annealing placer for refinement.
Info:   at iteration #1: temp = 0.000000, timing cost = 280, wirelen = 10010
Info:   at iteration #5: temp = 0.000000, timing cost = 332, wirelen = 8792
Info:   at iteration #10: temp = 0.000000, timing cost = 309, wirelen = 8431
Info:   at iteration #15: temp = 0.000000, timing cost = 296, wirelen = 8170
Info:   at iteration #20: temp = 0.000000, timing cost = 293, wirelen = 8081
Info:   at iteration #25: temp = 0.000000, timing cost = 292, wirelen = 8059
Info:   at iteration #28: temp = 0.000000, timing cost = 292, wirelen = 8051 
Info: SA placement time 2.13s

Info: Max frequency for clock 'clk$SB_IO_IN_$glb_clk': 27.05 MHz (PASS at 12.00 MHz)

Info: Max delay <async>                       -> posedge clk$SB_IO_IN_$glb_clk: 20.68 ns
Info: Max delay posedge clk$SB_IO_IN_$glb_clk -> <async>                      : 8.48 ns

Info: Slack histogram:
Info:  legend: * represents 6 endpoint(s)
Info:          + represents [1,6) endpoint(s)
Info: [ 46358,  48050) |+
Info: [ 48050,  49742) |+
Info: [ 49742,  51434) |+
Info: [ 51434,  53126) |+
Info: [ 53126,  54818) |+
Info: [ 54818,  56510) |+
Info: [ 56510,  58202) |****+
Info: [ 58202,  59894) |****************+
Info: [ 59894,  61586) |********+
Info: [ 61586,  63278) |********************+
Info: [ 63278,  64970) |****************************************+
Info: [ 64970,  66662) |*******************************+
Info: [ 66662,  68354) |*************************+
Info: [ 68354,  70046) |*****************************************+
Info: [ 70046,  71738) |************************************************************ 
Info: [ 71738,  73430) |*****************************+
Info: [ 73430,  75122) |***********************+
Info: [ 75122,  76814) |**************************+
Info: [ 76814,  78506) |*****************************************+
Info: [ 78506,  80198) |**************************************+
Info: Checksum: 0x1482251c

Info: Routing..
Info: Setting up routing queue.
Info: Routing 6510 arcs.
Info:            |   (re-)routed arcs  |   delta    | remaining|       time spent     |
Info:    IterCnt |  w/ripup   wo/ripup |  w/r  wo/r |      arcs| batch(sec) total(sec)|
Info:       1000 |       29        646 |   29   646 |      5543|       0.03       0.03|
Info:       2000 |       87       1588 |   58   942 |      4612|       0.08       0.11|
Info:       3000 |      191       2484 |  104   896 |      3752|       0.09       0.20|
Info:       4000 |      353       3322 |  162   838 |      2978|       0.13       0.33|
Info:       5000 |      566       4109 |  213   787 |      2295|       0.16       0.49|
Info:       6000 |      891       4784 |  325   675 |      1799|       0.21       0.70|
Info:       7000 |     1344       5331 |  453   547 |      1465|       0.21       0.91|
Info:       8000 |     1765       5910 |  421   579 |      1115|       0.24       1.14|
Info:       9000 |     2301       6374 |  536   464 |       934|       0.26       1.41|
Info:      10000 |     2778       6897 |  477   523 |       712|       0.38       1.79|
Info:      11000 |     3262       7413 |  484   516 |       513|       0.27       2.06|
Info:      12000 |     3597       8078 |  335   665 |        26|       0.28       2.34|
Info:      12044 |     3609       8111 |   12    33 |         0|       0.03       2.37|
Info: Routing complete.
Info: Router1 time 2.37s
Info: Checksum: 0xa6b465a0

Info: Critical path report for clock 'clk$SB_IO_IN_$glb_clk' (posedge -> posedge):
Info: curr total
Info:  1.4  1.4  Source $abc$19734$auto$blifparse.cc:492:parse_blif$20163_LC.O
Info:  1.8  3.2    Net u_core.ksa_add_b_buf[0] budget 0.000000 ns (2,7) -> (2,8)
Info:                Sink $abc$19734$auto$blifparse.cc:492:parse_blif$20997_LC.I0
Info:                Defined in:
Info:                  synth/picorv32_baseline_c_wrapper.v:24
Info:                  ../picorv32.v:177
Info:  1.3  4.4  Source $abc$19734$auto$blifparse.cc:492:parse_blif$20997_LC.O
Info:  1.8  6.2    Net u_core.ksa_sub_b_buf[0] budget 0.000000 ns (2,8) -> (3,9)
Info:                Sink $auto$alumacc.cc:474:replace_alu$4554.slice[0].carry$CARRY.I2
Info:                Defined in:
Info:                  synth/picorv32_baseline_c_wrapper.v:24
Info:                  ../picorv32.v:1235
Info:  0.6  6.8  Source $auto$alumacc.cc:474:replace_alu$4554.slice[0].carry$CARRY.COUT
Info:  0.0  6.8    Net $auto$alumacc.cc:474:replace_alu$4554.C[1] budget 0.000000 ns (3,9) -> (3,9)
Info:                Sink $auto$alumacc.cc:474:replace_alu$4554.slice[1].adder_LC.CIN
Info:                Defined in:
Info:                  synth/picorv32_baseline_c_wrapper.v:24
Info:                  ../picorv32.v:1258
Info:                  /usr/bin/../share/yosys/ice40/arith_map.v:43
Info:  0.3  7.1  Source $auto$alumacc.cc:474:replace_alu$4554.slice[1].adder_LC.COUT
Info:  0.0  7.1    Net $auto$alumacc.cc:474:replace_alu$4554.C[2] budget 0.000000 ns (3,9) -> (3,9)
Info:                Sink $auto$alumacc.cc:474:replace_alu$4554.slice[2].adder_LC.CIN
Info:                Defined in:
Info:                  synth/picorv32_baseline_c_wrapper.v:24
Info:                  ../picorv32.v:1258
Info:                  /usr/bin/../share/yosys/ice40/arith_map.v:43
Info:  0.3  7.4  Source $auto$alumacc.cc:474:replace_alu$4554.slice[2].adder_LC.COUT
Info:  0.0  7.4    Net $auto$alumacc.cc:474:replace_alu$4554.C[3] budget 0.000000 ns (3,9) -> (3,9)
Info:                Sink $auto$alumacc.cc:474:replace_alu$4554.slice[3].adder_LC.CIN
Info:                Defined in:
Info:                  synth/picorv32_baseline_c_wrapper.v:24
Info:                  ../picorv32.v:1258
Info:                  /usr/bin/../share/yosys/ice40/arith_map.v:43
Info:  0.3  7.6  Source $auto$alumacc.cc:474:replace_alu$4554.slice[3].adder_LC.COUT
Info:  0.0  7.6    Net $auto$alumacc.cc:474:replace_alu$4554.C[4] budget 0.000000 ns (3,9) -> (3,9)
Info:                Sink $auto$alumacc.cc:474:replace_alu$4554.slice[4].adder_LC.CIN
Info:                Defined in:
Info:                  synth/picorv32_baseline_c_wrapper.v:24
Info:                  ../picorv32.v:1258
Info:                  /usr/bin/../share/yosys/ice40/arith_map.v:43
Info:  0.3  7.9  Source $auto$alumacc.cc:474:replace_alu$4554.slice[4].adder_LC.COUT
Info:  0.0  7.9    Net $auto$alumacc.cc:474:replace_alu$4554.C[5] budget 0.000000 ns (3,9) -> (3,9)
Info:                Sink $auto$alumacc.cc:474:replace_alu$4554.slice[5].adder_LC.CIN
Info:                Defined in:
Info:                  synth/picorv32_baseline_c_wrapper.v:24
Info:                  ../picorv32.v:1258
Info:                  /usr/bin/../share/yosys/ice40/arith_map.v:43
Info:  0.3  8.2  Source $auto$alumacc.cc:474:replace_alu$4554.slice[5].adder_LC.COUT
Info:  0.0  8.2    Net $auto$alumacc.cc:474:replace_alu$4554.C[6] budget 0.000000 ns (3,9) -> (3,9)
Info:                Sink $auto$alumacc.cc:474:replace_alu$4554.slice[6].adder_LC.CIN
Info:                Defined in:
Info:                  synth/picorv32_baseline_c_wrapper.v:24
Info:                  ../picorv32.v:1258
Info:                  /usr/bin/../share/yosys/ice40/arith_map.v:43
Info:  0.3  8.5  Source $auto$alumacc.cc:474:replace_alu$4554.slice[6].adder_LC.COUT
Info:  0.0  8.5    Net $auto$alumacc.cc:474:replace_alu$4554.C[7] budget 0.000000 ns (3,9) -> (3,9)
Info:                Sink $auto$alumacc.cc:474:replace_alu$4554.slice[7].adder_LC.CIN
Info:                Defined in:
Info:                  synth/picorv32_baseline_c_wrapper.v:24
Info:                  ../picorv32.v:1258
Info:                  /usr/bin/../share/yosys/ice40/arith_map.v:43
Info:  0.3  8.8  Source $auto$alumacc.cc:474:replace_alu$4554.slice[7].adder_LC.COUT
Info:  0.6  9.3    Net $auto$alumacc.cc:474:replace_alu$4554.C[8] budget 0.560000 ns (3,9) -> (3,10)
Info:                Sink $auto$alumacc.cc:474:replace_alu$4554.slice[8].adder_LC.CIN
Info:                Defined in:
Info:                  synth/picorv32_baseline_c_wrapper.v:24
Info:                  ../picorv32.v:1258
Info:                  /usr/bin/../share/yosys/ice40/arith_map.v:43
Info:  0.3  9.6  Source $auto$alumacc.cc:474:replace_alu$4554.slice[8].adder_LC.COUT
Info:  0.0  9.6    Net $auto$alumacc.cc:474:replace_alu$4554.C[9] budget 0.000000 ns (3,10) -> (3,10)
Info:                Sink $auto$alumacc.cc:474:replace_alu$4554.slice[9].adder_LC.CIN
Info:                Defined in:
Info:                  synth/picorv32_baseline_c_wrapper.v:24
Info:                  ../picorv32.v:1258
Info:                  /usr/bin/../share/yosys/ice40/arith_map.v:43
Info:  0.3  9.9  Source $auto$alumacc.cc:474:replace_alu$4554.slice[9].adder_LC.COUT
Info:  0.0  9.9    Net $auto$alumacc.cc:474:replace_alu$4554.C[10] budget 0.000000 ns (3,10) -> (3,10)
Info:                Sink $auto$alumacc.cc:474:replace_alu$4554.slice[10].adder_LC.CIN
Info:                Defined in:
Info:                  synth/picorv32_baseline_c_wrapper.v:24
Info:                  ../picorv32.v:1258
Info:                  /usr/bin/../share/yosys/ice40/arith_map.v:43
Info:  0.3 10.1  Source $auto$alumacc.cc:474:replace_alu$4554.slice[10].adder_LC.COUT
Info:  0.0 10.1    Net $auto$alumacc.cc:474:replace_alu$4554.C[11] budget 0.000000 ns (3,10) -> (3,10)
Info:                Sink $auto$alumacc.cc:474:replace_alu$4554.slice[11].adder_LC.CIN
Info:                Defined in:
Info:                  synth/picorv32_baseline_c_wrapper.v:24
Info:                  ../picorv32.v:1258
Info:                  /usr/bin/../share/yosys/ice40/arith_map.v:43
Info:  0.3 10.4  Source $auto$alumacc.cc:474:replace_alu$4554.slice[11].adder_LC.COUT
Info:  0.0 10.4    Net $auto$alumacc.cc:474:replace_alu$4554.C[12] budget 0.000000 ns (3,10) -> (3,10)
Info:                Sink $auto$alumacc.cc:474:replace_alu$4554.slice[12].adder_LC.CIN
Info:                Defined in:
Info:                  synth/picorv32_baseline_c_wrapper.v:24
Info:                  ../picorv32.v:1258
Info:                  /usr/bin/../share/yosys/ice40/arith_map.v:43
Info:  0.3 10.7  Source $auto$alumacc.cc:474:replace_alu$4554.slice[12].adder_LC.COUT
Info:  0.0 10.7    Net $auto$alumacc.cc:474:replace_alu$4554.C[13] budget 0.000000 ns (3,10) -> (3,10)
Info:                Sink $auto$alumacc.cc:474:replace_alu$4554.slice[13].adder_LC.CIN
Info:                Defined in:
Info:                  synth/picorv32_baseline_c_wrapper.v:24
Info:                  ../picorv32.v:1258
Info:                  /usr/bin/../share/yosys/ice40/arith_map.v:43
Info:  0.3 11.0  Source $auto$alumacc.cc:474:replace_alu$4554.slice[13].adder_LC.COUT
Info:  0.0 11.0    Net $auto$alumacc.cc:474:replace_alu$4554.C[14] budget 0.000000 ns (3,10) -> (3,10)
Info:                Sink $auto$alumacc.cc:474:replace_alu$4554.slice[14].adder_LC.CIN
Info:                Defined in:
Info:                  synth/picorv32_baseline_c_wrapper.v:24
Info:                  ../picorv32.v:1258
Info:                  /usr/bin/../share/yosys/ice40/arith_map.v:43
Info:  0.3 11.3  Source $auto$alumacc.cc:474:replace_alu$4554.slice[14].adder_LC.COUT
Info:  0.0 11.3    Net $auto$alumacc.cc:474:replace_alu$4554.C[15] budget 0.000000 ns (3,10) -> (3,10)
Info:                Sink $auto$alumacc.cc:474:replace_alu$4554.slice[15].adder_LC.CIN
Info:                Defined in:
Info:                  synth/picorv32_baseline_c_wrapper.v:24
Info:                  ../picorv32.v:1258
Info:                  /usr/bin/../share/yosys/ice40/arith_map.v:43
Info:  0.3 11.5  Source $auto$alumacc.cc:474:replace_alu$4554.slice[15].adder_LC.COUT
Info:  0.6 12.1    Net $auto$alumacc.cc:474:replace_alu$4554.C[16] budget 0.560000 ns (3,10) -> (3,11)
Info:                Sink $auto$alumacc.cc:474:replace_alu$4554.slice[16].adder_LC.CIN
Info:                Defined in:
Info:                  synth/picorv32_baseline_c_wrapper.v:24
Info:                  ../picorv32.v:1258
Info:                  /usr/bin/../share/yosys/ice40/arith_map.v:43
Info:  0.3 12.4  Source $auto$alumacc.cc:474:replace_alu$4554.slice[16].adder_LC.COUT
Info:  0.0 12.4    Net $auto$alumacc.cc:474:replace_alu$4554.C[17] budget 0.000000 ns (3,11) -> (3,11)
Info:                Sink $auto$alumacc.cc:474:replace_alu$4554.slice[17].adder_LC.CIN
Info:                Defined in:
Info:                  synth/picorv32_baseline_c_wrapper.v:24
Info:                  ../picorv32.v:1258
Info:                  /usr/bin/../share/yosys/ice40/arith_map.v:43
Info:  0.3 12.6  Source $auto$alumacc.cc:474:replace_alu$4554.slice[17].adder_LC.COUT
Info:  0.0 12.6    Net $auto$alumacc.cc:474:replace_alu$4554.C[18] budget 0.000000 ns (3,11) -> (3,11)
Info:                Sink $auto$alumacc.cc:474:replace_alu$4554.slice[18].adder_LC.CIN
Info:                Defined in:
Info:                  synth/picorv32_baseline_c_wrapper.v:24
Info:                  ../picorv32.v:1258
Info:                  /usr/bin/../share/yosys/ice40/arith_map.v:43
Info:  0.3 12.9  Source $auto$alumacc.cc:474:replace_alu$4554.slice[18].adder_LC.COUT
Info:  0.0 12.9    Net $auto$alumacc.cc:474:replace_alu$4554.C[19] budget 0.000000 ns (3,11) -> (3,11)
Info:                Sink $auto$alumacc.cc:474:replace_alu$4554.slice[19].adder_LC.CIN
Info:                Defined in:
Info:                  synth/picorv32_baseline_c_wrapper.v:24
Info:                  ../picorv32.v:1258
Info:                  /usr/bin/../share/yosys/ice40/arith_map.v:43
Info:  0.3 13.2  Source $auto$alumacc.cc:474:replace_alu$4554.slice[19].adder_LC.COUT
Info:  0.0 13.2    Net $auto$alumacc.cc:474:replace_alu$4554.C[20] budget 0.000000 ns (3,11) -> (3,11)
Info:                Sink $auto$alumacc.cc:474:replace_alu$4554.slice[20].adder_LC.CIN
Info:                Defined in:
Info:                  synth/picorv32_baseline_c_wrapper.v:24
Info:                  ../picorv32.v:1258
Info:                  /usr/bin/../share/yosys/ice40/arith_map.v:43
Info:  0.3 13.5  Source $auto$alumacc.cc:474:replace_alu$4554.slice[20].adder_LC.COUT
Info:  0.0 13.5    Net $auto$alumacc.cc:474:replace_alu$4554.C[21] budget 0.000000 ns (3,11) -> (3,11)
Info:                Sink $auto$alumacc.cc:474:replace_alu$4554.slice[21].adder_LC.CIN
Info:                Defined in:
Info:                  synth/picorv32_baseline_c_wrapper.v:24
Info:                  ../picorv32.v:1258
Info:                  /usr/bin/../share/yosys/ice40/arith_map.v:43
Info:  0.3 13.8  Source $auto$alumacc.cc:474:replace_alu$4554.slice[21].adder_LC.COUT
Info:  0.0 13.8    Net $auto$alumacc.cc:474:replace_alu$4554.C[22] budget 0.000000 ns (3,11) -> (3,11)
Info:                Sink $auto$alumacc.cc:474:replace_alu$4554.slice[22].adder_LC.CIN
Info:                Defined in:
Info:                  synth/picorv32_baseline_c_wrapper.v:24
Info:                  ../picorv32.v:1258
Info:                  /usr/bin/../share/yosys/ice40/arith_map.v:43
Info:  0.3 14.0  Source $auto$alumacc.cc:474:replace_alu$4554.slice[22].adder_LC.COUT
Info:  0.0 14.0    Net $auto$alumacc.cc:474:replace_alu$4554.C[23] budget 0.000000 ns (3,11) -> (3,11)
Info:                Sink $auto$alumacc.cc:474:replace_alu$4554.slice[23].adder_LC.CIN
Info:                Defined in:
Info:                  synth/picorv32_baseline_c_wrapper.v:24
Info:                  ../picorv32.v:1258
Info:                  /usr/bin/../share/yosys/ice40/arith_map.v:43
Info:  0.3 14.3  Source $auto$alumacc.cc:474:replace_alu$4554.slice[23].adder_LC.COUT
Info:  0.6 14.9    Net $auto$alumacc.cc:474:replace_alu$4554.C[24] budget 0.560000 ns (3,11) -> (3,12)
Info:                Sink $auto$alumacc.cc:474:replace_alu$4554.slice[24].adder_LC.CIN
Info:                Defined in:
Info:                  synth/picorv32_baseline_c_wrapper.v:24
Info:                  ../picorv32.v:1258
Info:                  /usr/bin/../share/yosys/ice40/arith_map.v:43
Info:  0.3 15.1  Source $auto$alumacc.cc:474:replace_alu$4554.slice[24].adder_LC.COUT
Info:  0.0 15.1    Net $auto$alumacc.cc:474:replace_alu$4554.C[25] budget 0.000000 ns (3,12) -> (3,12)
Info:                Sink $auto$alumacc.cc:474:replace_alu$4554.slice[25].adder_LC.CIN
Info:                Defined in:
Info:                  synth/picorv32_baseline_c_wrapper.v:24
Info:                  ../picorv32.v:1258
Info:                  /usr/bin/../share/yosys/ice40/arith_map.v:43
Info:  0.3 15.4  Source $auto$alumacc.cc:474:replace_alu$4554.slice[25].adder_LC.COUT
Info:  0.0 15.4    Net $auto$alumacc.cc:474:replace_alu$4554.C[26] budget 0.000000 ns (3,12) -> (3,12)
Info:                Sink $auto$alumacc.cc:474:replace_alu$4554.slice[26].adder_LC.CIN
Info:                Defined in:
Info:                  synth/picorv32_baseline_c_wrapper.v:24
Info:                  ../picorv32.v:1258
Info:                  /usr/bin/../share/yosys/ice40/arith_map.v:43
Info:  0.3 15.7  Source $auto$alumacc.cc:474:replace_alu$4554.slice[26].adder_LC.COUT
Info:  0.0 15.7    Net $auto$alumacc.cc:474:replace_alu$4554.C[27] budget 0.000000 ns (3,12) -> (3,12)
Info:                Sink $auto$alumacc.cc:474:replace_alu$4554.slice[27].adder_LC.CIN
Info:                Defined in:
Info:                  synth/picorv32_baseline_c_wrapper.v:24
Info:                  ../picorv32.v:1258
Info:                  /usr/bin/../share/yosys/ice40/arith_map.v:43
Info:  0.3 16.0  Source $auto$alumacc.cc:474:replace_alu$4554.slice[27].adder_LC.COUT
Info:  0.0 16.0    Net $auto$alumacc.cc:474:replace_alu$4554.C[28] budget 0.000000 ns (3,12) -> (3,12)
Info:                Sink $auto$alumacc.cc:474:replace_alu$4554.slice[28].adder_LC.CIN
Info:                Defined in:
Info:                  synth/picorv32_baseline_c_wrapper.v:24
Info:                  ../picorv32.v:1258
Info:                  /usr/bin/../share/yosys/ice40/arith_map.v:43
Info:  0.3 16.3  Source $auto$alumacc.cc:474:replace_alu$4554.slice[28].adder_LC.COUT
Info:  0.0 16.3    Net $auto$alumacc.cc:474:replace_alu$4554.C[29] budget 0.000000 ns (3,12) -> (3,12)
Info:                Sink $auto$alumacc.cc:474:replace_alu$4554.slice[29].adder_LC.CIN
Info:                Defined in:
Info:                  synth/picorv32_baseline_c_wrapper.v:24
Info:                  ../picorv32.v:1258
Info:                  /usr/bin/../share/yosys/ice40/arith_map.v:43
Info:  0.3 16.5  Source $auto$alumacc.cc:474:replace_alu$4554.slice[29].adder_LC.COUT
Info:  0.0 16.5    Net $auto$alumacc.cc:474:replace_alu$4554.C[30] budget 0.000000 ns (3,12) -> (3,12)
Info:                Sink $auto$alumacc.cc:474:replace_alu$4554.slice[30].adder_LC.CIN
Info:                Defined in:
Info:                  synth/picorv32_baseline_c_wrapper.v:24
Info:                  ../picorv32.v:1258
Info:                  /usr/bin/../share/yosys/ice40/arith_map.v:43
Info:  0.3 16.8  Source $auto$alumacc.cc:474:replace_alu$4554.slice[30].adder_LC.COUT
Info:  0.0 16.8    Net $auto$alumacc.cc:474:replace_alu$4554.C[31] budget 0.000000 ns (3,12) -> (3,12)
Info:                Sink $auto$alumacc.cc:474:replace_alu$4554.slice[31].adder_LC.CIN
Info:                Defined in:
Info:                  synth/picorv32_baseline_c_wrapper.v:24
Info:                  ../picorv32.v:1258
Info:                  /usr/bin/../share/yosys/ice40/arith_map.v:43
Info:  0.3 17.1  Source $auto$alumacc.cc:474:replace_alu$4554.slice[31].adder_LC.COUT
Info:  1.2 18.3    Net $nextpnr_ICESTORM_LC_3$I3 budget 1.220000 ns (3,12) -> (3,13)
Info:                Sink $nextpnr_ICESTORM_LC_3.I3
Info:  0.9 19.2  Source $nextpnr_ICESTORM_LC_3.O
Info:  3.0 22.1    Net $abc$19734$auto$alumacc.cc:491:replace_alu$4556[31] budget 16.166000 ns (3,13) -> (7,13)
Info:                Sink $abc$19734$auto$blifparse.cc:492:parse_blif$19802_LC.I2
Info:  1.2 23.3  Source $abc$19734$auto$blifparse.cc:492:parse_blif$19802_LC.O
Info:  1.8 25.1    Net $abc$19734$new_n1334_ budget 16.165001 ns (7,13) -> (8,13)
Info:                Sink $abc$19734$auto$blifparse.cc:492:parse_blif$19800_LC.I2
Info:  1.2 26.3  Source $abc$19734$auto$blifparse.cc:492:parse_blif$19800_LC.O
Info:  2.4 28.7    Net $abc$19734$auto$simplemap.cc:127:simplemap_reduce$13180_new_inv_ budget 8.082000 ns (8,13) -> (9,12)
Info:                Sink $abc$19734$auto$blifparse.cc:492:parse_blif$21032_LC.I3
Info:  0.9 29.6  Source $abc$19734$auto$blifparse.cc:492:parse_blif$21032_LC.O
Info:  4.1 33.7    Net $abc$19734$u_core.alu_out_0_new_inv_ budget 8.082000 ns (9,12) -> (15,7)
Info:                Sink $abc$19734$auto$blifparse.cc:492:parse_blif$20015_LC.I0
Info:                Defined in:
Info:                  synth/picorv32_baseline_c_wrapper.v:24
Info:                  ../picorv32.v:1223
Info:  1.3 35.0  Source $abc$19734$auto$blifparse.cc:492:parse_blif$20015_LC.O
Info:  1.8 36.8    Net $abc$19734$new_n1547_ budget 8.082000 ns (15,7) -> (16,6)
Info:                Sink $abc$19734$auto$blifparse.cc:492:parse_blif$20017_LC.I1
Info:  1.2 38.0  Source $abc$19734$auto$blifparse.cc:492:parse_blif$20017_LC.O
Info:  3.0 41.0    Net $abc$19734$auto$dff2dffe.cc:175:make_patterns_logic$15127 budget 8.082000 ns (16,6) -> (16,6)
Info:                Sink $abc$19734$auto$blifparse.cc:492:parse_blif$20981_LC.CEN
Info:  0.1 41.1  Setup $abc$19734$auto$blifparse.cc:492:parse_blif$20981_LC.CEN
Info: 18.7 ns logic, 22.4 ns routing

Info: Critical path report for cross-domain path '<async>' -> 'posedge clk$SB_IO_IN_$glb_clk':
Info: curr total
Info:  0.0  0.0  Source resetn$sb_io.D_IN_0
Info:  4.1  4.1    Net resetn$SB_IO_IN budget 12.717000 ns (8,0) -> (15,5)
Info:                Sink $abc$19734$auto$blifparse.cc:492:parse_blif$20042_LC.I2
Info:                Defined in:
Info:                  synth/picorv32_baseline_c_wrapper.v:24
Info:                  ../picorv32.v:91
Info:  1.2  5.3  Source $abc$19734$auto$blifparse.cc:492:parse_blif$20042_LC.O
Info:  1.8  7.1    Net $abc$19734$auto$fsm_map.cc:74:implement_pattern_cache$4605_new_ budget 12.450000 ns (15,5) -> (16,5)
Info:                Sink $abc$19734$auto$blifparse.cc:492:parse_blif$20040_LC.I2
Info:  1.2  8.3  Source $abc$19734$auto$blifparse.cc:492:parse_blif$20040_LC.O
Info:  1.8 10.1    Net $abc$19734$new_n1578_ budget 12.450000 ns (16,5) -> (17,6)
Info:                Sink $abc$19734$auto$blifparse.cc:492:parse_blif$20039_LC.I0
Info:  1.3 11.4  Source $abc$19734$auto$blifparse.cc:492:parse_blif$20039_LC.O
Info:  2.4 13.8    Net $abc$19734$new_n1577_ budget 12.450000 ns (17,6) -> (17,8)
Info:                Sink $abc$19734$auto$blifparse.cc:492:parse_blif$20059_LC.I1
Info:  1.2 15.0  Source $abc$19734$auto$blifparse.cc:492:parse_blif$20059_LC.O
Info:  1.8 16.8    Net $abc$19734$new_n1597_ budget 12.450000 ns (17,8) -> (17,8)
Info:                Sink $abc$19734$auto$blifparse.cc:492:parse_blif$20058_LC.I0
Info:  1.3 18.0  Source $abc$19734$auto$blifparse.cc:492:parse_blif$20058_LC.O
Info:  1.8 19.8    Net $abc$19734$new_n1596_ budget 12.449000 ns (17,8) -> (17,8)
Info:                Sink $abc$19734$auto$blifparse.cc:492:parse_blif$20057_LC.I3
Info:  0.8 20.6  Setup $abc$19734$auto$blifparse.cc:492:parse_blif$20057_LC.I3
Info: 7.0 ns logic, 13.6 ns routing

Info: Critical path report for cross-domain path 'posedge clk$SB_IO_IN_$glb_clk' -> '<async>':
Info: curr total
Info:  1.4  1.4  Source $auto$simplemap.cc:420:simplemap_dff$6389_DFFLC.O
Info:  7.7  9.1    Net trap$SB_IO_OUT budget 81.943001 ns (15,4) -> (6,31)
Info:                Sink trap$sb_io.D_OUT_0
Info:                Defined in:
Info:                  synth/picorv32_baseline_c_wrapper.v:24
Info:                  ../picorv32.v:92
Info: 1.4 ns logic, 7.7 ns routing

Info: Max frequency for clock 'clk$SB_IO_IN_$glb_clk': 24.33 MHz (PASS at 12.00 MHz)

Info: Max delay <async>                       -> posedge clk$SB_IO_IN_$glb_clk: 20.63 ns
Info: Max delay posedge clk$SB_IO_IN_$glb_clk -> <async>                      : 9.08 ns

Info: Slack histogram:
Info:  legend: * represents 7 endpoint(s)
Info:          + represents [1,7) endpoint(s)
Info: [ 42234,  44132) |+
Info: [ 44132,  46030) |+
Info: [ 46030,  47928) |+
Info: [ 47928,  49826) |+
Info: [ 49826,  51724) | 
Info: [ 51724,  53622) |+
Info: [ 53622,  55520) |*+
Info: [ 55520,  57418) |**+
Info: [ 57418,  59316) |***********+
Info: [ 59316,  61214) |********+
Info: [ 61214,  63112) |************+
Info: [ 63112,  65010) |*************************+
Info: [ 65010,  66908) |******************+
Info: [ 66908,  68806) |*****************+
Info: [ 68806,  70704) |**********************************************+
Info: [ 70704,  72602) |*********************************+
Info: [ 72602,  74500) |****************************+
Info: [ 74500,  76398) |************************************************************ 
Info: [ 76398,  78296) |**************************************+
Info: [ 78296,  80194) |************************************+
24 warnings, 0 errors

Info: Program finished normally.
