SBY 19:38:53 [opt/formal/ksa/ksa_formal] Removing directory '/mnt/toshiba4tb/workspace/projects/picorv32/opt/formal/ksa/ksa_formal'.
SBY 19:38:53 [opt/formal/ksa/ksa_formal] Copy '/mnt/toshiba4tb/workspace/projects/picorv32/opt/formal/ksa/ksa_formal.sv' to '/mnt/toshiba4tb/workspace/projects/picorv32/opt/formal/ksa/ksa_formal/src/ksa_formal.sv'.
SBY 19:38:53 [opt/formal/ksa/ksa_formal] Copy '/mnt/toshiba4tb/workspace/projects/picorv32/opt/rtl/ksa/ksa_adder.v' to '/mnt/toshiba4tb/workspace/projects/picorv32/opt/formal/ksa/ksa_formal/src/ksa_adder.v'.
SBY 19:38:53 [opt/formal/ksa/ksa_formal] engine_0: smtbmc z3
SBY 19:38:53 [opt/formal/ksa/ksa_formal] base: starting process "cd opt/formal/ksa/ksa_formal/src; yosys -ql ../model/design.log ../model/design.ys"
SBY 19:38:54 [opt/formal/ksa/ksa_formal] base: finished (returncode=0)
SBY 19:38:54 [opt/formal/ksa/ksa_formal] prep: starting process "cd opt/formal/ksa/ksa_formal/model; yosys -ql design_prep.log design_prep.ys"
SBY 19:38:54 [opt/formal/ksa/ksa_formal] prep: finished (returncode=0)
SBY 19:38:54 [opt/formal/ksa/ksa_formal] smt2: starting process "cd opt/formal/ksa/ksa_formal/model; yosys -ql design_smt2.log design_smt2.ys"
SBY 19:38:54 [opt/formal/ksa/ksa_formal] smt2: finished (returncode=0)
SBY 19:38:54 [opt/formal/ksa/ksa_formal] engine_0.basecase: starting process "cd opt/formal/ksa/ksa_formal; yosys-smtbmc -s z3 --presat --noprogress -t 1  --append 0 --dump-vcd engine_0/trace.vcd --dump-vlogtb engine_0/trace_tb.v --dump-smtc engine_0/trace.smtc model/design_smt2.smt2"
SBY 19:38:54 [opt/formal/ksa/ksa_formal] engine_0.induction: starting process "cd opt/formal/ksa/ksa_formal; yosys-smtbmc -s z3 --presat -i --noprogress -t 1  --append 0 --dump-vcd engine_0/trace_induct.vcd --dump-vlogtb engine_0/trace_induct_tb.v --dump-smtc engine_0/trace_induct.smtc model/design_smt2.smt2"
SBY 19:38:54 [opt/formal/ksa/ksa_formal] engine_0.basecase: ##   0:00:00  Solver: z3
SBY 19:38:54 [opt/formal/ksa/ksa_formal] engine_0.induction: ##   0:00:00  Solver: z3
SBY 19:38:54 [opt/formal/ksa/ksa_formal] engine_0.induction: ##   0:00:00  Trying induction in step 1..
SBY 19:38:54 [opt/formal/ksa/ksa_formal] engine_0.basecase: ##   0:00:00  Checking assumptions in step 0..
SBY 19:38:54 [opt/formal/ksa/ksa_formal] engine_0.basecase: ##   0:00:00  Checking assertions in step 0..
SBY 19:38:54 [opt/formal/ksa/ksa_formal] engine_0.induction: ##   0:00:00  Temporal induction successful.
SBY 19:38:54 [opt/formal/ksa/ksa_formal] engine_0.induction: ##   0:00:00  Status: passed
SBY 19:38:54 [opt/formal/ksa/ksa_formal] engine_0.induction: finished (returncode=0)
SBY 19:38:54 [opt/formal/ksa/ksa_formal] engine_0.induction: Status returned by engine for induction: pass
SBY 19:38:55 [opt/formal/ksa/ksa_formal] engine_0.basecase: ##   0:00:00  Status: passed
SBY 19:38:55 [opt/formal/ksa/ksa_formal] engine_0.basecase: finished (returncode=0)
SBY 19:38:55 [opt/formal/ksa/ksa_formal] engine_0.basecase: Status returned by engine for basecase: pass
SBY 19:38:55 [opt/formal/ksa/ksa_formal] summary: Elapsed clock time [H:MM:SS (secs)]: 0:00:01 (1)
SBY 19:38:55 [opt/formal/ksa/ksa_formal] summary: Elapsed process time [H:MM:SS (secs)]: 0:00:01 (1)
SBY 19:38:55 [opt/formal/ksa/ksa_formal] summary: engine_0 (smtbmc z3) returned pass for basecase
SBY 19:38:55 [opt/formal/ksa/ksa_formal] summary: engine_0 (smtbmc z3) returned pass for induction
SBY 19:38:55 [opt/formal/ksa/ksa_formal] summary: engine_0 did not produce any traces
SBY 19:38:55 [opt/formal/ksa/ksa_formal] summary: successful proof by k-induction.
SBY 19:38:55 [opt/formal/ksa/ksa_formal] DONE (PASS, rc=0)
