SBY 19:38:56 [opt/formal/vedic/vedic_4x4] Removing directory '/mnt/toshiba4tb/workspace/projects/picorv32/opt/formal/vedic/vedic_4x4'.
SBY 19:38:56 [opt/formal/vedic/vedic_4x4] Copy '/mnt/toshiba4tb/workspace/projects/picorv32/opt/rtl/vedic/vedic_mul_2x2.v' to '/mnt/toshiba4tb/workspace/projects/picorv32/opt/formal/vedic/vedic_4x4/src/vedic_mul_2x2.v'.
SBY 19:38:56 [opt/formal/vedic/vedic_4x4] Copy '/mnt/toshiba4tb/workspace/projects/picorv32/opt/rtl/vedic/vedic_mul_4x4.v' to '/mnt/toshiba4tb/workspace/projects/picorv32/opt/formal/vedic/vedic_4x4/src/vedic_mul_4x4.v'.
SBY 19:38:56 [opt/formal/vedic/vedic_4x4] Copy '/mnt/toshiba4tb/workspace/projects/picorv32/opt/rtl/ksa/ksa_adder.v' to '/mnt/toshiba4tb/workspace/projects/picorv32/opt/formal/vedic/vedic_4x4/src/ksa_adder.v'.
SBY 19:38:56 [opt/formal/vedic/vedic_4x4] Copy '/mnt/toshiba4tb/workspace/projects/picorv32/opt/rtl/csa/csa_cell.v' to '/mnt/toshiba4tb/workspace/projects/picorv32/opt/formal/vedic/vedic_4x4/src/csa_cell.v'.
SBY 19:38:56 [opt/formal/vedic/vedic_4x4] Copy '/mnt/toshiba4tb/workspace/projects/picorv32/opt/formal/vedic/vedic_NxN_formal.sv' to '/mnt/toshiba4tb/workspace/projects/picorv32/opt/formal/vedic/vedic_4x4/src/vedic_NxN_formal.sv'.
SBY 19:38:56 [opt/formal/vedic/vedic_4x4] engine_0: smtbmc z3
SBY 19:38:56 [opt/formal/vedic/vedic_4x4] base: starting process "cd opt/formal/vedic/vedic_4x4/src; yosys -ql ../model/design.log ../model/design.ys"
SBY 19:38:56 [opt/formal/vedic/vedic_4x4] base: finished (returncode=0)
SBY 19:38:56 [opt/formal/vedic/vedic_4x4] prep: starting process "cd opt/formal/vedic/vedic_4x4/model; yosys -ql design_prep.log design_prep.ys"
SBY 19:38:56 [opt/formal/vedic/vedic_4x4] prep: finished (returncode=0)
SBY 19:38:56 [opt/formal/vedic/vedic_4x4] smt2: starting process "cd opt/formal/vedic/vedic_4x4/model; yosys -ql design_smt2.log design_smt2.ys"
SBY 19:38:56 [opt/formal/vedic/vedic_4x4] smt2: finished (returncode=0)
SBY 19:38:56 [opt/formal/vedic/vedic_4x4] engine_0.basecase: starting process "cd opt/formal/vedic/vedic_4x4; yosys-smtbmc -s z3 --presat --noprogress -t 1  --append 0 --dump-vcd engine_0/trace.vcd --dump-vlogtb engine_0/trace_tb.v --dump-smtc engine_0/trace.smtc model/design_smt2.smt2"
SBY 19:38:56 [opt/formal/vedic/vedic_4x4] engine_0.induction: starting process "cd opt/formal/vedic/vedic_4x4; yosys-smtbmc -s z3 --presat -i --noprogress -t 1  --append 0 --dump-vcd engine_0/trace_induct.vcd --dump-vlogtb engine_0/trace_induct_tb.v --dump-smtc engine_0/trace_induct.smtc model/design_smt2.smt2"
SBY 19:38:56 [opt/formal/vedic/vedic_4x4] engine_0.basecase: ##   0:00:00  Solver: z3
SBY 19:38:56 [opt/formal/vedic/vedic_4x4] engine_0.basecase: ##   0:00:00  Checking assumptions in step 0..
SBY 19:38:56 [opt/formal/vedic/vedic_4x4] engine_0.induction: ##   0:00:00  Solver: z3
SBY 19:38:56 [opt/formal/vedic/vedic_4x4] engine_0.induction: ##   0:00:00  Trying induction in step 1..
SBY 19:38:56 [opt/formal/vedic/vedic_4x4] engine_0.basecase: ##   0:00:00  Checking assertions in step 0..
SBY 19:38:56 [opt/formal/vedic/vedic_4x4] engine_0.induction: ##   0:00:00  Temporal induction successful.
SBY 19:38:56 [opt/formal/vedic/vedic_4x4] engine_0.induction: ##   0:00:00  Status: passed
SBY 19:38:56 [opt/formal/vedic/vedic_4x4] engine_0.induction: finished (returncode=0)
SBY 19:38:56 [opt/formal/vedic/vedic_4x4] engine_0.induction: Status returned by engine for induction: pass
SBY 19:38:56 [opt/formal/vedic/vedic_4x4] engine_0.basecase: ##   0:00:00  Status: passed
SBY 19:38:56 [opt/formal/vedic/vedic_4x4] engine_0.basecase: finished (returncode=0)
SBY 19:38:56 [opt/formal/vedic/vedic_4x4] engine_0.basecase: Status returned by engine for basecase: pass
SBY 19:38:56 [opt/formal/vedic/vedic_4x4] summary: Elapsed clock time [H:MM:SS (secs)]: 0:00:00 (0)
SBY 19:38:56 [opt/formal/vedic/vedic_4x4] summary: Elapsed process time [H:MM:SS (secs)]: 0:00:00 (0)
SBY 19:38:56 [opt/formal/vedic/vedic_4x4] summary: engine_0 (smtbmc z3) returned pass for basecase
SBY 19:38:56 [opt/formal/vedic/vedic_4x4] summary: engine_0 (smtbmc z3) returned pass for induction
SBY 19:38:56 [opt/formal/vedic/vedic_4x4] summary: engine_0 did not produce any traces
SBY 19:38:56 [opt/formal/vedic/vedic_4x4] summary: successful proof by k-induction.
SBY 19:38:56 [opt/formal/vedic/vedic_4x4] DONE (PASS, rc=0)
