=== F1 KSA ===
SBY 22:15:57 [opt/formal/ksa/ksa_formal] Removing directory '/mnt/toshiba4tb/workspace/projects/picorv32/opt/formal/ksa/ksa_formal'.
SBY 22:15:57 [opt/formal/ksa/ksa_formal] Copy '/mnt/toshiba4tb/workspace/projects/picorv32/opt/formal/ksa/ksa_formal.sv' to '/mnt/toshiba4tb/workspace/projects/picorv32/opt/formal/ksa/ksa_formal/src/ksa_formal.sv'.
SBY 22:15:57 [opt/formal/ksa/ksa_formal] Copy '/mnt/toshiba4tb/workspace/projects/picorv32/opt/rtl/ksa/ksa_adder.v' to '/mnt/toshiba4tb/workspace/projects/picorv32/opt/formal/ksa/ksa_formal/src/ksa_adder.v'.
SBY 22:15:57 [opt/formal/ksa/ksa_formal] engine_0: smtbmc z3
SBY 22:15:57 [opt/formal/ksa/ksa_formal] base: starting process "cd opt/formal/ksa/ksa_formal/src; yosys -ql ../model/design.log ../model/design.ys"
SBY 22:15:58 [opt/formal/ksa/ksa_formal] base: finished (returncode=0)
SBY 22:15:58 [opt/formal/ksa/ksa_formal] prep: starting process "cd opt/formal/ksa/ksa_formal/model; yosys -ql design_prep.log design_prep.ys"
SBY 22:15:58 [opt/formal/ksa/ksa_formal] prep: finished (returncode=0)
SBY 22:15:58 [opt/formal/ksa/ksa_formal] smt2: starting process "cd opt/formal/ksa/ksa_formal/model; yosys -ql design_smt2.log design_smt2.ys"
SBY 22:15:58 [opt/formal/ksa/ksa_formal] smt2: finished (returncode=0)
SBY 22:15:58 [opt/formal/ksa/ksa_formal] engine_0.basecase: starting process "cd opt/formal/ksa/ksa_formal; yosys-smtbmc -s z3 --presat --noprogress -t 1  --append 0 --dump-vcd engine_0/trace.vcd --dump-vlogtb engine_0/trace_tb.v --dump-smtc engine_0/trace.smtc model/design_smt2.smt2"
SBY 22:15:58 [opt/formal/ksa/ksa_formal] engine_0.induction: starting process "cd opt/formal/ksa/ksa_formal; yosys-smtbmc -s z3 --presat -i --noprogress -t 1  --append 0 --dump-vcd engine_0/trace_induct.vcd --dump-vlogtb engine_0/trace_induct_tb.v --dump-smtc engine_0/trace_induct.smtc model/design_smt2.smt2"
SBY 22:15:58 [opt/formal/ksa/ksa_formal] engine_0.basecase: ##   0:00:00  Solver: z3
SBY 22:15:58 [opt/formal/ksa/ksa_formal] engine_0.induction: ##   0:00:00  Solver: z3
SBY 22:15:58 [opt/formal/ksa/ksa_formal] engine_0.basecase: ##   0:00:00  Checking assumptions in step 0..
SBY 22:15:58 [opt/formal/ksa/ksa_formal] engine_0.induction: ##   0:00:00  Trying induction in step 1..
SBY 22:15:58 [opt/formal/ksa/ksa_formal] engine_0.basecase: ##   0:00:00  Checking assertions in step 0..
SBY 22:15:58 [opt/formal/ksa/ksa_formal] engine_0.induction: ##   0:00:00  Temporal induction successful.
SBY 22:15:58 [opt/formal/ksa/ksa_formal] engine_0.induction: ##   0:00:00  Status: passed
SBY 22:15:58 [opt/formal/ksa/ksa_formal] engine_0.induction: finished (returncode=0)
SBY 22:15:58 [opt/formal/ksa/ksa_formal] engine_0.induction: Status returned by engine for induction: pass
SBY 22:15:59 [opt/formal/ksa/ksa_formal] engine_0.basecase: ##   0:00:00  Status: passed
SBY 22:15:59 [opt/formal/ksa/ksa_formal] engine_0.basecase: finished (returncode=0)
SBY 22:15:59 [opt/formal/ksa/ksa_formal] engine_0.basecase: Status returned by engine for basecase: pass
SBY 22:15:59 [opt/formal/ksa/ksa_formal] summary: Elapsed clock time [H:MM:SS (secs)]: 0:00:01 (1)
SBY 22:15:59 [opt/formal/ksa/ksa_formal] summary: Elapsed process time [H:MM:SS (secs)]: 0:00:01 (1)
SBY 22:15:59 [opt/formal/ksa/ksa_formal] summary: engine_0 (smtbmc z3) returned pass for basecase
SBY 22:15:59 [opt/formal/ksa/ksa_formal] summary: engine_0 (smtbmc z3) returned pass for induction
SBY 22:15:59 [opt/formal/ksa/ksa_formal] summary: engine_0 did not produce any traces
SBY 22:15:59 [opt/formal/ksa/ksa_formal] summary: successful proof by k-induction.
SBY 22:15:59 [opt/formal/ksa/ksa_formal] DONE (PASS, rc=0)
=== F2 Vedic 2x2 4x4 8x8 ===
-- vedic_2x2 --
SBY 22:15:59 [opt/formal/vedic/vedic_2x2] Removing directory '/mnt/toshiba4tb/workspace/projects/picorv32/opt/formal/vedic/vedic_2x2'.
SBY 22:15:59 [opt/formal/vedic/vedic_2x2] Copy '/mnt/toshiba4tb/workspace/projects/picorv32/opt/rtl/vedic/vedic_mul_2x2.v' to '/mnt/toshiba4tb/workspace/projects/picorv32/opt/formal/vedic/vedic_2x2/src/vedic_mul_2x2.v'.
SBY 22:15:59 [opt/formal/vedic/vedic_2x2] Copy '/mnt/toshiba4tb/workspace/projects/picorv32/opt/formal/vedic/vedic_NxN_formal.sv' to '/mnt/toshiba4tb/workspace/projects/picorv32/opt/formal/vedic/vedic_2x2/src/vedic_NxN_formal.sv'.
SBY 22:15:59 [opt/formal/vedic/vedic_2x2] engine_0: smtbmc z3
SBY 22:15:59 [opt/formal/vedic/vedic_2x2] base: starting process "cd opt/formal/vedic/vedic_2x2/src; yosys -ql ../model/design.log ../model/design.ys"
SBY 22:15:59 [opt/formal/vedic/vedic_2x2] base: finished (returncode=0)
SBY 22:15:59 [opt/formal/vedic/vedic_2x2] prep: starting process "cd opt/formal/vedic/vedic_2x2/model; yosys -ql design_prep.log design_prep.ys"
SBY 22:15:59 [opt/formal/vedic/vedic_2x2] prep: finished (returncode=0)
SBY 22:15:59 [opt/formal/vedic/vedic_2x2] smt2: starting process "cd opt/formal/vedic/vedic_2x2/model; yosys -ql design_smt2.log design_smt2.ys"
SBY 22:15:59 [opt/formal/vedic/vedic_2x2] smt2: finished (returncode=0)
SBY 22:15:59 [opt/formal/vedic/vedic_2x2] engine_0.basecase: starting process "cd opt/formal/vedic/vedic_2x2; yosys-smtbmc -s z3 --presat --noprogress -t 1  --append 0 --dump-vcd engine_0/trace.vcd --dump-vlogtb engine_0/trace_tb.v --dump-smtc engine_0/trace.smtc model/design_smt2.smt2"
SBY 22:15:59 [opt/formal/vedic/vedic_2x2] engine_0.induction: starting process "cd opt/formal/vedic/vedic_2x2; yosys-smtbmc -s z3 --presat -i --noprogress -t 1  --append 0 --dump-vcd engine_0/trace_induct.vcd --dump-vlogtb engine_0/trace_induct_tb.v --dump-smtc engine_0/trace_induct.smtc model/design_smt2.smt2"
SBY 22:15:59 [opt/formal/vedic/vedic_2x2] engine_0.basecase: ##   0:00:00  Solver: z3
SBY 22:15:59 [opt/formal/vedic/vedic_2x2] engine_0.basecase: ##   0:00:00  Checking assumptions in step 0..
SBY 22:15:59 [opt/formal/vedic/vedic_2x2] engine_0.induction: ##   0:00:00  Solver: z3
SBY 22:15:59 [opt/formal/vedic/vedic_2x2] engine_0.induction: ##   0:00:00  Trying induction in step 1..
SBY 22:15:59 [opt/formal/vedic/vedic_2x2] engine_0.basecase: ##   0:00:00  Checking assertions in step 0..
SBY 22:15:59 [opt/formal/vedic/vedic_2x2] engine_0.basecase: ##   0:00:00  Status: passed
SBY 22:15:59 [opt/formal/vedic/vedic_2x2] engine_0.induction: ##   0:00:00  Temporal induction successful.
SBY 22:15:59 [opt/formal/vedic/vedic_2x2] engine_0.induction: ##   0:00:00  Status: passed
SBY 22:15:59 [opt/formal/vedic/vedic_2x2] engine_0.basecase: finished (returncode=0)
SBY 22:15:59 [opt/formal/vedic/vedic_2x2] engine_0.basecase: Status returned by engine for basecase: pass
SBY 22:15:59 [opt/formal/vedic/vedic_2x2] engine_0.induction: finished (returncode=0)
SBY 22:15:59 [opt/formal/vedic/vedic_2x2] engine_0.induction: Status returned by engine for induction: pass
SBY 22:15:59 [opt/formal/vedic/vedic_2x2] summary: Elapsed clock time [H:MM:SS (secs)]: 0:00:00 (0)
SBY 22:15:59 [opt/formal/vedic/vedic_2x2] summary: Elapsed process time [H:MM:SS (secs)]: 0:00:00 (0)
SBY 22:15:59 [opt/formal/vedic/vedic_2x2] summary: engine_0 (smtbmc z3) returned pass for basecase
SBY 22:15:59 [opt/formal/vedic/vedic_2x2] summary: engine_0 (smtbmc z3) returned pass for induction
SBY 22:15:59 [opt/formal/vedic/vedic_2x2] summary: engine_0 did not produce any traces
SBY 22:15:59 [opt/formal/vedic/vedic_2x2] summary: successful proof by k-induction.
SBY 22:15:59 [opt/formal/vedic/vedic_2x2] DONE (PASS, rc=0)
-- vedic_4x4 --
SBY 22:15:59 [opt/formal/vedic/vedic_4x4] Removing directory '/mnt/toshiba4tb/workspace/projects/picorv32/opt/formal/vedic/vedic_4x4'.
SBY 22:15:59 [opt/formal/vedic/vedic_4x4] Copy '/mnt/toshiba4tb/workspace/projects/picorv32/opt/rtl/vedic/vedic_mul_2x2.v' to '/mnt/toshiba4tb/workspace/projects/picorv32/opt/formal/vedic/vedic_4x4/src/vedic_mul_2x2.v'.
SBY 22:15:59 [opt/formal/vedic/vedic_4x4] Copy '/mnt/toshiba4tb/workspace/projects/picorv32/opt/rtl/vedic/vedic_mul_4x4.v' to '/mnt/toshiba4tb/workspace/projects/picorv32/opt/formal/vedic/vedic_4x4/src/vedic_mul_4x4.v'.
SBY 22:15:59 [opt/formal/vedic/vedic_4x4] Copy '/mnt/toshiba4tb/workspace/projects/picorv32/opt/rtl/ksa/ksa_adder.v' to '/mnt/toshiba4tb/workspace/projects/picorv32/opt/formal/vedic/vedic_4x4/src/ksa_adder.v'.
SBY 22:15:59 [opt/formal/vedic/vedic_4x4] Copy '/mnt/toshiba4tb/workspace/projects/picorv32/opt/rtl/csa/csa_cell.v' to '/mnt/toshiba4tb/workspace/projects/picorv32/opt/formal/vedic/vedic_4x4/src/csa_cell.v'.
SBY 22:15:59 [opt/formal/vedic/vedic_4x4] Copy '/mnt/toshiba4tb/workspace/projects/picorv32/opt/formal/vedic/vedic_NxN_formal.sv' to '/mnt/toshiba4tb/workspace/projects/picorv32/opt/formal/vedic/vedic_4x4/src/vedic_NxN_formal.sv'.
SBY 22:15:59 [opt/formal/vedic/vedic_4x4] engine_0: smtbmc z3
SBY 22:15:59 [opt/formal/vedic/vedic_4x4] base: starting process "cd opt/formal/vedic/vedic_4x4/src; yosys -ql ../model/design.log ../model/design.ys"
SBY 22:16:00 [opt/formal/vedic/vedic_4x4] base: finished (returncode=0)
SBY 22:16:00 [opt/formal/vedic/vedic_4x4] prep: starting process "cd opt/formal/vedic/vedic_4x4/model; yosys -ql design_prep.log design_prep.ys"
SBY 22:16:00 [opt/formal/vedic/vedic_4x4] prep: finished (returncode=0)
SBY 22:16:00 [opt/formal/vedic/vedic_4x4] smt2: starting process "cd opt/formal/vedic/vedic_4x4/model; yosys -ql design_smt2.log design_smt2.ys"
SBY 22:16:00 [opt/formal/vedic/vedic_4x4] smt2: finished (returncode=0)
SBY 22:16:00 [opt/formal/vedic/vedic_4x4] engine_0.basecase: starting process "cd opt/formal/vedic/vedic_4x4; yosys-smtbmc -s z3 --presat --noprogress -t 1  --append 0 --dump-vcd engine_0/trace.vcd --dump-vlogtb engine_0/trace_tb.v --dump-smtc engine_0/trace.smtc model/design_smt2.smt2"
SBY 22:16:00 [opt/formal/vedic/vedic_4x4] engine_0.induction: starting process "cd opt/formal/vedic/vedic_4x4; yosys-smtbmc -s z3 --presat -i --noprogress -t 1  --append 0 --dump-vcd engine_0/trace_induct.vcd --dump-vlogtb engine_0/trace_induct_tb.v --dump-smtc engine_0/trace_induct.smtc model/design_smt2.smt2"
SBY 22:16:00 [opt/formal/vedic/vedic_4x4] engine_0.basecase: ##   0:00:00  Solver: z3
SBY 22:16:00 [opt/formal/vedic/vedic_4x4] engine_0.induction: ##   0:00:00  Solver: z3
SBY 22:16:00 [opt/formal/vedic/vedic_4x4] engine_0.basecase: ##   0:00:00  Checking assumptions in step 0..
SBY 22:16:00 [opt/formal/vedic/vedic_4x4] engine_0.induction: ##   0:00:00  Trying induction in step 1..
SBY 22:16:00 [opt/formal/vedic/vedic_4x4] engine_0.basecase: ##   0:00:00  Checking assertions in step 0..
SBY 22:16:00 [opt/formal/vedic/vedic_4x4] engine_0.induction: ##   0:00:00  Temporal induction successful.
SBY 22:16:00 [opt/formal/vedic/vedic_4x4] engine_0.basecase: ##   0:00:00  Status: passed
SBY 22:16:00 [opt/formal/vedic/vedic_4x4] engine_0.induction: ##   0:00:00  Status: passed
SBY 22:16:00 [opt/formal/vedic/vedic_4x4] engine_0.basecase: finished (returncode=0)
SBY 22:16:00 [opt/formal/vedic/vedic_4x4] engine_0.basecase: Status returned by engine for basecase: pass
SBY 22:16:00 [opt/formal/vedic/vedic_4x4] engine_0.induction: finished (returncode=0)
SBY 22:16:00 [opt/formal/vedic/vedic_4x4] engine_0.induction: Status returned by engine for induction: pass
SBY 22:16:00 [opt/formal/vedic/vedic_4x4] summary: Elapsed clock time [H:MM:SS (secs)]: 0:00:00 (0)
SBY 22:16:00 [opt/formal/vedic/vedic_4x4] summary: Elapsed process time [H:MM:SS (secs)]: 0:00:00 (0)
SBY 22:16:00 [opt/formal/vedic/vedic_4x4] summary: engine_0 (smtbmc z3) returned pass for basecase
SBY 22:16:00 [opt/formal/vedic/vedic_4x4] summary: engine_0 (smtbmc z3) returned pass for induction
SBY 22:16:00 [opt/formal/vedic/vedic_4x4] summary: engine_0 did not produce any traces
SBY 22:16:00 [opt/formal/vedic/vedic_4x4] summary: successful proof by k-induction.
SBY 22:16:00 [opt/formal/vedic/vedic_4x4] DONE (PASS, rc=0)
-- vedic_8x8 --
SBY 22:16:00 [opt/formal/vedic/vedic_8x8] Removing directory '/mnt/toshiba4tb/workspace/projects/picorv32/opt/formal/vedic/vedic_8x8'.
SBY 22:16:00 [opt/formal/vedic/vedic_8x8] Copy '/mnt/toshiba4tb/workspace/projects/picorv32/opt/rtl/vedic/vedic_mul_2x2.v' to '/mnt/toshiba4tb/workspace/projects/picorv32/opt/formal/vedic/vedic_8x8/src/vedic_mul_2x2.v'.
SBY 22:16:00 [opt/formal/vedic/vedic_8x8] Copy '/mnt/toshiba4tb/workspace/projects/picorv32/opt/rtl/vedic/vedic_mul_4x4.v' to '/mnt/toshiba4tb/workspace/projects/picorv32/opt/formal/vedic/vedic_8x8/src/vedic_mul_4x4.v'.
SBY 22:16:00 [opt/formal/vedic/vedic_8x8] Copy '/mnt/toshiba4tb/workspace/projects/picorv32/opt/rtl/vedic/vedic_mul_8x8.v' to '/mnt/toshiba4tb/workspace/projects/picorv32/opt/formal/vedic/vedic_8x8/src/vedic_mul_8x8.v'.
SBY 22:16:00 [opt/formal/vedic/vedic_8x8] Copy '/mnt/toshiba4tb/workspace/projects/picorv32/opt/rtl/ksa/ksa_adder.v' to '/mnt/toshiba4tb/workspace/projects/picorv32/opt/formal/vedic/vedic_8x8/src/ksa_adder.v'.
SBY 22:16:00 [opt/formal/vedic/vedic_8x8] Copy '/mnt/toshiba4tb/workspace/projects/picorv32/opt/rtl/csa/csa_cell.v' to '/mnt/toshiba4tb/workspace/projects/picorv32/opt/formal/vedic/vedic_8x8/src/csa_cell.v'.
SBY 22:16:00 [opt/formal/vedic/vedic_8x8] Copy '/mnt/toshiba4tb/workspace/projects/picorv32/opt/formal/vedic/vedic_NxN_formal.sv' to '/mnt/toshiba4tb/workspace/projects/picorv32/opt/formal/vedic/vedic_8x8/src/vedic_NxN_formal.sv'.
SBY 22:16:00 [opt/formal/vedic/vedic_8x8] engine_0: smtbmc z3
SBY 22:16:00 [opt/formal/vedic/vedic_8x8] base: starting process "cd opt/formal/vedic/vedic_8x8/src; yosys -ql ../model/design.log ../model/design.ys"
SBY 22:16:00 [opt/formal/vedic/vedic_8x8] base: finished (returncode=0)
SBY 22:16:00 [opt/formal/vedic/vedic_8x8] prep: starting process "cd opt/formal/vedic/vedic_8x8/model; yosys -ql design_prep.log design_prep.ys"
SBY 22:16:00 [opt/formal/vedic/vedic_8x8] prep: finished (returncode=0)
SBY 22:16:00 [opt/formal/vedic/vedic_8x8] smt2: starting process "cd opt/formal/vedic/vedic_8x8/model; yosys -ql design_smt2.log design_smt2.ys"
SBY 22:16:00 [opt/formal/vedic/vedic_8x8] smt2: finished (returncode=0)
SBY 22:16:00 [opt/formal/vedic/vedic_8x8] engine_0.basecase: starting process "cd opt/formal/vedic/vedic_8x8; yosys-smtbmc -s z3 --presat --noprogress -t 1  --append 0 --dump-vcd engine_0/trace.vcd --dump-vlogtb engine_0/trace_tb.v --dump-smtc engine_0/trace.smtc model/design_smt2.smt2"
SBY 22:16:00 [opt/formal/vedic/vedic_8x8] engine_0.induction: starting process "cd opt/formal/vedic/vedic_8x8; yosys-smtbmc -s z3 --presat -i --noprogress -t 1  --append 0 --dump-vcd engine_0/trace_induct.vcd --dump-vlogtb engine_0/trace_induct_tb.v --dump-smtc engine_0/trace_induct.smtc model/design_smt2.smt2"
SBY 22:16:00 [opt/formal/vedic/vedic_8x8] engine_0.basecase: ##   0:00:00  Solver: z3
SBY 22:16:00 [opt/formal/vedic/vedic_8x8] engine_0.induction: ##   0:00:00  Solver: z3
SBY 22:16:00 [opt/formal/vedic/vedic_8x8] engine_0.basecase: ##   0:00:00  Checking assumptions in step 0..
SBY 22:16:00 [opt/formal/vedic/vedic_8x8] engine_0.induction: ##   0:00:00  Trying induction in step 1..
SBY 22:16:01 [opt/formal/vedic/vedic_8x8] engine_0.basecase: ##   0:00:00  Checking assertions in step 0..
SBY 22:17:00 [opt/formal/vedic/vedic_8x8] engine_0.induction: ##   0:01:00  waiting for solver (1 minute)
SBY 22:17:01 [opt/formal/vedic/vedic_8x8] engine_0.basecase: ##   0:01:00  waiting for solver (1 minute)
SBY 22:17:11 [opt/formal/vedic/vedic_8x8] engine_0.basecase: ##   0:01:10  Status: passed
SBY 22:17:11 [opt/formal/vedic/vedic_8x8] engine_0.basecase: finished (returncode=0)
SBY 22:17:11 [opt/formal/vedic/vedic_8x8] engine_0.basecase: Status returned by engine for basecase: pass
SBY 22:17:18 [opt/formal/vedic/vedic_8x8] engine_0.induction: ##   0:01:17  Temporal induction successful.
SBY 22:17:18 [opt/formal/vedic/vedic_8x8] engine_0.induction: ##   0:01:17  Status: passed
SBY 22:17:18 [opt/formal/vedic/vedic_8x8] engine_0.induction: finished (returncode=0)
SBY 22:17:18 [opt/formal/vedic/vedic_8x8] engine_0.induction: Status returned by engine for induction: pass
SBY 22:17:18 [opt/formal/vedic/vedic_8x8] summary: Elapsed clock time [H:MM:SS (secs)]: 0:01:18 (78)
SBY 22:17:18 [opt/formal/vedic/vedic_8x8] summary: Elapsed process time [H:MM:SS (secs)]: 0:02:28 (148)
SBY 22:17:18 [opt/formal/vedic/vedic_8x8] summary: engine_0 (smtbmc z3) returned pass for basecase
SBY 22:17:18 [opt/formal/vedic/vedic_8x8] summary: engine_0 (smtbmc z3) returned pass for induction
SBY 22:17:18 [opt/formal/vedic/vedic_8x8] summary: engine_0 did not produce any traces
SBY 22:17:18 [opt/formal/vedic/vedic_8x8] summary: successful proof by k-induction.
SBY 22:17:18 [opt/formal/vedic/vedic_8x8] DONE (PASS, rc=0)
=== F2 Vedic 16x16 (run_smtbmc, long) ===
[vedic_16x16] Running Yosys (solver=z3)...
[vedic_16x16] Running SMT basecase (depth=5)...
